A. THE ADMISSIBLE FAMILY AT N = 64: 16 free constants c_j, j odd below N / 2 = 32: [1, 3, 5, 7, 9, 11, 13, 15, 17, 19, 21, 23, 25, 27, 29, 31]
   two rows a x^p and b x^(p + D) at one Node read C (a^2 + b^2) + 2 a b K(D), K(D) = sum c_j cos(2 pi j D / N); the members' kernels at D = 0 .. 8 (of 64):
   j | K_j(0..8)
    1 | +1.000 +0.995 +0.981 +0.957 +0.924 +0.882 +0.831 +0.773 +0.707
    3 | +1.000 +0.957 +0.831 +0.634 +0.383 +0.098 -0.195 -0.471 -0.707
    5 | +1.000 +0.882 +0.556 +0.098 -0.383 -0.773 -0.981 -0.957 -0.707
    7 | +1.000 +0.773 +0.195 -0.471 -0.924 -0.957 -0.556 +0.098 +0.707
    9 | +1.000 +0.634 -0.195 -0.882 -0.924 -0.290 +0.556 +0.995 +0.707
   15 | +1.000 +0.098 -0.981 -0.290 +0.924 +0.471 -0.831 -0.634 +0.707
   31 | +1.000 -0.995 +0.981 -0.957 +0.924 -0.882 +0.831 -0.773 +0.707
   flat mixture (every c_j equal) | +1.000 +0.000 -0.000 +0.000 -0.000 -0.000 -0.000 +0.000 -0.000  (the comb [D = 0] - [D = 32]: phase-blind, R = sum f_p^2)

B. WHAT THE REGISTER READS UNDER EACH MEMBER
   Malus at 22.5 degrees (one polariser; the register's 219 / 256 = 0.8555, record 395; nature cos^2 = 0.8536) and the chain of four at 22.5-degree steps (187 / 256 = 0.7305; nature cos^8 ... the register's chain reads two reads, cos^4 = 0.7286):
   j | one polariser cos^2(j x 22.5 deg) | x 256 | the chain cos^4(j x 22.5 deg) | x 256
    1 | 0.8536 |  218.5 | 0.7286 |  186.5
    3 | 0.1464 |   37.5 | 0.0214 |    5.5
    5 | 0.1464 |   37.5 | 0.0214 |    5.5
    7 | 0.8536 |  218.5 | 0.7286 |  186.5
    9 | 0.8536 |  218.5 | 0.7286 |  186.5
   15 | 0.8536 |  218.5 | 0.7286 |  186.5
   the flat mixture | 0.5000 | 128.0 | 0.2500 | 64.0
   Malus at 22.5 degrees admits j = 1, 7, 9, 15 (j = +-1 mod 8) and excludes j = 3, 5 and every mixture with weight on them above the bracket; at 45 and 90 degrees every member reads 1 / 2 and 0 (NATURE row 9 tests nothing of the harmonics)

   the two slits (record 156's bands, the kernel cos(2 pi D / 64) at 64 steps per 23.5 pixels): the member j has the period 23.5 / j pixels
   j =  1: the fringe period 23.50 pixels  (registered)
   j =  3: the fringe period  7.83 pixels  (excluded by the bands at y = 35 .. 38, 59 .. 61, 82 .. 85)
   j =  5: the fringe period  4.70 pixels  (excluded by the bands at y = 35 .. 38, 59 .. 61, 82 .. 85)
   j =  7: the fringe period  3.36 pixels  (excluded by the bands at y = 35 .. 38, 59 .. 61, 82 .. 85)
   j =  9: the fringe period  2.61 pixels  (below a pixel: no bands)
   j = 15: the fringe period  1.57 pixels  (below a pixel: no bands)
   j = 31: the fringe period  0.76 pixels  (below a pixel: no bands)
   so the two-slit register alone pins j = 1 among the single members, and every Mach-Zehnder and pair world (D in {0, 16, 32}) is blind: K(0) = C, K(16) = 0, K(32) = -C for every member

C. THE RELABELLING: p -> j p is an automorphism of Z_N for gcd(j, N) = 1
   j = 3: the image of Z_64 has 64 elements (a bijection); the member j reads the declared rate n / d as j n / d: Born's member under a relabelled declaration, the same law
   j = 5: the image of Z_64 has 64 elements (a bijection); the member j reads the declared rate n / d as j n / d: Born's member under a relabelled declaration, the same law
   j = 7: the image of Z_64 has 64 elements (a bijection); the member j reads the declared rate n / d as j n / d: Born's member under a relabelled declaration, the same law
   so the physical content of P10 is not 'j = 1' but 'one harmonic, not a mixture': the mixtures are the different laws (the flat one phase-blind)

D. THE RANK OF THE CLICK'S GRAM MATRIX PER MEMBER (the click without amplitudes, note 37 (xii): the weight f^T G f)
   the fundamental alone (Born): rank 2 (one pointer per harmonic: 2 integers of storage per set beside the count vector)
   j = 3 alone: rank 2 (one pointer per harmonic: 2 integers of storage per set beside the count vector)
   j = 1 and 3: rank 4 (one pointer per harmonic: 4 integers of storage per set beside the count vector)
   j = 1, 3, 5: rank 6 (one pointer per harmonic: 6 integers of storage per set beside the count vector)
   the flat mixture, all 16 odd j: rank 32 (one pointer per harmonic: 32 integers of storage per set beside the count vector)
   the least-rank positive form commuting with the rotation and nonzero on a single row is one Galois plane, rank 2: one pointer (X, Y); that is the click as built, and the least computation among the admissible clicks (2 k products per row for k harmonics)
