THE TABLE CLICK'S ZEROS: f nonzero in Z[zeta_N] with the table pointer exactly (0, 0)
   the search: at most 3 rows at distinct phases, amounts 1 to 4, all phases (the rotation is no symmetry of the tables)

N = 64: 64 distinct (C, S) pairs among 64 phases; 0 phases share a pair with an earlier phase
   one row: no table zero (C^2 + S^2 >= 65185 for every table entry)
   two rows (amounts 1 to 4, distinct phases, not an ideal zero): 0 unordered sets (0.0 s)
   three rows (amounts 1 to 4 with gcd 1, distinct phases, not an ideal zero): 0 unordered sets (0.1 s)
   NONE FOUND up to 3 rows at distinct phases with amounts 1 to 4

N = 8192: 1952 distinct (C, S) pairs among 8192 phases; 6240 phases share a pair with an earlier phase
   one row: no table zero (C^2 + S^2 >= 65185 for every table entry)
   two rows (amounts 1 to 4, distinct phases, not an ideal zero): 64368 unordered sets (24.0 s)
      rows ((0, 1), (4094, 1)): tables (X, Y) = (0, 0), the ideal |ev(f)|^2 = 2.353e-06
      rows ((0, 1), (4095, 1)): tables (X, Y) = (0, 0), the ideal |ev(f)|^2 = 5.883e-07
      rows ((0, 1), (4097, 1)): tables (X, Y) = (0, 0), the ideal |ev(f)|^2 = 5.883e-07
      rows ((0, 1), (4098, 1)): tables (X, Y) = (0, 0), the ideal |ev(f)|^2 = 2.353e-06
      rows ((1, 1), (4094, 1)): tables (X, Y) = (0, 0), the ideal |ev(f)|^2 = 5.294e-06
      rows ((1, 1), (4095, 1)): tables (X, Y) = (0, 0), the ideal |ev(f)|^2 = 2.353e-06
   three rows (amounts 1 to 4 with gcd 1, distinct phases, not an ideal zero): 4971336 unordered sets (67.5 s)
      the smallest: rows ((0, 1), (2728, 1), (5460, 1)): tables (X, Y) = (0, 0), the ideal |ev(f)|^2 = 3.136e-06

THE CONVERSE: an ideal zero reads (0, 0) on the tables, always: the kernel of ev on Z[Z_N] (N a power of two)
   is the ideal (1 + x^(N/2)), the antipodal pairs of equal amounts, and C[p + N/2] = -C[p], S[p + N/2] = -S[p]
   exactly for every N (checked below for every power of two from 4 to 65536), so the table reading, Z-linear, kills it.
   antisymmetry exact at every N from 4 to 65536: CONFIRMED
