THE FAN: 290 primitive directions within Manhattan 6; the heading's T_D = 110, c_h = 64/110 = 0.5818, 1 / sqrt 3 = 0.5774

A. THE STATIONARY CROWD OF ONE SOURCE (GAMEBOARD, host arithmetic): shell means of P r^2 and A r over r = 4 .. 14
   the continuum: P = q / (4 pi r^2 c) (rows per Node, dwell 1 / c per Link), A = P r / c = 3 q / (4 pi r): P r^2 = q sqrt 3 / (4 pi), A r = 3 q / (4 pi)
   q = 290: P r^2 = 39.97, A r = 69.23; series E registered k_s r^2 = 41.5 (39.0 to 44.8) at [1, 1] and k_a r = 36.1 (33.1 to 39.2) at [1, 2], i.e. A r = 72.2
   r =  4:  210 Nodes,  210 on a line (100 %), P r^2 =  40.38, A r =  69.30, A / (P r) = 1.716 (sqrt 3 = 1.732)
   r =  5:  350 Nodes,  318 on a line ( 91 %), P r^2 =  38.29, A r =  66.89, A / (P r) = 1.747 (sqrt 3 = 1.732)
   r =  6:  450 Nodes,  282 on a line ( 63 %), P r^2 =  39.36, A r =  68.83, A / (P r) = 1.749 (sqrt 3 = 1.732)
   r =  7:  602 Nodes,  330 on a line ( 55 %), P r^2 =  38.26, A r =  66.28, A / (P r) = 1.733 (sqrt 3 = 1.732)
   r =  8:  762 Nodes,  322 on a line ( 42 %), P r^2 =  44.68, A r =  77.42, A / (P r) = 1.733 (sqrt 3 = 1.732)
   r =  9: 1142 Nodes,  394 on a line ( 35 %), P r^2 =  35.18, A r =  61.11, A / (P r) = 1.737 (sqrt 3 = 1.732)
   r = 10: 1250 Nodes,  394 on a line ( 32 %), P r^2 =  41.60, A r =  72.56, A / (P r) = 1.744 (sqrt 3 = 1.732)
   r = 11: 1458 Nodes,  386 on a line ( 26 %), P r^2 =  37.35, A r =  64.75, A / (P r) = 1.734 (sqrt 3 = 1.732)
   r = 12: 1814 Nodes,  362 on a line ( 20 %), P r^2 =  42.87, A r =  74.05, A / (P r) = 1.727 (sqrt 3 = 1.732)
   r = 13: 2178 Nodes,  418 on a line ( 19 %), P r^2 =  38.49, A r =  66.86, A / (P r) = 1.737 (sqrt 3 = 1.732)
   r = 14: 2498 Nodes,  422 on a line ( 17 %), P r^2 =  39.07, A r =  67.86, A / (P r) = 1.737 (sqrt 3 = 1.732)
   the means over r = 4 .. 14: P r^2 = 39.59, A r = 68.72 (the register's 41.5 and 72.2): the lines are the engine's, the shell means the register's
   the comb: beyond r = 6 most Nodes of a shell lie on no line; the shell mean is the continuum's 1 / r^2 and 1 / r, a single Node reads a line or nothing

B. THE ROW ON (1, 0, 0) AT b = 6: what it reads at every Node of its line (GAMEBOARD, the crowd of one unit per direction per interval)
   dx | P (presence) | A (age moment) | V = (V_x, V_y) (the arrival flow, label units) | dA/dy across the line (the six neighbours) | -3 V_y / Q | continuum: P, A, V_y, dA/dy
   -24 |   1 |   43 | (  -62,    16) |  -42.50 |   -0.75 |  0.07,   2.80,    0.6,  -0.03
   -20 |   2 |   71 | (  -61,    20) |  -17.00 |   -0.94 |  0.09,   3.32,    1.0,  -0.05
   -16 |   0 |    0 | (    0,     0) |  -14.50 |    0.00 |  0.14,   4.05,    1.8,  -0.08
   -12 |   1 |   23 | (  -57,    29) |    0.00 |   -1.36 |  0.22,   5.16,    3.7,  -0.17
    -8 |   2 |   35 | (  -53,    36) |    1.00 |   -1.69 |  0.40,   6.92,    8.9,  -0.42
    -4 |   2 |   25 | (  -36,    53) |    8.50 |   -2.48 |  0.77,   9.60,   23.6,  -1.11
     0 |   2 |   21 | (    0,    64) |   -2.50 |   -3.00 |  1.11,  11.54,   41.0,  -1.92
     4 |   2 |   25 | (   36,    53) |    8.50 |   -2.48 |  0.77,   9.60,   23.6,  -1.11
     8 |   2 |   35 | (   53,    36) |    1.00 |   -1.69 |  0.40,   6.92,    8.9,  -0.42
    12 |   1 |   23 | (   57,    29) |    0.00 |   -1.36 |  0.22,   5.16,    3.7,  -0.17
    16 |   0 |    0 | (    0,     0) |  -14.50 |    0.00 |  0.14,   4.05,    1.8,  -0.08
    20 |   2 |   71 | (   61,    20) |  -17.00 |   -0.94 |  0.09,   3.32,    1.0,  -0.05
    24 |   1 |   43 | (   62,    16) |  -42.50 |   -0.75 |  0.07,   2.80,    0.6,  -0.03
   the lattice's identity V = -(Q / 3) grad A (5.1 with c^2 = 1 / 3): the ratio (-3 V_y / Q) / (dA/dy) over the line's Nodes with both nonzero, mean -0.340 (1.000 in the continuum; the ripple the digital lines')

B. THE ROW ON (1, 0, 0) AT b = 3: what it reads at every Node of its line (GAMEBOARD, the crowd of one unit per direction per interval)
   dx | P (presence) | A (age moment) | V = (V_x, V_y) (the arrival flow, label units) | dA/dy across the line (the six neighbours) | -3 V_y / Q | continuum: P, A, V_y, dA/dy
   -24 |   0 |    0 | (    0,     0) |    0.00 |    0.00 |  0.07,   2.86,    0.3,  -0.01
   -20 |   0 |    0 | (    0,     0) |   35.50 |    0.00 |  0.10,   3.42,    0.5,  -0.03
   -16 |   1 |   28 | (  -63,    13) |   28.50 |   -0.61 |  0.15,   4.25,    1.0,  -0.05
   -12 |   2 |   43 | (  -62,    16) |   -9.50 |   -0.75 |  0.26,   5.60,    2.3,  -0.11
    -8 |   1 |   15 | (  -61,    20) |  -19.50 |   -0.94 |  0.55,   8.10,    7.1,  -0.33
    -4 |   3 |   26 | (  -98,    81) |   -6.50 |   -3.80 |  1.60,  13.85,   35.4,  -1.66
     0 |   6 |   29 | (    0,   190) |  -15.00 |   -8.91 |  4.44,  23.08,  164.1,  -7.69
     4 |   3 |   26 | (   98,    81) |   -6.50 |   -3.80 |  1.60,  13.85,   35.4,  -1.66
     8 |   1 |   15 | (   61,    20) |  -19.50 |   -0.94 |  0.55,   8.10,    7.1,  -0.33
    12 |   2 |   43 | (   62,    16) |   -9.50 |   -0.75 |  0.26,   5.60,    2.3,  -0.11
    16 |   1 |   28 | (   63,    13) |   28.50 |   -0.61 |  0.15,   4.25,    1.0,  -0.05
    20 |   0 |    0 | (    0,     0) |   35.50 |    0.00 |  0.10,   3.42,    0.5,  -0.03
    24 |   0 |    0 | (    0,     0) |    0.00 |    0.00 |  0.07,   2.86,    0.3,  -0.01
   the lattice's identity V = -(Q / 3) grad A (5.1 with c^2 = 1 / 3): the ratio (-3 V_y / Q) / (dA/dy) over the line's Nodes with both nonzero, mean -0.023 (1.000 in the continuum; the ripple the digital lines')

C. ONE LINE OF THE FAN, EACH LINE THAT CROSSES THE ROW'S LINE AT b = 6 (dx from -26 to 26): the Link, the dwell, the ages, the label, its transverse part
   the row reads per crossing: presence = the dwell, age moment = the sum of the ages, flow = u_d once (the arrival); the turn per crossing under the age word: f (n / d) (T_D / Q^2) u_y radians toward -u_y (the design's verb 2)
   dx =  -6: D = (-1, 1, 0), Link 12, the ages [15] (dwell 1, the age moment 15), u_d = (-45, 45, 0), u_y =  45, T_D = 156
   dx =  -4: D = (-2, 3, 0), Link 10, the ages [12, 13] (dwell 2, the age moment 25), u_d = (-36, 53, 0), u_y =  53, T_D = 399
   dx =  -3: D = (-1, 2, 0), Link  9, the ages [11, 12] (dwell 2, the age moment 23), u_d = (-29, 57, 0), u_y =  57, T_D = 247
   dx =  -2: D = (-1, 3, 0), Link  8, the ages [11] (dwell 1, the age moment 11), u_d = (-20, 61, 0), u_y =  61, T_D = 350
   dx =  -2: D = (-1, 4, 0), Link  8, the ages [11, 12] (dwell 2, the age moment 23), u_d = (-16, 62, 0), u_y =  62, T_D = 457
   dx =  -1: D = (-1, 4, 0), Link  7, the ages [10] (dwell 1, the age moment 10), u_d = (-16, 62, 0), u_y =  62, T_D = 457
   dx =  -1: D = (-1, 5, 0), Link  7, the ages [10, 11] (dwell 2, the age moment 21), u_d = (-13, 63, 0), u_y =  63, T_D = 565
   dx =   0: D = (0, 1, 0), Link  6, the ages [10, 11] (dwell 2, the age moment 21), u_d = (0, 64, 0), u_y =  64, T_D = 110
   dx =   1: D = (1, 4, 0), Link  7, the ages [10] (dwell 1, the age moment 10), u_d = (16, 62, 0), u_y =  62, T_D = 457
   dx =   1: D = (1, 5, 0), Link  7, the ages [10, 11] (dwell 2, the age moment 21), u_d = (13, 63, 0), u_y =  63, T_D = 565
   dx =   2: D = (1, 3, 0), Link  8, the ages [11] (dwell 1, the age moment 11), u_d = (20, 61, 0), u_y =  61, T_D = 350
   dx =   2: D = (1, 4, 0), Link  8, the ages [11, 12] (dwell 2, the age moment 23), u_d = (16, 62, 0), u_y =  62, T_D = 457
   dx =   3: D = (1, 2, 0), Link  9, the ages [11, 12] (dwell 2, the age moment 23), u_d = (29, 57, 0), u_y =  57, T_D = 247
   dx =   4: D = (2, 3, 0), Link 10, the ages [12, 13] (dwell 2, the age moment 25), u_d = (36, 53, 0), u_y =  53, T_D = 399
   ... 47 crossings on the line at b = 6; the sum of u_y over them 1670 (every one positive: away from the mass, the turn toward it); the sum of the age moments 1649

C. ONE LINE OF THE FAN, EACH LINE THAT CROSSES THE ROW'S LINE AT b = 3 (dx from -26 to 26): the Link, the dwell, the ages, the label, its transverse part
   the row reads per crossing: presence = the dwell, age moment = the sum of the ages, flow = u_d once (the arrival); the turn per crossing under the age word: f (n / d) (T_D / Q^2) u_y radians toward -u_y (the design's verb 2)
   dx =  -6: D = (-2, 1, 0), Link  9, the ages [11, 12] (dwell 2, the age moment 23), u_d = (-57, 29, 0), u_y =  29, T_D = 247
   dx =  -5: D = (-3, 2, 0), Link  8, the ages [10] (dwell 1, the age moment 10), u_d = (-53, 36, 0), u_y =  36, T_D = 399
   dx =  -5: D = (-2, 1, 0), Link  8, the ages [10] (dwell 1, the age moment 10), u_d = (-57, 29, 0), u_y =  29, T_D = 247
   dx =  -4: D = (-3, 2, 0), Link  7, the ages [9] (dwell 1, the age moment 9), u_d = (-53, 36, 0), u_y =  36, T_D = 399
   dx =  -4: D = (-1, 1, 0), Link  7, the ages [8, 9] (dwell 2, the age moment 17), u_d = (-45, 45, 0), u_y =  45, T_D = 156
   dx =  -3: D = (-1, 1, 0), Link  6, the ages [7] (dwell 1, the age moment 7), u_d = (-45, 45, 0), u_y =  45, T_D = 156
   dx =  -2: D = (-2, 3, 0), Link  5, the ages [6] (dwell 1, the age moment 6), u_d = (-36, 53, 0), u_y =  53, T_D = 399
   dx =  -2: D = (-1, 2, 0), Link  5, the ages [6, 7] (dwell 2, the age moment 13), u_d = (-29, 57, 0), u_y =  57, T_D = 247
   dx =  -1: D = (-1, 2, 0), Link  4, the ages [5] (dwell 1, the age moment 5), u_d = (-29, 57, 0), u_y =  57, T_D = 247
   dx =  -1: D = (-1, 3, 0), Link  4, the ages [5, 6] (dwell 2, the age moment 11), u_d = (-20, 61, 0), u_y =  61, T_D = 350
   dx =  -1: D = (-1, 4, -1), Link  4, the ages [5] (dwell 1, the age moment 5), u_d = (-15, 60, -15), u_y =  60, T_D = 470
   dx =  -1: D = (-1, 4, 0), Link  4, the ages [5, 6] (dwell 2, the age moment 11), u_d = (-16, 62, 0), u_y =  62, T_D = 457
   dx =  -1: D = (-1, 4, 1), Link  4, the ages [5] (dwell 1, the age moment 5), u_d = (-15, 60, 15), u_y =  60, T_D = 470
   dx =  -1: D = (-1, 5, 0), Link  4, the ages [6] (dwell 1, the age moment 6), u_d = (-13, 63, 0), u_y =  63, T_D = 565
   ... 63 crossings on the line at b = 3; the sum of u_y over them 2110 (every one positive: away from the mass, the turn toward it); the sum of the age moments 1281

D. THE DEFLECTION PER LINK AND ITS SUM ALONG THE PATH, UNDER EACH WORD (derived; k = (n / d) x the count at the Node)
   closed forms (the continuum, one source of q rows per interval on the full fan, the path from x = -L to +L, L = 26):
   the age word as light's index, n = 1 + f k_a, k_a = (n / d) A, A = 3 q / (4 pi r):
     the turn per Link  d theta / dl = f grad_perp k_a = f k_a(b) b / (b^2 + x^2)^(3 / 2)
     the sum             theta = 2 f k_a(b) L / sqrt(L^2 + b^2)  ->  2 f k_a(b) as L -> infinity: the form M / b; f = 1 Newton's half, f = 2 Einstein's
     the delay per Link  f k_a(x) / c intervals per Link beyond the flight's;  the sum (f k_a(b) b / c) 2 asinh(L / b) = (f k_a(b) b / c) ln(4 L^2 / b^2) (1 + O(b^2 / L^2)): Shapiro's logarithm
   the presence word as light's index, n = 1 + f k_s, k_s = (n / d) P, P = q / (4 pi c r^2):
     the turn per Link  f grad_perp k_s = 2 f k_s(b) b^2 / (b^2 + x^2)^2;  the sum -> pi f k_s(b): the form M / b^2, NOT nature's
     the delay           (f k_s(b) b / c) x pi: the form M / b, NOT Shapiro's logarithm
   the flow's transverse part (the meeting's reading, the first moment): V_perp = q Q b / (4 pi r^3) = -(Q / 3) dA / dy exactly (5.1): the SAME integrand as the age word's turn; a grain constant in place of f (n / d)

   b = 6 (per unit of n / d, f = 1; the crowd of one unit per direction per interval; A(b) on the lattice 21, the continuum's 11.5; P(b) 2, the continuum's 1.11):
     the age word:      the lattice turn via the flow, sum 3 V_y / Q over the path    78.28 rad; the closed form 2 k_a(b) L / sqrt(L^2 + b^2) =    22.49 (2 k_a(b) = 23.08); the neighbour difference -dA/dy summed   331.50 (not a field at this fan: the six neighbours lie on other lines or none)
     the presence word: the neighbour difference -dP/dy summed    12.50 (the same comb); the closed form pi k_s(b) ~     3.49
     the delay, the age word: sum A(x) / c_h =   2834.2 interval per unit n / d; the closed form (k_a(b) b / c) 2 asinh(L / b) =    521.0
     the delay, the presence word: sum P(x) / c_h =    116.9; the closed form pi k_s(b) b / c x (finite) ~     36.2
   b = 3 (per unit of n / d, f = 1; the crowd of one unit per direction per interval; A(b) on the lattice 29, the continuum's 23.1; P(b) 6, the continuum's 4.44):
     the age word:      the lattice turn via the flow, sum 3 V_y / Q over the path    98.91 rad; the closed form 2 k_a(b) L / sqrt(L^2 + b^2) =    45.85 (2 k_a(b) = 46.15); the neighbour difference -dA/dy summed  -420.00 (not a field at this fan: the six neighbours lie on other lines or none)
     the presence word: the neighbour difference -dP/dy summed    10.50 (the same comb); the closed form pi k_s(b) ~    13.95
     the delay, the age word: sum A(x) / c_h =   2201.7 interval per unit n / d; the closed form (k_a(b) b / c) 2 asinh(L / b) =    684.9
     the delay, the presence word: sum P(x) / c_h =    151.2; the closed form pi k_s(b) b / c x (finite) ~     72.5
   the b exponent from 6 to 3, the one number that decides light's word in the continuum: the age word's deflection doubles (1 / b), the presence word's quadruples (1 / b^2)
     on the lattice at series K's fan the flow sums give 1.26 from b = 6 to 3 (the register under the meeting: -2.30 at b = 3 against -1.79 at b = 6, DETECTOR; the offline flight -2.6 against -3.0): the beam lies in the mass's plane, section E

E. SERIES K RE-READ UNDER EACH CANDIDATE (the map; no run)
   the registered worlds declare suspension 0: k = 0 under every word, the register's 0.000 pixel and 0.00 interval stand byte for byte under every candidate
   the pin world (optical-v1's must-fix 7): the mass x 16 (16 units per direction per interval), the pair [1, 4096]; the lamp at (-26, b), the screen 26 Links past the mass; the turn read from the flow at every interval the row dwells (the design's verb 2), the delay from A at every such interval (verb 1)
   world | M | b | k_a(b) lattice (the design's shell-mean 0.0445, 0.0887, 0.0887) | the deflection, rad: f = 1 | f = 2 | the centroid's shift, pixels: f = 1 | f = 2 (DETECTOR if run; the bracket 0.5) | the delay, intervals: f = 1 | f = 2 (the mean age 89.40 registered; the bracket 1) | the lamp's clock rate under the age word, GAMEBOARD
   the pair [1, 4096]:
   mass  | 2^16 | 6 | 0.0820 | 0.2968 | 0.5935 | -7.72 | -15.43 | 10.73 | 21.45 | 0.7378
   heavy | 2^17 | 6 | 0.1641 | 0.5935 | 1.1871 | -15.43 | -30.86 | 21.45 | 42.91 | 0.5845
   near  | 2^16 | 3 | 0.1133 | 0.3716 | 0.7431 | -9.66 | -19.32 | 8.68 | 17.36 | 1.0000
   the pair [1, 16384]:
   mass  | 2^16 | 6 | 0.0205 | 0.0742 | 0.1484 | -1.93 | -3.86 | 2.68 | 5.36 | 0.9184
   heavy | 2^17 | 6 | 0.0410 | 0.1484 | 0.2968 | -3.86 | -7.72 | 5.36 | 10.73 | 0.8491
   near  | 2^16 | 3 | 0.0283 | 0.0929 | 0.1858 | -2.42 | -4.83 | 2.17 | 4.34 | 1.0000
   at [1, 4096] the turn is 0.3 to 0.8 radian, whole fan steps of 2.4 degrees by the dozen, outside the small-angle form; the pair [1, 16384] keeps every shift above the 0.5-pixel bracket and every delay above the 1-interval bracket at angles below 0.2 radian: the pin this note recommends
   under the clock's word alone (record 394, the flight blind): 0.000 pixel and 0.00 interval in every world, the register's numbers
   under the age word for light alone (the clock keeping the presence): the same light numbers; the clock rows of NATURE 12 FAIL as registered

   THE BEAM'S PLANE: the in-plane lines of the fan (c = 0) never leave z = 0 and each crosses the row's line once whatever b; a line with c != 0 visits z = 0 only in its first Links
   48 of 290 directions lie in the plane z = 0
   the row's line moved off the mass's plane, the same 53 Nodes of path: the crossings, the sum of the transverse label |u_perp| (the turn's integrand) and of A (the delay's)
   (y, z) = (6, 0), the distance 6.00:  47 crossings, sum |u_perp| =  1670.0, sum A =  1649; the isotropic continuum's sum |u_perp| =   479.7
   (y, z) = (6, 1), the distance 6.08:   4 crossings, sum |u_perp| =   252.1, sum A =    53; the isotropic continuum's sum |u_perp| =   472.9
   (y, z) = (6, 2), the distance 6.32:   6 crossings, sum |u_perp| =   357.8, sum A =   106; the isotropic continuum's sum |u_perp| =   453.8
   (y, z) = (3, 0), the distance 3.00:  63 crossings, sum |u_perp| =  2120.0, sum A =  1281; the isotropic continuum's sum |u_perp| =   978.1
   (y, z) = (3, 1), the distance 3.16:  20 crossings, sum |u_perp| =  1090.1, sum A =   157; the isotropic continuum's sum |u_perp| =   927.3
   (y, z) = (4, 4), the distance 5.66:  27 crossings, sum |u_perp| =   946.1, sum A =   620; the isotropic continuum's sum |u_perp| =   510.2
   (y, z) = (2, 5), the distance 5.39:  18 crossings, sum |u_perp| =   945.6, sum A =   240; the isotropic continuum's sum |u_perp| =   537.1
   in the mass's plane the lattice reads 3 to 4 times the isotropic sum and nearly the same at b = 3 as at 6; one Node off the plane it reads a tenth of it: at this fan (P = 6) the row's reading is the comb of the in-plane lines, not the 1 / b field; the field needs P >> r (the dense fan of 3.2's limit)

   THE SUN: k = G M / (R c^2) = 2.122e-06 at the limb; the bending 2 f k: f = 1 0.8756 arcsec (Newton 1801, Soldner), f = 2 1.7512 arcsec (Einstein 1915; Dyson, Eddington and Davidson 1920 1.98 +- 0.16 and 1.61 +- 0.40; VLBI gamma = 0.99992 +- 0.00012, Lambert and Le Poncin-Lafitte 2011, to verify against the source)
   PPN gamma = f - 1: the six verbs with one word give f = 1, gamma = 0; nature gamma = 1 to 1.2 x 10^-4: f = 2 is an input
