# 1. The quark rows of the family table (PDG 2024; one unit = the electron's content)
flavour | mass (MeV) | mass / m_e | units (nearest) | whole charge (e = 7344) | rho per unit of content (reduced pair)
u | 2.16 | 4.2270 | 4 | 4896/1 = 4896 | (1224, 1)
d | 4.7 | 9.1977 | 9 | -2448/1 = -2448 | (-272, 1)
s | 93.5 | 182.9749 | 183 | -2448/1 = -2448 | (-816, 61)
c | 1273.0 | 2491.1989 | 2491 | 4896/1 = 4896 | (4896, 2491)
b | 4183.0 | 8185.9268 | 8186 | -2448/1 = -2448 | (-1224, 4093)
t | 172570.0 | 337711.0657 | 337711 | 4896/1 = 4896 | (4896, 337711)
the proton's row for comparison: 1836 units, whole charge 7344, rho (4, 1); m_p / m_e = 1836.15267; m_n / m_e = 1838.68366; (m_n - m_p) / m_e = 2.5310
the sum of the quark masses of a proton u u d: 9.02 MeV = 0.96 % of the proton; of a neutron u d d: 11.56 MeV = 1.23 % of the neutron

## The fraction-free column scale Lambda (the lcm of the charge denominators; refused above 2^31 - 1)
u+d: Lambda = 1 (admitted; Lambda^2 = 1.000e+00)
u+d+s: Lambda = 61 (admitted; Lambda^2 = 3.721e+03)
u+d+s+c: Lambda = 151,951 (admitted; Lambda^2 = 2.309e+10)
u+d+s+c+b: Lambda = 621,935,443 (admitted; Lambda^2 = 3.868e+17)
u+d+s+c+b+t: Lambda = 210,034,440,390,973 (REFUSED at load; Lambda^2 = 4.411e+28)

## The transformations of the weak force at the quark level: the content R the W (or the beta) carries
(the charge balance of note 36 (iii): rho_into x (M - R) + c_W = rho_from x M, so R = M_from - M_into)
d -> u + W: R = 9 - 4 = 5 units; the W's whole charge -7344; payable
s -> u + W: R = 183 - 4 = 179 units; the W's whole charge -7344; payable
c -> s + W: R = 2491 - 183 = 2308 units; the W's whole charge 7344; payable
b -> c + W: R = 8186 - 2491 = 5695 units; the W's whole charge -7344; payable
t -> b + W: R = 337711 - 8186 = 329525 units; the W's whole charge 7344; payable
u -> d + W: R = 4 - 9 = -5 units; the W's whole charge 7344; REFUSED (R below 1: the body would have to gain content, which no become does)
the register's neutron (series J): n 1839 -> p 1836 with the beta's content 3 = 1839 - 1836, the same balance at the nucleon level

# 2. The push between two quark bodies (u: 4 units + 1 glue; d: 9 units + 1 glue; release [1, 1]; the 290 fan)
u: held {'u': 4, 'glue': 1}: M 5, Q (4896, 1), G (10000, 1); Q^2 23,970,816; G^2 + M^2 100,000,025
d: held {'d': 9, 'glue': 1}: M 10, Q (-2448, 1), G (10000, 1); Q^2 5,992,704; G^2 + M^2 100,000,100
the symmetric form within the reach: push on A from B = (Q_A Q_B - G_A G_B - M_A M_B) x U(r) per unit per direction
(a negative x component on a reader at (r, 0, 0) is toward the emitter: attraction)

## The delivery U per unit per direction at L = 3 (the 290 fan): the label sum at the Node
  (1, 0, 0) L 1: 57 lines, U (3008, 0, 0)
  (1, 0, 0) L 2: 57 lines, U (3008, 0, 0)
  (1, 0, 0) L 3: 57 lines, U (3008, 0, 0)
  (1, 0, 0) L None: 57 lines, U (3008, 0, 0)
  (0, 1, 0) L 1: 47 lines, U (0, 2598, 0)
  (0, 1, 0) L 2: 47 lines, U (0, 2598, 0)
  (0, 1, 0) L 3: 47 lines, U (0, 2598, 0)
  (0, 1, 0) L None: 47 lines, U (0, 2598, 0)
  (0, 0, 1) L 1: 41 lines, U (0, 0, 2336)
  (0, 0, 1) L 2: 41 lines, U (0, 0, 2336)
  (0, 0, 1) L 3: 41 lines, U (0, 0, 2336)
  (0, 0, 1) L None: 41 lines, U (0, 0, 2336)
  (1, 1, 0) L 1: 0 lines, U (0, 0, 0)
  (1, 1, 0) L 2: 23 lines, U (890, 980, 0)
  (1, 1, 0) L 3: 24 lines, U (910, 1041, 0)
  (1, 1, 0) L None: 24 lines, U (910, 1041, 0)
  (0, 1, 1) L 1: 0 lines, U (0, 0, 0)
  (0, 1, 1) L 2: 11 lines, U (0, 476, 476)
  (0, 1, 1) L 3: 12 lines, U (0, 496, 537)
  (0, 1, 1) L None: 12 lines, U (0, 496, 537)
  (2, 0, 0) L 1: 0 lines, U (0, 0, 0)
  (2, 0, 0) L 2: 4 lines, U (240, 0, 0)
  (2, 0, 0) L 3: 17 lines, U (1048, 0, 0)
  (2, 0, 0) L None: 17 lines, U (1048, 0, 0)
  (0, 2, 0) L 1: 0 lines, U (0, 0, 0)
  (0, 2, 0) L 2: 0 lines, U (0, 0, 0)
  (0, 2, 0) L 3: 11 lines, U (0, 686, 0)
  (0, 2, 0) L None: 11 lines, U (0, 686, 0)
  (1, 1, 1) L 1: 0 lines, U (0, 0, 0)
  (1, 1, 1) L 2: 0 lines, U (0, 0, 0)
  (1, 1, 1) L 3: 10 lines, U (316, 350, 384)
  (1, 1, 1) L None: 10 lines, U (316, 350, 384)
  (2, 1, 0) L 1: 0 lines, U (0, 0, 0)
  (2, 1, 0) L 2: 0 lines, U (0, 0, 0)
  (2, 1, 0) L 3: 4 lines, U (218, 106, 0)
  (2, 1, 0) L None: 11 lines, U (616, 282, 0)
  (3, 0, 0) L 1: 0 lines, U (0, 0, 0)
  (3, 0, 0) L 2: 0 lines, U (0, 0, 0)
  (3, 0, 0) L 3: 0 lines, U (0, 0, 0)
  (3, 0, 0) L None: 5 lines, U (316, 0, 0)
(the flight table breaks the tie of a direction's first step in axis order, x first: the six neighbours are not equivalent at one Link)

## The pair table: the push on the reader per interval, electric alone (sigma 0) and with sigma 10000; L = 3
pair | Node | sigma 0: push (parts electric, gravity) | sigma 10000: push | strong part
uu | (1, 0, 0) | (72104139328, 0, 0) | (-228695860672, 0, 0) | glue (-300800015040, 0, 0)
uu | (1, 1, 0) | (21813419810, 24953593431, 0) | (-69186580190, -79146406569, 0) | glue (-91000004550, -104100005205, 0)
uu | (2, 0, 0) | (25121388968, 0, 0) | (-79678611032, 0, 0) | glue (-104800005240, 0, 0)
uu | (3, 0, 0) | (7574771536, 0, 0) | (7574771536, 0, 0) | glue (0, 0, 0)
ud | (1, 0, 0) | (-36052257664, 0, 0) | (-336852257664, 0, 0) | glue (-300800015040, 0, 0)
ud | (1, 1, 0) | (-10906766780, -12476861778, 0) | (-101906766780, -116576861778, 0) | glue (-91000004550, -104100005205, 0)
ud | (2, 0, 0) | (-12560759984, 0, 0) | (-117360759984, 0, 0) | glue (-104800005240, 0, 0)
ud | (3, 0, 0) | (-3787403148, 0, 0) | (-3787403148, 0, 0) | glue (0, 0, 0)
dd | (1, 0, 0) | (18025752832, 0, 0) | (-282774247168, 0, 0) | glue (-300800030080, 0, 0)
dd | (1, 1, 0) | (5453269640, 6238300764, 0) | (-85546730360, -97861699236, 0) | glue (-91000009100, -104100010410, 0)
dd | (2, 0, 0) | (6280248992, 0, 0) | (-98519751008, 0, 0) | glue (-104800010480, 0, 0)
dd | (3, 0, 0) | (1893666024, 0, 0) | (1893666024, 0, 0) | glue (0, 0, 0)

## The least strong value that binds each pair at one Link: G^2 + M_A M_B > Q_A Q_B
uu: Q_A Q_B = 23,970,816, M_A M_B = 25; the least whole sigma (one glue unit each): 4896 (needed)
ud: Q_A Q_B = -11,985,408, M_A M_B = 50; the least whole sigma (one glue unit each): 0 (binds electrically already)
dd: Q_A Q_B = 5,992,704, M_A M_B = 100; the least whole sigma (one glue unit each): 2448 (needed)
for comparison the register's two protons at one Link need G > 7111 with G = 10000 declared; the ratio G^2 / Q_u^2 for the quarks at sigma 10000 is 4.17 (the nucleons' 1.85)

# 3. The shapes of a nucleon of three quark bodies at L = 3 (sigma 10000; width S = 2^37)
## proton line u d u (the odd quark in the middle)
  u0 at (0, 0, 0): push (416530868696, 0, 0) (electric alone (10930868696, 0, 0))
  d1 at (1, 0, 0): push (0, 0, 0) (electric alone (0, 0, 0))
  u2 at (2, 0, 0): push (-416530868696, 0, 0) (electric alone (-10930868696, 0, 0))
  inward on every body: True (electric alone: True); the net push on the set per interval (the third-law gap of the fans) (0, 0, 0)
  the toy over 3000 intervals: {'escaped': None, 'steps': 0, 'first_step': None, 'contacts': 412, 'largest_handed': 6664493899136, 'largest_label': 6664493899136, 'largest_spread': 2.0, 'final': {'u0': (0, 0, 0), 'd1': (1, 0, 0), 'u2': (2, 0, 0)}}
## proton line u u d (the odd quark at an end)
  u0 at (0, 0, 0): push (346056620656, 0, 0) (electric alone (-59543379344, 0, 0))
  u1 at (1, 0, 0): push (108156396992, 0, 0) (electric alone (108156396992, 0, 0))
  d2 at (2, 0, 0): push (-454213017648, 0, 0) (electric alone (-48613017648, 0, 0))
  inward on every body: False (electric alone: False); the net push on the set per interval (the third-law gap of the fans) (0, 0, 0)
  the toy over 3000 intervals: {'escaped': None, 'steps': 0, 'first_step': None, 'contacts': 419, 'largest_handed': 9538473370608, 'largest_label': 9538473370608, 'largest_spread': 2.0, 'final': {'u0': (0, 0, 0), 'u1': (1, 0, 0), 'd2': (2, 0, 0)}}
## proton corner u d u (d at the corner)
  u0 at (0, 0, 0): push (406038837854, 79146406569, 0) (electric alone (14238837854, -24953593431, 0))
  d1 at (1, 0, 0): push (-336852257664, 290938219884, 0) (electric alone (-36052257664, 31138219884, 0))
  u2 at (1, 1, 0): push (-69186580190, -370084626453, 0) (electric alone (21813419810, -6184626453, 0))
  inward on every body: True (electric alone: False); the net push on the set per interval (the third-law gap of the fans) (0, 0, 0)
  the toy over 3000 intervals: {'escaped': (218, 'u2'), 'steps': 659, 'first_step': (34, 'u0'), 'contacts': 11, 'largest_handed': 8265870625896, 'largest_label': 8265870625896, 'largest_spread': 438.54, 'final': {'u0': (-8, 35, 0), 'd1': (131, -89, 0), 'u2': (-243, 140, 0)}}
## proton corner d u u (d at an arm)
  d0 at (0, 0, 0): push (438759024444, 116576861778, 0) (electric alone (46959024444, 12476861778, 0))
  u1 at (1, 0, 0): push (-336852257664, 197523884982, 0) (electric alone (-36052257664, -62276115018, 0))
  u2 at (1, 1, 0): push (-101906766780, -314100746760, 0) (electric alone (-10906766780, 49799253240, 0))
  inward on every body: True (electric alone: False); the net push on the set per interval (the third-law gap of the fans) (0, 0, 0)
  the toy over 3000 intervals: {'escaped': (185, 'u2'), 'steps': 890, 'first_step': (30, 'u2'), 'contacts': 20, 'largest_handed': 7920283502508, 'largest_label': 7920283502508, 'largest_spread': 547.44, 'final': {'d0': (-62, 46, 0), 'u1': (-148, -218, 0), 'u2': (260, 147, 0)}}
## proton triangle u u d (the face-diagonal sublattice, mutual sqrt 2)
  u0 at (1, 1, 0): push (-46833992744, -55544787168, 126813807239) (electric alone (14766007256, -5944787168, -14586192761))
  u1 at (0, 1, 1): push (148740759524, -116576861778, -66677616293) (electric alone (-3859240476, -12476861778, 21022383707))
  d2 at (1, 0, 1): push (-101906766780, 172121648946, -60136190946) (electric alone (-10906766780, 18421648946, -6436190946))
  inward on every body: True (electric alone: False); the net push on the set per interval (the third-law gap of the fans) (0, 0, 0)
  the toy over 3000 intervals: {'escaped': (200, 'u0'), 'steps': 608, 'first_step': (25, 'u1'), 'contacts': 4, 'largest_handed': 4740345553451, 'largest_label': 5342490244806, 'largest_spread': 317.25, 'final': {'u0': (-69, -38, 197), 'u1': (113, -7, -61), 'd2': (-22, 23, -72)}}
## neutron line d u d (the odd quark in the middle)
  d0 at (0, 0, 0): push (435372008672, 0, 0) (electric alone (29772008672, 0, 0))
  u1 at (1, 0, 0): push (0, 0, 0) (electric alone (0, 0, 0))
  d2 at (2, 0, 0): push (-435372008672, 0, 0) (electric alone (-29772008672, 0, 0))
  inward on every body: True (electric alone: True); the net push on the set per interval (the third-law gap of the fans) (0, 0, 0)
  the toy over 3000 intervals: {'escaped': None, 'steps': 0, 'first_step': None, 'contacts': 319, 'largest_handed': 9142812182112, 'largest_label': 9142812182112, 'largest_spread': 2.0, 'final': {'d0': (0, 0, 0), 'u1': (1, 0, 0), 'd2': (2, 0, 0)}}
## neutron line d d u (the odd quark at an end)
  d0 at (0, 0, 0): push (400135007152, 0, 0) (electric alone (-5464992848, 0, 0))
  d1 at (1, 0, 0): push (54078010496, 0, 0) (electric alone (54078010496, 0, 0))
  u2 at (2, 0, 0): push (-454213017648, 0, 0) (electric alone (-48613017648, 0, 0))
  inward on every body: False (electric alone: False); the net push on the set per interval (the third-law gap of the fans) (0, 0, 0)
  the toy over 3000 intervals: {'escaped': None, 'steps': 0, 'first_step': None, 'contacts': 364, 'largest_handed': 8802970157344, 'largest_label': 8802970157344, 'largest_spread': 2.0, 'final': {'d0': (0, 0, 0), 'd1': (1, 0, 0), 'u2': (2, 0, 0)}}
## neutron corner d u d (u at the corner)
  d0 at (0, 0, 0): push (422398988024, 97861699236, 0) (electric alone (30598988024, -6238300764, 0))
  u1 at (1, 0, 0): push (-336852257664, 290938219884, 0) (electric alone (-36052257664, 31138219884, 0))
  d2 at (1, 1, 0): push (-85546730360, -388799919120, 0) (electric alone (5453269640, -24899919120, 0))
  inward on every body: True (electric alone: False); the net push on the set per interval (the third-law gap of the fans) (0, 0, 0)
  the toy over 3000 intervals: {'escaped': (222, 'd2'), 'steps': 620, 'first_step': (43, 'd0'), 'contacts': 9, 'largest_handed': 5850711563184, 'largest_label': 8334825838252, 'largest_spread': 363.74, 'final': {'d0': (46, 166, 0), 'u1': (123, -3, 0), 'd2': (-107, -164, 0)}}
## neutron triangle u d d
  u0 at (1, 1, 0): push (-68983042128, -55544787168, 158347437612) (electric alone (-7383042128, -5944787168, 16947437612))
  d1 at (0, 1, 1): push (154529772488, -97861699236, -98211246666) (electric alone (1929772488, 6238300764, -10511246666))
  d2 at (1, 0, 1): push (-85546730360, 153406486404, -60136190946) (electric alone (5453269640, -293513596, -6436190946))
  inward on every body: True (electric alone: False); the net push on the set per interval (the third-law gap of the fans) (0, 0, 0)
  the toy over 3000 intervals: {'escaped': (274, 'u0'), 'steps': 607, 'first_step': (25, 'u0'), 'contacts': 3, 'largest_handed': 7334361432180, 'largest_label': 7334361432180, 'largest_spread': 254.26, 'final': {'u0': (44, 72, 91), 'd1': (72, -113, -2), 'd2': (-91, 78, -42)}}
## The proton line u d u with the end quark u0 kicked outward (-x): turned back or free
  kick 1e+12: {'escaped': None, 'steps': 0, 'first_step': None, 'contacts': 417, 'largest_handed': 6664493899136, 'largest_label': 6831432161744, 'largest_spread': 2.0, 'final': {'u0': (0, 0, 0), 'd1': (1, 0, 0), 'u2': (2, 0, 0)}}
  kick 1e+13: {'escaped': (78, 'u0'), 'steps': 417, 'first_step': (7, 'u0'), 'contacts': 165, 'largest_handed': 7236948237792, 'largest_label': 9583469131304, 'largest_spread': 358.0, 'final': {'u0': (-376, 0, 0), 'd1': (-20, 0, 0), 'u2': (-18, 0, 0)}}
  (escaped: the first tick at which a body is beyond 9 Links of the origin, the face of series I's 21^3 board)

# 4. The deuteron of two lines at adjacent Nodes: u d u at y = 0 over d u d at y = 1, along x
  p_u0 at (0, 0, 0): push (514900489024, 384064524729, 0)
  p_d1 at (1, 0, 0): push (0, 486661618356, 0)
  p_u2 at (2, 0, 0): push (-514900489024, 384064524729, 0)
  n_d0 at (0, 1, 0): push (550101777180, -402779816516, 0)
  n_u1 at (1, 1, 0): push (0, -449231033022, 0)
  n_d2 at (2, 1, 0): push (-550101777180, -402779816516, 0)
  the sum over the proton's three (its push toward the neutron line, on y): (0, 1254790667814, 0)
  the sum over the neutron's three: (0, -1254790666054, 0)
  series I's deuteron at one Link: 310 967 280 640 on each nucleon toward the other (one Node each)
  the pair across at x = 0: u over d: push on the upper (0, 290938219884, 0) (glue part (0, 259800012990, 0))
  the pair across at x = 1: d over u: push on the upper (0, 290938219884, 0) (glue part (0, 259800025980, 0))
  the pair across at x = 2: u over d: push on the upper (0, 290938219884, 0) (glue part (0, 259800012990, 0))
  inward on every body: True
  the toy over 3000 intervals: {'escaped': (305, 'p_u2'), 'steps': 2224, 'first_step': (161, 'n_u1'), 'contacts': 105, 'largest_handed': 12298383657522, 'largest_label': 12298383657522, 'largest_spread': 685.81, 'final': {'p_u0': (140, -289, 0), 'p_d1': (206, 125, 0), 'p_u2': (-235, -298, 0), 'n_d0': (-211, -93, 0), 'n_u1': (180, 248, 0), 'n_d2': (-27, 153, 0)}}

## The collinear deuteron: the line of six u d u d u d along x (the two triples end to end)
  u0 at (0, 0, 0): push (419551209892, 0, 0)
  d1 at (1, 0, 0): push (101923625280, 0, 0)
  u2 at (2, 0, 0): push (3787403148, 0, 0)
  d3 at (3, 0, 0): push (-3787401568, 0, 0)
  u4 at (4, 0, 0): push (-81931883236, 0, 0)
  d5 at (5, 0, 0): push (-439542951616, 0, 0)
  the sum over the first triple (toward the second, on x): (525262238320, 0, 0); over the second: (-525262236420, 0, 0)
  inward on every body: True
  the toy over 3000 intervals: {'escaped': None, 'steps': 0, 'first_step': None, 'contacts': 954, 'largest_handed': 13452697595604, 'largest_label': 13675974024232, 'largest_spread': 5.0, 'final': {'u0': (0, 0, 0), 'd1': (1, 0, 0), 'u2': (2, 0, 0), 'd3': (3, 0, 0), 'u4': (4, 0, 0), 'd5': (5, 0, 0)}}

## Two lines at three Links apart (beyond the reach): the residual is the electric and gravity alone
  the sum over the proton's three: (0, -12284928740, 0); per body: [(414721077173, -5105763048, 0), (0, -2073402644, 0), (-414721077173, -5105763048, 0)]

# 5. The read mass of the bound set: the exact sum of the declared contents (BEAM_LAW step 4: a read moves no content)
  the proton u u d with one glue unit each: 4 + 4 + 9 + 3 = 20 units; nature 1836.15: the ratio 91.8
  the neutron u d d: 4 + 9 + 9 + 3 = 25 units; nature 1838.68
  the law's ratio (read mass) / (sum of the parts' units) = 1 exactly; nature's proton: 0.96 % quark rest masses, the rest the binding
  n - p in the law's units: 5 (= M_d - M_u); the register's 1839 - 1836 = 3; nature 2.531
## The dressed glue: the held glue per quark that restores the register's 1836 and 1839 (an input moved, nothing derived)
  the proton's glue total 1819 over three bodies: 606, 606, 607; the neutron's 1817: 605, 605, 607
  the glue's share of the proton's read mass: 99.07 % (nature's binding share about 99.0 %), declared
  under binding-v1 (the give at the contact) the read mass of a bound set can only FALL by the paid content given; no rule raises it

## The dressed proton line u d u (the glue 606, 607, 606 held at the value [10000, 606]; width S = 2^30)
  u0: held {'u': 4, 'glue': 606}: (M, Q, G) = (610, (4896, 1), (10000, 1))
  d1: held {'d': 9, 'glue': 607}: (M, Q, G) = (616, (-2448, 1), (3035000, 303))
  u2: held {'u': 4, 'glue': 606}: (M, Q, G) = (610, (4896, 1), (10000, 1))
  u0 at (0, 0, 0): push (418547308612, 0, 0)
  d1 at (1, 0, 0): push (0, 0, 0)
  u2 at (2, 0, 0): push (-418547308612, 0, 0)
  the read mass 1836 = the register's proton 1836; inward: True
  the toy over 3000 intervals at S = 2^30: {'escaped': None, 'steps': 0, 'first_step': None, 'contacts': 437, 'largest_handed': 6278209629180, 'largest_label': 6278209629180, 'largest_spread': 2.0, 'final': {'u0': (0, 0, 0), 'd1': (1, 0, 0), 'u2': (2, 0, 0)}}

# 6. The tower, the group on the three events, the regime
## The column vector of the set as the exact rational sum over its members (content, charge, strong)
  proton u u d: the members [(5, (4896, 1), (10000, 1)), (5, (4896, 1), (10000, 1)), (10, (-2448, 1), (10000, 1))]; the set (20, (7344, 1), (30000, 1))
  neutron u d d: the members [(5, (4896, 1), (10000, 1)), (10, (-2448, 1), (10000, 1)), (10, (-2448, 1), (10000, 1))]; the set (25, (0, 1), (30000, 1))
  the register's rows: the proton (1837, (7344, 1), (10000, 1)), the neutron (1840, (0, 1), (10000, 1))
  the charge composes exactly; the content and the strong charge compose to the declared sums, not to the register's rows

## The stabiliser of each shape in the cube's group of 48, and the group it induces on the three events
  the line centred at the origin: 16 of the 48 keep the set; the induced permutations of the three events: 2 ([(0, 1, 2), (2, 1, 0)])
  the corner about its corner: 4 of the 48 keep the set; the induced permutations of the three events: 2 ([(0, 1, 2), (2, 1, 0)])
  the triangle of the face-diagonal sublattice: 6 of the 48 keep the set; the induced permutations of the three events: 6 ([(0, 1, 2), (0, 2, 1), (1, 0, 2), (1, 2, 0), (2, 0, 1), (2, 1, 0)])
  S_3 on three events is carried by the 48 only on the triangle; a line or a corner carries Z_2 (the middle fixed)

## The regime of the step rule: W = Q S M per body against the push per interval
  a u body of 5 units: W = 64 x 2^37 x 5 = 4.398e+13; the u-d push at one Link 336,852,257,664; the first attempt at about sqrt(2 W / F) = 16.2 intervals; W within 2^62: True
  a d body of 10 units: W = 64 x 2^37 x 10 = 8.796e+13; the u-d push at one Link 336,852,257,664; the first attempt at about sqrt(2 W / F) = 22.9 intervals; W within 2^62: True
  the register's proton: W = 64 x 2^28 x 1837 = 3.156e+13; the u-d push at one Link 336,852,257,664; the first attempt at about sqrt(2 W / F) = 13.7 intervals; W within 2^62: True
  a dressed u body of 610 units: W = 64 x 2^30 x 610 = 4.192e+13; the u-d push at one Link 336,852,257,664; the first attempt at about sqrt(2 W / F) = 15.8 intervals; W within 2^62: True
## The parser's static column budget (note 31 (iii)): |E n| x Q x Nodes x the largest release within 2^62 - 1
  reader u reading d: |E n| = 1,331,712, x Q x 1 Node x release 9: 767,066,112 (within)
  reader d reading u: |E n| = 2,996,352, x Q x 1 Node x release 4: 767,066,112 (within)
  reader u reading glue: |E n| = 100,000,000, x Q x 1 Node x release 1: 6,400,000,000 (within)
