A. SERIES D'S GEOMETRY AND THE SHELL LAW (host)
   the fan 120 in-plane directions, one shell every 10 intervals: q = 12 rows per interval; c = 32 / 55 = 0.5818
   the ring counts N(r): 4: 32, 6: 40, 8: 48, 12: 68, 16: 112, 20: 112, 24: 144, 30: 200, 40: 264 (DERIVATIONS_BEAM 3.2's 32, 40, 48, 68, 112, 112, 144, 200, 264)
   the S = 32 orbit: n = 9 label units, the tangential pace n / (S + n) = 0.220 Links per interval (0.38 c); the auditor's inward legs at v_r / c = 0.16 to 0.23, that is v_r = 0.093 to 0.134 Links per interval
   the rest reading at a Node against the shell law (the grain): (12, 0) 0.57 on 1 lines, (24, 0) 1.20 on 1 lines, (10, 7) 1.13 on 2 lines, (17, 17) 1.19 on 1 lines, (20, 9) 1.17 on 1 lines

B. A READER STEPPING RADIALLY ON THE AXIS, ONE LINK PER k INTERVALS (the crossing rule as written)
   inward on -x from r = 28 to 10, k = 5
      95 intervals, r 28.0 -> 10.0, <v_r> -0.191 Links per interval (-0.329 c); the Doppler 1 - v_r / c = 1.329
      the inward push read 0.1326 per interval; the shell law 0.1119; the rest reading at the same Nodes 0.1000
      C_shell = read / law = 1.186; read / rest = 1.326; rest / law = 0.894
      the tallies over the 10 shell phases {'C1': 18, 'C2': 13, 'C3': 95}; rows read twice: 0
   outward on +x from r = 10 to 28, k = 5
      95 intervals, r 10.0 -> 28.0, <v_r> +0.191 Links per interval (+0.329 c); the Doppler 1 - v_r / c = 0.671
      the inward push read 0.0674 per interval; the shell law 0.1119; the rest reading at the same Nodes 0.1000
      C_shell = read / law = 0.602; read / rest = 0.674; rest / law = 0.894
      the tallies over the 10 shell phases {"C2' skipped": 12, 'C3': 64, "C3' skipped": 18, "C3'' skipped": 13}; rows read twice: 0
   inward on -x from r = 28 to 10, k = 8
      152 intervals, r 28.0 -> 10.0, <v_r> -0.119 Links per interval (-0.205 c); the Doppler 1 - v_r / c = 1.205
      the inward push read 0.1204 per interval; the shell law 0.1119; the rest reading at the same Nodes 0.1000
      C_shell = read / law = 1.076; read / rest = 1.204; rest / law = 0.894
      the tallies over the 10 shell phases {'C1': 18, 'C2': 13, 'C3': 152}; rows read twice: 0
   outward on +x from r = 10 to 28, k = 8
      152 intervals, r 10.0 -> 28.0, <v_r> +0.119 Links per interval (+0.205 c); the Doppler 1 - v_r / c = 0.795
      the inward push read 0.0796 per interval; the shell law 0.1119; the rest reading at the same Nodes 0.1000
      C_shell = read / law = 0.712; read / rest = 0.796; rest / law = 0.894
      the tallies over the 10 shell phases {"C2' skipped": 12, 'C3': 121, "C3' skipped": 18, "C3'' skipped": 13}; rows read twice: 0
   inward on -x from r = 28 to 10, k = 10
      190 intervals, r 28.0 -> 10.0, <v_r> -0.095 Links per interval (-0.164 c); the Doppler 1 - v_r / c = 1.164
      the inward push read 0.1163 per interval; the shell law 0.1119; the rest reading at the same Nodes 0.1000
      C_shell = read / law = 1.040; read / rest = 1.163; rest / law = 0.894
      the tallies over the 10 shell phases {'C1': 18, 'C2': 13, 'C3': 190}; rows read twice: 0
   outward on +x from r = 10 to 28, k = 10
      190 intervals, r 10.0 -> 28.0, <v_r> +0.095 Links per interval (+0.164 c); the Doppler 1 - v_r / c = 0.836
      the inward push read 0.0837 per interval; the shell law 0.1119; the rest reading at the same Nodes 0.1000
      C_shell = read / law = 0.748; read / rest = 0.837; rest / law = 0.894
      the tallies over the 10 shell phases {"C2' skipped": 12, 'C3': 159, "C3' skipped": 18, "C3'' skipped": 13}; rows read twice: 0

C. A READER STEPPING RADIALLY ON AN OBLIQUE LINE OF THE FAN, k = 8
   inward along (-1, -1) from r = 28 to 10
      216 intervals, r 28.3 -> 9.9, <v_r> -0.086 Links per interval (-0.147 c); the Doppler 1 - v_r / c = 1.147
      the inward push read 0.1372 per interval; the shell law 0.1091; the rest reading at the same Nodes 0.1216
      C_shell = read / law = 1.258; read / rest = 1.129; rest / law = 1.114
      the tallies over the 10 shell phases {'C1': 26, 'C2': 8, 'C3': 264}; rows read twice: 0
   outward along (1, 1) from r = 10 to 28
      216 intervals, r 9.9 -> 28.3, <v_r> +0.086 Links per interval (+0.147 c); the Doppler 1 - v_r / c = 0.853
      the inward push read 0.1069 per interval; the shell law 0.1091; the rest reading at the same Nodes 0.1216
      C_shell = read / law = 0.979; read / rest = 0.879; rest / law = 1.114
      the tallies over the 10 shell phases {"C2' skipped": 8, 'C3': 232, "C3' skipped": 26, "C3'' skipped": 6}; rows read twice: 0
   inward along (-2, -1) from r = 28 to 10
      208 intervals, r 28.2 -> 9.8, <v_r> -0.089 Links per interval (-0.152 c); the Doppler 1 - v_r / c = 1.152
      the inward push read 0.1503 per interval; the shell law 0.1118; the rest reading at the same Nodes 0.1345
      C_shell = read / law = 1.345; read / rest = 1.118; rest / law = 1.203
      the tallies over the 10 shell phases {'C1': 25, 'C2': 8, 'C3': 280}; rows read twice: 0
   outward along (2, 1) from r = 10 to 28
      208 intervals, r 9.8 -> 28.2, <v_r> +0.089 Links per interval (+0.152 c); the Doppler 1 - v_r / c = 0.848
      the inward push read 0.1191 per interval; the shell law 0.1118; the rest reading at the same Nodes 0.1345
      C_shell = read / law = 1.066; read / rest = 0.886; rest / law = 1.203
      the tallies over the 10 shell phases {"C2' skipped": 8, 'C3': 248, "C3' skipped": 25, "C3'' skipped": 7}; rows read twice: 0
   inward along (-5, -2) from r = 28 to 10
      200 intervals, r 28.2 -> 9.8, <v_r> -0.092 Links per interval (-0.159 c); the Doppler 1 - v_r / c = 1.159
      the inward push read 0.2130 per interval; the shell law 0.1110; the rest reading at the same Nodes 0.1876
      C_shell = read / law = 1.918; read / rest = 1.136; rest / law = 1.689
      the tallies over the 10 shell phases {'C1': 35, 'C2': 16, 'C3': 376}; rows read twice: 0
   outward along (5, 2) from r = 10 to 28
      200 intervals, r 9.8 -> 28.2, <v_r> +0.092 Links per interval (+0.159 c); the Doppler 1 - v_r / c = 0.841
      the inward push read 0.1631 per interval; the shell law 0.1110; the rest reading at the same Nodes 0.1876
      C_shell = read / law = 1.469; read / rest = 0.870; rest / law = 1.689
      the tallies over the 10 shell phases {"C2' skipped": 16, 'C3': 327, "C3' skipped": 35, "C3'' skipped": 14}; rows read twice: 0
   inward along (-3, -7) from r = 28 to 10
      200 intervals, r 28.2 -> 9.8, <v_r> -0.092 Links per interval (-0.159 c); the Doppler 1 - v_r / c = 1.159
      the inward push read 0.2153 per interval; the shell law 0.1111; the rest reading at the same Nodes 0.1918
      C_shell = read / law = 1.937; read / rest = 1.122; rest / law = 1.726
      the tallies over the 10 shell phases {'C1': 32, 'C2': 15, 'C3': 384}; rows read twice: 0
   outward along (3, 7) from r = 10 to 28
      200 intervals, r 9.8 -> 28.2, <v_r> +0.092 Links per interval (+0.159 c); the Doppler 1 - v_r / c = 0.841
      the inward push read 0.1703 per interval; the shell law 0.1111; the rest reading at the same Nodes 0.1918
      C_shell = read / law = 1.532; read / rest = 0.888; rest / law = 1.726
      the tallies over the 10 shell phases {"C2' skipped": 15, 'C3': 341, "C3' skipped": 32, "C3'' skipped": 11}; rows read twice: 0

D. AN ORBIT-LIKE PATH: THE TANGENTIAL PACE OF THE S = 32 ORBIT WITH A RADIAL DRIFT (v_r = 0.11 Links per interval, 0.19 c)
   from r = 24 inward over 90 intervals
      90 intervals, r 24.0 -> 13.9, <v_r> -0.114 Links per interval (-0.195 c); the Doppler 1 - v_r / c = 1.195
      the inward push read 0.1400 per interval; the shell law 0.1028; the rest reading at the same Nodes 0.1233
      C_shell = read / law = 1.361; read / rest = 1.135; rest / law = 1.199
      the tallies over the 10 shell phases {'C1': 14, 'C2': 5, "C2' skipped": 6, 'C3': 107, "C3' skipped": 4}; rows read twice: 0
   from r = 14 outward over 90 intervals
      90 intervals, r 14.0 -> 23.7, <v_r> +0.109 Links per interval (+0.187 c); the Doppler 1 - v_r / c = 0.813
      the inward push read 0.1221 per interval; the shell law 0.1035; the rest reading at the same Nodes 0.1388
      C_shell = read / law = 1.180; read / rest = 0.880; rest / law = 1.341
      the tallies over the 10 shell phases {'C1': 2, "C2' skipped": 14, 'C3': 108, "C3' skipped": 12, "C3'' skipped": 5}; rows read twice: 1
         twice: direction (7, 2) born 200: [(226, 'C3', (75, 64), 209), (229, 'C3', (76, 65), 209)]
            tick 224: the row at (73, 64), the reader at (75, 64)
            tick 225: the row at (74, 64), the reader at (75, 64)
            tick 226: the row at (75, 64), the reader at (75, 64)
            tick 227: the row at (75, 64), the reader at (75, 64)
            tick 228: the row at (76, 64), the reader at (75, 65)
            tick 229: the row at (76, 65), the reader at (76, 65)
   a circle at r = 19, no drift, 120 intervals
      120 intervals, r 19.0 -> 19.2, <v_r> +0.002 Links per interval (+0.003 c); the Doppler 1 - v_r / c = 0.997
      the inward push read 0.1450 per interval; the shell law 0.1038; the rest reading at the same Nodes 0.1375
      C_shell = read / law = 1.397; read / rest = 1.055; rest / law = 1.324
      the tallies over the 10 shell phases {'C1': 12, 'C2': 10, "C2' skipped": 6, 'C3': 152, "C3' skipped": 9, "C3'' skipped": 4}; rows read twice: 0

E. THE MANHATTAN FACTOR: A DIGITAL LINE CROSSES THE UNIT-WIDE RING AT S_1 / |D| NODES (host)
   the fan's mean S_1 / |D| = 1.2871 (a fan uniform in angle gives 4 / pi = 1.2732); series C's six headings give exactly 1
   r =  8: N(r) = 48, the lines' Node-visits on the ring 136 (1.133 per line), 0 Nodes on no line; the ring mean of the rest reading over q L / N(r) = 1.132
   r = 12: N(r) = 68, the lines' Node-visits on the ring 144 (1.200 per line), 8 Nodes on no line; the ring mean of the rest reading over q L / N(r) = 1.199
   r = 16: N(r) = 112, the lines' Node-visits on the ring 164 (1.367 per line), 12 Nodes on no line; the ring mean of the rest reading over q L / N(r) = 1.366
   r = 20: N(r) = 112, the lines' Node-visits on the ring 136 (1.133 per line), 16 Nodes on no line; the ring mean of the rest reading over q L / N(r) = 1.134
   r = 24: N(r) = 144, the lines' Node-visits on the ring 160 (1.333 per line), 24 Nodes on no line; the ring mean of the rest reading over q L / N(r) = 1.333
   r = 28: N(r) = 184, the lines' Node-visits on the ring 172 (1.433 per line), 40 Nodes on no line; the ring mean of the rest reading over q L / N(r) = 1.433

F. THE AUDITOR'S LEGS RE-READ: THE MANHATTAN FACTOR TIMES THE DOPPLER (host)
   inward, all four worlds (1536 intervals): the auditor's C_shell 1.52 against the Doppler 1.18; 1.287 x 1.18 = 1.519; the map's read / rest on the orbit-like path 1.135 x 1.287 = 1.461
   outward, all four worlds (2310 intervals): the auditor's C_shell 1.08 against the Doppler 0.73; 1.287 x 0.73 = 0.940; the map's read / rest on the orbit-like path 0.880 x 1.287 = 1.133
   the ratio inward / outward: the auditor's 1.407; the Doppler's 1.616; the map's orbit-like path 1.153 (read / law) and 1.290 (read / rest)

G. WHAT FOLLOWS FOR SERIES D'S PIN: THE FLOW CONSTANT C ON THE FAN (host)
   C = 1.000: the S = 32 circular-orbit momentum n = 8.83 label units (the whole 9), the pace 0.220, the period at r = 12: 343 intervals, at r = 24: 687
   C = 1.287: the S = 32 circular-orbit momentum n = 10.18 label units (the whole 10), the pace 0.238, the period at r = 12: 317 intervals, at r = 24: 633
