A. THE TRANSVERSE LIGHT CLOCK ON THE FLIGHT TABLE (host arithmetic on the table's integers)
   a row on D = (a, b, 0) reaches the point D at the age tau_D = age_of(S_1); a partner co-moving at v = a / tau_D Links per interval,
   b Links across the motion, receives it there; at rest the same partner b Links away on the heading (0, 1, 0) receives at age_of(b)
   D | S_1 | T_D | tau_D (the transit) | v = a / tau_D | beta = v sqrt 3 | the rest transit age_of(b) on the heading | tau_D / rest | gamma(beta) | the exact |D| / b
   (0, 1) |  1 |  110 |   1 | 0.0000 | 0.0000 |   1 | 1.000 | 1.000 | 1.000
   (1, 1) |  2 |  156 |   2 | 0.5000 | 0.8660 |   1 | 2.000 | 2.000 | 1.414
   (1, 2) |  3 |  247 |   4 | 0.2500 | 0.4330 |   3 | 1.333 | 1.109 | 1.118
   (1, 3) |  4 |  350 |   5 | 0.2000 | 0.3464 |   5 | 1.000 | 1.066 | 1.054
   (1, 4) |  5 |  457 |   7 | 0.1429 | 0.2474 |   7 | 1.000 | 1.032 | 1.031
   (1, 5) |  6 |  565 |   9 | 0.1111 | 0.1925 |   8 | 1.125 | 1.019 | 1.020
   (1, 6) |  7 |  674 |  10 | 0.1000 | 0.1732 |  10 | 1.000 | 1.015 | 1.014
   (1, 7) |  8 |  783 |  12 | 0.0833 | 0.1443 |  12 | 1.000 | 1.011 | 1.010
   (1, 8) |  9 |  893 |  14 | 0.0714 | 0.1237 |  13 | 1.077 | 1.008 | 1.008
   (1, 9) | 10 | 1003 |  15 | 0.0667 | 0.1155 |  15 | 1.000 | 1.007 | 1.006
   (1, 10) | 11 | 1114 |  17 | 0.0588 | 0.1019 |  17 | 1.000 | 1.005 | 1.005
   (1, 11) | 12 | 1224 |  19 | 0.0526 | 0.0912 |  19 | 1.000 | 1.004 | 1.004
   (1, 12) | 13 | 1334 |  21 | 0.0476 | 0.0825 |  20 | 1.050 | 1.003 | 1.003
   (2, 3) |  5 |  399 |   6 | 0.3333 | 0.5774 |   5 | 1.200 | 1.225 | 1.202
   (2, 5) |  7 |  596 |   9 | 0.2222 | 0.3849 |   8 | 1.125 | 1.083 | 1.077
   (2, 7) |  9 |  807 |  12 | 0.1667 | 0.2887 |  12 | 1.000 | 1.044 | 1.040
   (2, 9) | 11 | 1021 |  16 | 0.1250 | 0.2165 |  15 | 1.067 | 1.024 | 1.024
   (2, 11) | 13 | 1239 |  19 | 0.1053 | 0.1823 |  19 | 1.000 | 1.017 | 1.016
   (3, 4) |  7 |  554 |   9 | 0.3333 | 0.5774 |   7 | 1.286 | 1.225 | 1.250
   (3, 5) |  8 |  646 |  10 | 0.3000 | 0.5196 |   8 | 1.250 | 1.170 | 1.166
   (3, 7) | 10 |  844 |  13 | 0.2308 | 0.3997 |  12 | 1.083 | 1.091 | 1.088
   (3, 8) | 11 |  947 |  15 | 0.2000 | 0.3464 |  13 | 1.154 | 1.066 | 1.068
   (3, 10) | 13 | 1157 |  18 | 0.1667 | 0.2887 |  17 | 1.059 | 1.044 | 1.044
   (3, 11) | 14 | 1263 |  20 | 0.1500 | 0.2598 |  19 | 1.053 | 1.036 | 1.037
   (4, 5) |  9 |  709 |  11 | 0.3636 | 0.6298 |   8 | 1.375 | 1.287 | 1.281
   (4, 7) | 11 |  893 |  14 | 0.2857 | 0.4949 |  12 | 1.167 | 1.151 | 1.152
   (4, 9) | 13 | 1091 |  17 | 0.2353 | 0.4075 |  15 | 1.133 | 1.095 | 1.094
   (4, 11) | 15 | 1297 |  20 | 0.2000 | 0.3464 |  19 | 1.053 | 1.066 | 1.064
   (5, 6) | 11 |  865 |  13 | 0.3846 | 0.6662 |  10 | 1.300 | 1.341 | 1.302
   (5, 7) | 12 |  953 |  15 | 0.3333 | 0.5774 |  12 | 1.250 | 1.225 | 1.229
   (5, 8) | 13 | 1045 |  16 | 0.3125 | 0.5413 |  13 | 1.231 | 1.189 | 1.179
   (5, 9) | 14 | 1141 |  18 | 0.2778 | 0.4811 |  15 | 1.200 | 1.141 | 1.144
   (5, 11) | 16 | 1339 |  21 | 0.2381 | 0.4124 |  19 | 1.105 | 1.098 | 1.098
   (5, 12) | 17 | 1441 |  22 | 0.2273 | 0.3936 |  20 | 1.100 | 1.088 | 1.083
   (6, 7) | 13 | 1021 |  16 | 0.3750 | 0.6495 |  12 | 1.333 | 1.315 | 1.317
   (6, 11) | 17 | 1388 |  22 | 0.2727 | 0.4724 |  19 | 1.158 | 1.135 | 1.139
   the continuum: tau_D = |D| / c and the rest transit b / c, the ratio |D| / b = 1 / sqrt(1 - (a / |D|)^2) = gamma exactly (Pythagoras);
   on the lattice the ratio carries the accumulator's whole intervals (one interval on transits of 5 to 20) and isqrt's rounding of T_D: gamma to the flight's grain

B. THE LONGITUDINAL LIGHT CLOCK (closed forms on the heading's pace c_h = 64 / 110, a partner d Links ahead or behind, both at v = 1 / k)
   k | v | beta = v / c_h | forward d / (c_h - v) + back d / (c_h + v), over 2 d / c_h | gamma^2 | transverse 2 gamma d / c_h over 2 d / c_h | gamma
    2 | 0.5000 | 0.8594 | 3.8245 | 3.8245 | 1.9556 | 1.9556
    4 | 0.2500 | 0.4297 | 1.2264 | 1.2264 | 1.1074 | 1.1074
    8 | 0.1250 | 0.2148 | 1.0484 | 1.0484 | 1.0239 | 1.0239
   16 | 0.0625 | 0.1074 | 1.0117 | 1.0117 | 1.0058 | 1.0058
   32 | 0.0312 | 0.0537 | 1.0029 | 1.0029 | 1.0014 | 1.0014
   two arms of one length at right angles differ by gamma: Lorentz's contraction of the arm along the motion by 1 / gamma would close it; no verb contracts a Link

C. A CO-MOVING DETECTOR'S AGE READING (host arithmetic on the flight rule; the arrivals only; the in-plane fan within Manhattan P)
   the lamp and the detector both at v = 1 / k Links per interval on x, the detector d Links across; the rows' ages at their arrivals at the detector's Node
   k | beta | d | P | directions | arrivals | mean age | rest mean age (k -> infinity: the heading's age_of(d)) | mean / rest | gamma
    4 | 0.4297 |  6 |  6 |  48 |   680 |   11.43 |  10 | 1.143 | 1.107
    4 | 0.4297 |  6 | 12 | 184 |  2721 |   11.35 |  10 | 1.135 | 1.107
    4 | 0.4297 | 12 |  6 |  48 |   282 |   23.00 |  20 | 1.150 | 1.107
    4 | 0.4297 | 12 | 12 | 184 |   757 |   22.50 |  20 | 1.125 | 1.107
    8 | 0.2148 |  6 |  6 |  48 |   876 |   10.38 |  10 | 1.038 | 1.024
    8 | 0.2148 |  6 | 12 | 184 |  3314 |   10.51 |  10 | 1.051 | 1.024
    8 | 0.2148 | 12 |  6 |  48 |   709 |   21.13 |  20 | 1.056 | 1.024
    8 | 0.2148 | 12 | 12 | 184 |  1658 |   21.22 |  20 | 1.061 | 1.024
   16 | 0.1074 |  6 |  6 |  48 |   654 |   10.04 |  10 | 1.004 | 1.006
   16 | 0.1074 |  6 | 12 | 184 |  2478 |   10.46 |  10 | 1.046 | 1.006
   16 | 0.1074 | 12 |  6 |  48 |   115 |   20.20 |  20 | 1.010 | 1.006
   16 | 0.1074 | 12 | 12 | 184 |  1635 |   20.27 |  20 | 1.013 | 1.006
   the rows that reach a co-moving transverse partner are the ones aimed at (v tau, d): their age is the transverse transit, gamma d / c to the fan's grain;
   at rest only the heading (0, 1, 0) reaches the partner; the reading is a detector's (the click's age moment under reads: age), no rule of the bodies

D. THE CUBE'S 48 AND THE BILINEAR FORMS: symmetric integer matrices M with P^T M P = M for every signed axis permutation P
   48 signed permutations; symmetric integer matrices with coefficients in -2 .. 2 fixed by all 48: 5 (the multiples c I, c = -2 .. 2): the invariant forms are c p . p
   so a body's own reading of its momentum that is even and isotropic under the cube is a multiple of p . p: the exact square Xi = m^2 + 3 p . p of covariant-readings-v1, the 3 the declared c^2 = [1, 3]

E. FORM B'S PACE BESIDE 1 / gamma (two objects: a dispersion of the drive, a rate of a clock)
   v (today's, Links per interval) | form B's v / today's = 1 / (1 + 0.72 v) | beta = v_B / c_h | 1 / gamma(beta) | covariant pace p c^2 / E at the same p / m
   0.05 | 0.9653 | 0.0830 | 0.9966 | 0.0524
   0.10 | 0.9328 | 0.1603 | 0.9871 | 0.1091
   0.20 | 0.8741 | 0.3005 | 0.9538 | 0.2294
   0.30 | 0.8224 | 0.4240 | 0.9056 | 0.3441
   0.40 | 0.7764 | 0.5338 | 0.8456 | 0.4364
   form B caps the drive at the rows' pace and slows no clock; 1 / gamma is a clock's rate; the covariant pace p c^2 / E (E^2 = m^2 c^4 + p^2 c^2) is the relativistic dispersion
