A. THE LAW'S CLICK OF A PAIR AT N = 64: one gather of one record reading both settings, the cells by the rungs (the amplitude design's 4.3)
   (a, b) | counts ++ +- -+ -- | E = (c++ + c-- - c+- - c-+) / N | cos(2 pi (a - b) / N)
   ( 0,  8) | 27  5  5 27 | +0.6875 = +44/64 | +0.7071
   ( 0, 24) |  5 27 27  5 | -0.6875 = -44/64 | -0.7071
   (16,  8) | 27  5  5 27 | +0.6875 = +44/64 | +0.7071
   (16, 24) | 27  5  5 27 | +0.6875 = +44/64 | +0.7071
   S = E(0, 8) - E(0, 24) + E(16, 8) + E(16, 24) = 2.75000 = 176/64 (the register's 176 / 64 = 2.75; 2 sqrt 2 = 2.82843)
   the marginals over all 4096 setting pairs: A's and B's both 32 / 64 in 4096 pairs, off in 0 (the design's 'in all 4096 pairs'): no signalling exact in the counts

B. THE SAME ROWS READ LOCALLY (the register's A2 under the Beam Law, S = 2 exactly): each arm's window against its own setting on the shared birth phase u
   (a, b) | E_local | the triangle 1 - 4 k / N, k = |a - b| mod N folded
   ( 0,  8) | +0.5000 | +0.5000
   ( 0, 24) | -0.5000 | -0.5000
   (16,  8) | +0.5000 | +0.5000
   (16, 24) | +0.5000 | +0.5000
   S_local = 2.0000: Bell's bound, exactly (the register: 'S = 2 exactly, E(a, b) the triangle 1 - 4 k / N')

C. FINE'S THEOREM ON THE LATTICE, BRUTE FORCE: the largest CHSH sum over deterministic assignments
   local: each outcome a function of (u, its own setting): the largest |S| over the 16 assignments per u is 2; a mixture over u cannot exceed it: S <= 2 for every local mechanism, whatever the six verbs do with u
   parameter-dependent: B reads both settings: the largest |S| is 4 (the algebraic bound 4; the law's gather reaches 2.75 at N = 64, 2.828 on the plateau, below Tsirelson's 2.828 by the tables)

D. WHERE THE CROSS TERM LIVES: at the CHSH settings, per label pair, the square of the sum against the sum of the squares
   (a, b) = (16, 8), (o_A, o_B) = (+, +): the products per label +0.6533, +0.2706; (sum)^2 = 0.8536; sum of squares = 0.5000; the cross term 2 U_a U_a' U_b U_b' = +0.3536
   (a, b) = (16, 8), (o_A, o_B) = (+, -): the products per label -0.2706, +0.6533; (sum)^2 = 0.1464; sum of squares = 0.5000; the cross term 2 U_a U_a' U_b U_b' = -0.3536
   the cross term is a product of one entry of A's rotation with one of B's: it exists nowhere on the GameBoard, only at the gather, which reads both settings; a click that reads one arm's rows against one setting forms the sum of squares and stops at 2
