A. THE DWELL OF A ROW AT EVERY LINK OF THE HEADING (the engine's accumulator, host)
   T_D = 110, the rate 2 S_1 Q = 128, the wall 2 T_D = 220, started at T_D
   Link  1: the ages [1, 2] (the dwell 2, the age moment 3)
   Link  2: the ages [3, 4] (the dwell 2, the age moment 7)
   Link  3: the ages [5, 6] (the dwell 2, the age moment 11)
   Link  4: the ages [7] (the dwell 1, the age moment 7); series E's +x axis k scalar 1.00 at [1, 1]
   Link  5: the ages [8, 9] (the dwell 2, the age moment 17)
   Link  6: the ages [10, 11] (the dwell 2, the age moment 21); series E's +x axis k scalar 2.03 at [1, 1], k age x r 65 at [1, 2] (the moment 21.7)
   Link  7: the ages [12] (the dwell 1, the age moment 12)
   Link  8: the ages [13, 14] (the dwell 2, the age moment 27); series E's +x axis k scalar 2.03 at [1, 1], k age x r 106 at [1, 2] (the moment 26.5)
   Link  9: the ages [15, 16] (the dwell 2, the age moment 31)
   Link 10: the ages [17, 18] (the dwell 2, the age moment 35); series E's +x axis k scalar 1.99 at [1, 1], k age x r 172 at [1, 2] (the moment 34.4)
   Link 11: the ages [19] (the dwell 1, the age moment 19)
   Link 12: the ages [20, 21] (the dwell 2, the age moment 41); series E's +x axis k scalar 1.99 at [1, 1], k age x r 255 at [1, 2] (the moment 42.5)
   Link 13: the ages [22, 23] (the dwell 2, the age moment 45)
   Link 14: the ages [24] (the dwell 1, the age moment 24); series E's +x axis k scalar 1.00 at [1, 1]
   the continuum: the age at r is r sqrt 3 = 5.196 at 3 and 10.392 at 6, the ratio 2.000; the lattice's moments 11 and 21, the ratio 1.909

B. THE TWO-CROWD PIN IN SERIES P'S GEOMETRY (the lamp at the origin; sources on +y and +z; host)
   the sources at 3 Links, the fan of 9 per source [(-4, -3, 0), (-2, -3, 0), (-1, -3, 0), (-1, -1, 0), (0, -1, 0), (1, -3, 0), (1, -1, 0), (2, -3, 0), (4, -3, 0)]
   the lines through the lamp's Node: [((0, 3, 0), (0, -1, 0), 3), ((0, 0, 3), (0, 0, -1), 3)] (the headings alone; the oblique lines cross the lamp's line beside it)
   per unit of F: the presence 4 (2 sources x the dwell 2), the age moment 22 (the ages [5, 6] per source)
   at F = 4915 and suspension [1, 2^16]: the presence clock k = 4 F / 2^16 = 0.300, 1 + z = 1.300; the age clock k = 22 F / 2^16 = 1.650, 1 + z = 2.650
   the F that reads k = 0.300 under the age word at 3 Links: 894 (the presence word's 4915)
   the first interval with the crowd's rows at the lamp: age 5 of the first row (the sources release from tick 1: tick 6)
   the flow at the lamp (the push a coupled body would read, per unit of F): 2 F x (0, -64, 0) + 2 F x (0, 0, -64), the same at both distances
   the sources at 6 Links, the fan of 9 per source [(-2, -3, 0), (-1, -6, 0), (-1, -3, 0), (-1, -2, 0), (0, -1, 0), (1, -6, 0), (1, -3, 0), (1, -2, 0), (2, -3, 0)]
   the lines through the lamp's Node: [((0, 6, 0), (0, -1, 0), 6), ((0, 0, 6), (0, 0, -1), 6)] (the headings alone; the oblique lines cross the lamp's line beside it)
   per unit of F: the presence 4 (2 sources x the dwell 2), the age moment 42 (the ages [10, 11] per source)
   at F = 4915 and suspension [1, 2^16]: the presence clock k = 4 F / 2^16 = 0.300, 1 + z = 1.300; the age clock k = 42 F / 2^16 = 3.150, 1 + z = 4.150
   the F that reads k = 0.300 under the age word at 6 Links: 468 (the presence word's 4915)
   the first interval with the crowd's rows at the lamp: age 10 of the first row (the sources release from tick 1: tick 11)
   the flow at the lamp (the push a coupled body would read, per unit of F): 2 F x (0, -64, 0) + 2 F x (0, 0, -64), the same at both distances
   the ratio 6 : 3 of k: the presence word 4 / 4 = 1.000; the age word 42 / 22 = 1.909 (the continuum's 2)

C. THE SAME PIN AS SERIES E'S SHELL MEANS (the fan of 290, one unit per direction per interval; host)
   the fan: 290 directions, q = 290 units per interval
   r =  3:   98 Nodes, counting 1.00; the presence mean 4.000 (x r^2 = 36.0), the age moment mean 21.245 (x r = 63.7)
   r =  4:  210 Nodes, counting 1.00; the presence mean 2.524 (x r^2 = 40.4), the age moment mean 17.324 (x r = 69.3); the register (the window means) k scalar 2.521 at [1, 1] and k age 8.748 at [1, 2] (the moment 17.50)
   r =  6:  450 Nodes, counting 0.63; the presence mean 1.093 (x r^2 = 39.4), the age moment mean 11.471 (x r = 68.8); the register (the window means) k scalar 1.092 at [1, 1] and k age 5.711 at [1, 2] (the moment 11.42)
   r =  8:  762 Nodes, counting 0.42; the presence mean 0.698 (x r^2 = 44.7), the age moment mean 9.677 (x r = 77.4); the register (the window means) k scalar 0.700 at [1, 1] and k age 4.904 at [1, 2] (the moment 9.81)
   r = 10: 1250 Nodes, counting 0.32; the presence mean 0.416 (x r^2 = 41.6), the age moment mean 7.256 (x r = 72.6); the register (the window means) k scalar 0.416 at [1, 1] and k age 3.657 at [1, 2] (the moment 7.31)
   r = 12: 1814 Nodes, counting 0.20; the presence mean 0.298 (x r^2 = 42.9), the age moment mean 6.171 (x r = 74.1); the register (the window means) k scalar 0.297 at [1, 1] and k age 3.097 at [1, 2] (the moment 6.19)
   r = 14: 2498 Nodes, counting 0.17; the presence mean 0.199 (x r^2 = 39.1), the age moment mean 4.847 (x r = 67.9); the register (the window means) k scalar 0.199 at [1, 1] and k age 2.366 at [1, 2] (the moment 4.73)
   the same source at 3 and 6: the presence 6 : 3 = 0.273 (the continuum's 0.250), the age moment 6 : 3 = 0.540 (the continuum's 0.500)
   the crowd at 6 with 4 units per row (the same F at the shell): the presence 6 : 3 = 1.093 (1.000), the age moment 6 : 3 = 2.160 (2.000)

D. NATURE'S FORM: THE SHIFT BETWEEN TWO HEIGHTS UNDER EACH WORD (the constant fixed by the ground's gradient)
   the Earth: G M / (R c^2) = 6.961e-10; g / c^2 = 1.093e-16 per metre
   Pound and Rebka's 22.5 m: g h / c^2 = 2.46e-15 under either word (one reading fixes the one constant)
   k(orbit) / k(ground) at the GPS radius 26560 km: the age word (M / r) 0.2399; the presence word (M / r^2) 0.0575
   the ground-to-orbit shift per day: the age word 45.7 us (nature's 45.7, Ashby 2003); the presence word with the ground's gradient 28.3 us, the ratio 0.620
   an eccentric orbit (Galileo 5 and 6, e = 0.162): the modulation of k over the orbit, peak to peak over the mean: M / r gives 0.333, M / r^2 gives 0.631: the presence word doubles the modulation nature reads at the potential's value
   a cluster member at a velocity dispersion sigma = 1000 km/s: the potential term G M / (r c^2) ~ sigma^2 / c^2 = 1.1e-05; the Doppler spread sigma / c = 3.3e-03

E. THE SHELL'S LINES: POISSON'S SOURCE TERM AFTER A DETECTOR (series X; host)
   the shell |r - 6| < 1/2: 450 Nodes, each releasing on the fan of 290; the lamp at 2, 4, 12 Links from the centre
   uniform sources, r =  2: per unit of the release the presence   499, the age moment   5086  (inside)
   uniform sources, r =  4: per unit of the release the presence   596, the age moment   5086  (inside)
   uniform sources, r = 12: per unit of the release the presence   163, the age moment   3144  (outside)
   the shell theorem on the lattice, the age moment: 5086 at r = 2 and 5086 at r = 4, the ratio 1.000000 (the continuum's 1 exactly; the flat interior)
   the presence at the same two Nodes: 499 and 596, the ratio 0.8372 (the flux rises toward the shell: 1 / r^2 obeys Gauss, not Poisson, and is not flat inside)
   the declared release per source per direction: 1431597 / 2^16 = 21.8444 units per interval (series T's crowd's total 2 F over 450 Nodes)
   the sources' own clocks (the fixed point after 41 rounds, the last move 5.5e-13): each source's own count k 0.787 to 0.932 (mean 0.866), so its release per interval is 11.3054 to 12.2240 (mean 11.7078), 0.536 of the declared rate
   r =  2: the age word k = 0.9144 (uniform sources 1.6953), 1 + z = 1.9144, the clicks per interval 0.5224; the presence word k = 0.0896, 1 + z = 1.0896
   r =  4: the age word k = 0.9108 (uniform sources 1.6953), 1 + z = 1.9108, the clicks per interval 0.5233; the presence word k = 0.1067, 1 + z = 1.1067
   r = 12: the age word k = 0.5631 (uniform sources 1.0480), 1 + z = 1.5631, the clicks per interval 0.6398; the presence word k = 0.0293, 1 + z = 1.0293
   THE PIN INSIDE (the age word): k(2) / k(4) = 1.0039, the continuum's 1.0000 (the shell theorem); the ripple 0.0039 is the spread of the sources' own clocks over the lattice shell, nothing else (with uniform sources the two are one integer)
   THE PIN INSIDE (the presence word, expected to FAIL): k(2) / k(4) = 0.8400, 41 times the age word's ripple from 1: the one reading that tells the two words apart at a source term
   THE PIN OUTSIDE (the age word): k(12) / k(4) = 0.6183, the continuum's R / 12 = 0.5000 (the shell's exterior is the point source's C / r); the lattice reads above it by the grain of section C, where the age moment x r rises with r (1.237 of the continuum's)
   the rates a detector reads: rate(2) / rate(4) = 0.9981 inside under the age word, 1.0157 under the presence word; rate(4) / rate(12) = 0.8180 outside under the age word
   THE PINS OF SERIES X IN ONE LINE (what the register quotes, six decimals; the release 1431597 / 2^16 per source per direction):
     r =  2: k_age 0.914351  k_presence 0.089647  k_age_uniform 1.695264
     r =  4: k_age 0.910783  k_presence 0.106724  k_age_uniform 1.695264
     r = 12: k_age 0.563110  k_presence 0.029271  k_age_uniform 1.047957
     k_age(2) / k_age(4) 1.003917   k_presence(2) / k_presence(4) 0.839989   k_age(12) / k_age(4) 0.618270
