ROW 2a: THE FAN'S OPTIONS, EACH VISIBILITY A COMPUTATION BEFORE ANY RUN (no engine run)
the world: examples/events/amplitude/make_worlds.py two_slits_huygens() at HUYGENS_WIDTH = P; the pin: docs/designs/paper_criteria/slits_huygens_pin.py on that world (4096 births, the golden wheel [2531, 4096], N = 64, the screen at x = 52, the bright pixels y = 35..38, 59..61, 82..85 and the dark 13..20, 48..50, 70..72, 100..107 of the two-source cosine, unchanged for every P)

| P | directions per opening (admitted / full fan) | the grain | A = sum a^2 of one opening | A < 2^31 (loads) | the weights' visibility (first record) | Pearson (weights) | THE CLICKS' VISIBILITY (4096 births) | Pearson (clicks) | wall / screen / pixels / faces |
| --- | --- | --- | --- | --- | --- | --- | --- | --- | --- |
| 16 | 155 / 159 | 2^17 (the grain lowered from 2^18 to 2^17 for the ceiling) | 1284462784 | yes, loader: yes | 0.554 | 0.344 | **0.5411** | 0.349 | 2213 / 1177 / 103 / 706 |
| 24 | 339 / 359 | 2^17 (the grain lowered from 2^18 to 2^17 for the ceiling) | 620396815 | yes, loader: yes | 0.833 | 0.692 | **0.8227** | 0.690 | 1826 / 1270 / 107 / 1000 |
| 32 | 607 / 647 | 2^18 | 1462364405 | yes, loader: yes | 0.935 | 0.829 | **0.9329** | 0.830 | 1432 / 1435 / 112 / 1229 |
| 40 | 915 / 979 | 2^18 | 1002533472 | yes, loader: yes | 0.914 | 0.863 | **0.9175** | 0.862 | 1114 / 1627 / 113 / 1355 |
| 48 | 1327 / 1423 | 2^18 | 714364777 | yes, loader: yes | 0.966 | 0.893 | **0.9659** | 0.891 | 882 / 1711 / 107 / 1503 |
| 56 | 1795 / 1927 | 2^18 | 541522262 | yes, loader: yes | 0.961 | 0.902 | **0.9527** | 0.901 | 708 / 1799 / 113 / 1589 |
| 64 | 2345 / 2519 | 2^18 | 424702086 | yes, loader: yes | 0.962 | 0.900 | **0.9606** | 0.900 | 578 / 1873 / 110 / 1645 |
| 80 | 3655 / 3931 | 2^18 | 282273924 | yes, loader: NO (ValueError: beam-v1: directions[10] components must be integers from -64 through 64) | 0.959 | 0.892 | **0.9606** | 0.892 | 404 / 1972 / 111 / 1720 |
| 96 | 5217 / 5611 | 2^18 | 203336932 | yes, loader: NO (ValueError: beam-v1: directions[1] components must be integers from -64 through 64) | 0.968 | 0.915 | **0.9660** | 0.915 | 305 / 1996 / 113 / 1795 |

THE HARNESS AT P = 48 AGAINST THE REGISTERED PIN: the clicks' visibility 0.9659 (registered 0.9659), the bright [41, 19, 42, 38, 51, 49, 51, 39, 42, 20, 40] and the dark [3, 1, 0, 0, 0, 0, 0, 0, 3, 0, 1, 1, 0, 3, 0, 0, 0, 0, 0, 1, 0, 2] pixels, the totals (882, 1711, 107, 1503) (registered 882, 1711 on 107, 1503): REPRODUCED bit for bit

the bright and dark pixels' counts per P (the clicks over 4096 births):
  P = 16: bright [5, 36, 0, 22, 16, 26, 15, 22, 0, 36, 5], dark [3, 3, 13, 0, 15, 1, 4, 3, 0, 4, 9, 8, 4, 0, 4, 3, 1, 15, 0, 14, 2, 3]
  P = 24: bright [36, 25, 16, 25, 25, 40, 24, 25, 16, 28, 33], dark [1, 6, 5, 0, 0, 4, 3, 4, 0, 2, 3, 4, 2, 1, 3, 6, 0, 0, 1, 7, 4, 1]
  P = 32: bright [35, 20, 25, 42, 37, 43, 37, 41, 26, 21, 33], dark [1, 1, 1, 1, 2, 0, 0, 3, 1, 1, 1, 2, 0, 2, 4, 0, 0, 0, 0, 1, 1, 3]
  P = 40: bright [40, 18, 34, 36, 46, 45, 48, 36, 33, 22, 37], dark [2, 6, 1, 0, 1, 0, 0, 4, 1, 0, 2, 1, 0, 2, 4, 1, 0, 2, 0, 0, 6, 1]
  P = 48: bright [41, 19, 42, 38, 51, 49, 51, 39, 42, 20, 40], dark [3, 1, 0, 0, 0, 0, 0, 0, 3, 0, 1, 1, 0, 3, 0, 0, 0, 0, 0, 1, 0, 2]
  P = 56: bright [33, 36, 40, 36, 56, 53, 55, 37, 40, 35, 33], dark [3, 0, 1, 1, 1, 0, 0, 1, 3, 0, 2, 3, 0, 1, 0, 1, 1, 0, 0, 1, 1, 2]
  P = 64: bright [35, 36, 41, 40, 58, 55, 57, 38, 43, 36, 34], dark [3, 0, 2, 1, 0, 0, 1, 0, 1, 0, 2, 0, 1, 2, 1, 0, 0, 0, 0, 1, 1, 3]
  P = 80: bright [36, 40, 43, 39, 62, 56, 62, 41, 43, 40, 35], dark [4, 0, 1, 0, 0, 1, 0, 0, 2, 1, 0, 2, 0, 2, 1, 0, 0, 1, 0, 1, 1, 3]
  P = 96: bright [38, 41, 45, 43, 65, 59, 64, 42, 45, 41, 38], dark [2, 1, 0, 1, 1, 0, 0, 1, 2, 1, 1, 1, 0, 3, 0, 0, 0, 1, 0, 1, 1, 1]

THE PIN TOOL'S FULL OUTPUT PER P (the counts per cell, bit for bit, the pin of a run at that width):

===== P = 16 =====
slits_huygens: phase_per_link 8591334592/1073741824; the lamp at (2, 60) on 5 directions, the wheel [2531, 4096]; the openings [(8, 55), (8, 65)] on 155 directions each, the angle weights 669 .. 8788, A = sum a^2 = 1284462784; the fan rows' multiplicity 5 x A = 6422313920; the walls 222 Nodes
  the lamp's row (1, 0) ends at the wall (7, 60) (measured 223) at the age 8, the click's phase 4
  the lamp's row (1, 1) reaches the opening (8, 65) at the age 13, the leg's whole phase 40
  the lamp's row (1, -1) reaches the opening (8, 55) at the age 13, the leg's whole phase 40
  the lamp's row (2, 1) ends at the wall (7, 62) (measured 224) at the age 9, the click's phase 8
  the lamp's row (2, -1) ends at the wall (7, 58) (measured 222) at the age 9, the click's phase 8
  fan rows 310 (0 blocked, expected 0), wall rows 3

1. THE FIRST RECORD (u = 0) UNDER THE EXACT PHASE, a computation: the total 1.1119 of the birth norm; the shares wall 0.540 / screen 0.288 / faces 0.172 (the register's screen share under the exact phase 0.418; the 2026-09-20 pin under the BUILT phase, history: 2.677 and 0.224 / 0.410 / 0.366)
   the screen weights under the exact phase: Pearson with the two-source cosine 0.344; the visibility (mean bright - mean dark) / (mean bright + mean dark) 0.554; the peak at y = 58 at 0.01116 of the total (the register's 0.012 under the exact phase; under the BUILT phase of 2026-09-20, history: Pearson 0.895, visibility 0.954, the peak y = 59 at 0.01204)

2. THE FIRST 64 BIRTHS UNDER THE GOLDEN WHEEL AND THE EXACT PHASE, a computation: wall 35 (12, 12, 11), screen 17 on 17 pixels [12, 19, 31, 35, 38, 41, 52, 55, 60, 62, 65, 68, 79, 82, 89, 102, 108], faces 12 (6, 6); the register's totals for the run of 2026-09-21: wall 14, screen 27, faces 23, reproduced: False; the pixel list of the 2026-09-20 run under the BUILT phase and the wheel [1, 64], history: [2, 25, 31, 33, 35, 37, 39, 41, 43, 47, 56, 57, 59, 60, 61, 63, 64, 74, 77, 79, 81, 83, 85, 87, 89, 97, 119]

3. THE 4096 BIRTHS UNDER THE GOLDEN WHEEL AND THE EXACT PHASE, a computation: wall 2213, screen 1177 on 103 pixels, faces 706 (353, 353); registered wall 882, screen 1711 on 107, faces 1503
   the counts y = 40 .. 80: 3 29 5 27 4 8 5 2 0 4 9 4 12 7 5 39 4 3 45 16 26 15 44 4 3 40 4 8 12 4 8 4 0 3 4 8 5 27 5 28 4
   registered:              29 41 28 27 19 15 8 6 3 0 1 5 7 15 18 20 36 45 51 51 49 51 51 45 36 20 18 15 7 5 1 0 3 6 9 14 19 26 29 42 28
   equal on y = 40 .. 80: False
   the bright pixels [5, 36, 0, 22, 16, 26, 15, 22, 0, 36, 5] (registered [41, 19, 42, 38, 51, 49, 51, 39, 42, 20, 40]); the dark [3, 3, 13, 0, 15, 1, 4, 3, 0, 4, 9, 8, 4, 0, 4, 3, 1, 15, 0, 14, 2, 3] (registered [3, 1, 0, 0, 0, 0, 0, 0, 3, 0, 1, 1, 0, 3, 0, 0, 0, 0, 0, 1, 0, 2])
   Pearson(counts, cosine) 0.349 (registered 0.891); THE VISIBILITY OF THE CLICKS 0.5411 (registered 0.966)
   every screen pixel's count: [9, 2, 0, 4, 7, 15, 0, 4, 0, 2, 0, 4, 42, 3, 3, 13, 0, 15, 1, 4, 3, 2, 32, 0, 6, 0, 10, 15, 5, 7, 9, 11, 5, 16, 7, 5, 36, 0, 22, 26, 3, 29, 5, 27, 4, 8, 5, 2, 0, 4, 9, 4, 12, 7, 5, 39, 4, 3, 45, 16, 26, 15, 44, 4, 3, 40, 4, 8, 12, 4, 8, 4, 0, 3, 4, 8, 5, 27, 5, 28, 4, 26, 22, 0, 36, 5, 7, 16, 5, 12, 8, 6, 6, 14, 10, 0, 7, 0, 32, 1, 4, 3, 1, 15, 0, 14, 2, 3, 43, 3, 0, 3, 0, 4, 0, 15, 7, 3, 0, 3, 9]
   the wall cells [737, 737, 739], the faces (353, 353)
   against the first record's rungs (the expected counts): the worst cell off by 3 (registered: within 2)

   THE COMPUTATION REPRODUCES THE REGISTERED RUN OF 2026-09-21: False

THE PIN FOR THIS WORLD'S FAN (the algebra's, before the run at head): the clicks' visibility over the named bright and dark pixels 0.5411, the counts per cell as printed above, bit for bit (the ladder is deterministic: the same 4096 u on the same 64 ladders); the criterion of NATURE row 2a: FAIL against the measured 0.98 (Grangier, Roger and Aspect 1986) and the ideal 1 by the algebra itself, 0.439 below the measured and 0.459 below the ideal; the run at head confirms the integers or refutes the closed form (a count off its pinned cell by more than the rungs' own width, one click).

===== P = 24 =====
slits_huygens: phase_per_link 8591334592/1073741824; the lamp at (2, 60) on 5 directions, the wheel [2531, 4096]; the openings [(8, 55), (8, 65)] on 339 directions each, the angle weights 270 .. 5739, A = sum a^2 = 620396815; the fan rows' multiplicity 5 x A = 3101984075; the walls 222 Nodes
  the lamp's row (1, 0) ends at the wall (7, 60) (measured 223) at the age 8, the click's phase 4
  the lamp's row (1, 1) reaches the opening (8, 65) at the age 13, the leg's whole phase 40
  the lamp's row (1, -1) reaches the opening (8, 55) at the age 13, the leg's whole phase 40
  the lamp's row (2, 1) ends at the wall (7, 62) (measured 224) at the age 9, the click's phase 8
  the lamp's row (2, -1) ends at the wall (7, 58) (measured 222) at the age 9, the click's phase 8
  fan rows 678 (0 blocked, expected 0), wall rows 3

1. THE FIRST RECORD (u = 0) UNDER THE EXACT PHASE, a computation: the total 1.3468 of the birth norm; the shares wall 0.446 / screen 0.310 / faces 0.244 (the register's screen share under the exact phase 0.418; the 2026-09-20 pin under the BUILT phase, history: 2.677 and 0.224 / 0.410 / 0.366)
   the screen weights under the exact phase: Pearson with the two-source cosine 0.692; the visibility (mean bright - mean dark) / (mean bright + mean dark) 0.833; the peak at y = 57 at 0.01047 of the total (the register's 0.012 under the exact phase; under the BUILT phase of 2026-09-20, history: Pearson 0.895, visibility 0.954, the peak y = 59 at 0.01204)

2. THE FIRST 64 BIRTHS UNDER THE GOLDEN WHEEL AND THE EXACT PHASE, a computation: wall 28 (10, 9, 9), screen 21 on 21 pixels [2, 12, 24, 30, 36, 38, 42, 54, 56, 59, 60, 62, 63, 74, 77, 82, 84, 87, 88, 106, 113], faces 15 (7, 8); the register's totals for the run of 2026-09-21: wall 14, screen 27, faces 23, reproduced: False; the pixel list of the 2026-09-20 run under the BUILT phase and the wheel [1, 64], history: [2, 25, 31, 33, 35, 37, 39, 41, 43, 47, 56, 57, 59, 60, 61, 63, 64, 74, 77, 79, 81, 83, 85, 87, 89, 97, 119]

3. THE 4096 BIRTHS UNDER THE GOLDEN WHEEL AND THE EXACT PHASE, a computation: wall 1826, screen 1270 on 107 pixels, faces 1000 (500, 500); registered wall 882, screen 1711 on 107, faces 1503
   the counts y = 40 .. 80: 16 29 16 24 7 15 8 0 0 2 3 5 6 17 8 32 9 42 31 25 40 24 31 42 10 33 5 19 5 4 4 2 1 0 9 13 7 24 16 30 16
   registered:              29 41 28 27 19 15 8 6 3 0 1 5 7 15 18 20 36 45 51 51 49 51 51 45 36 20 18 15 7 5 1 0 3 6 9 14 19 26 29 42 28
   equal on y = 40 .. 80: False
   the bright pixels [36, 25, 16, 25, 25, 40, 24, 25, 16, 28, 33] (registered [41, 19, 42, 38, 51, 49, 51, 39, 42, 20, 40]); the dark [1, 6, 5, 0, 0, 4, 3, 4, 0, 2, 3, 4, 2, 1, 3, 6, 0, 0, 1, 7, 4, 1] (registered [3, 1, 0, 0, 0, 0, 0, 0, 3, 0, 1, 1, 0, 3, 0, 0, 0, 0, 0, 1, 0, 2])
   Pearson(counts, cosine) 0.690 (registered 0.891); THE VISIBILITY OF THE CLICKS 0.8227 (registered 0.966)
   every screen pixel's count: [5, 3, 4, 0, 7, 0, 1, 4, 6, 2, 0, 3, 25, 1, 6, 5, 0, 0, 4, 3, 4, 0, 20, 1, 4, 7, 4, 5, 7, 6, 10, 9, 23, 20, 1, 36, 25, 16, 25, 18, 16, 29, 16, 24, 7, 15, 8, 0, 0, 2, 3, 5, 6, 17, 8, 32, 9, 42, 31, 25, 40, 24, 31, 42, 10, 33, 5, 19, 5, 4, 4, 2, 1, 0, 9, 13, 7, 24, 16, 30, 16, 17, 25, 16, 28, 33, 2, 20, 22, 9, 10, 7, 9, 4, 3, 9, 0, 3, 20, 0, 3, 6, 0, 0, 1, 7, 4, 1, 26, 3, 0, 1, 6, 3, 2, 1, 5, 3, 2, 3, 6]
   the wall cells [608, 610, 608], the faces (500, 500)
   against the first record's rungs (the expected counts): the worst cell off by 3 (registered: within 2)

   THE COMPUTATION REPRODUCES THE REGISTERED RUN OF 2026-09-21: False

THE PIN FOR THIS WORLD'S FAN (the algebra's, before the run at head): the clicks' visibility over the named bright and dark pixels 0.8227, the counts per cell as printed above, bit for bit (the ladder is deterministic: the same 4096 u on the same 64 ladders); the criterion of NATURE row 2a: FAIL against the measured 0.98 (Grangier, Roger and Aspect 1986) and the ideal 1 by the algebra itself, 0.157 below the measured and 0.177 below the ideal; the run at head confirms the integers or refutes the closed form (a count off its pinned cell by more than the rungs' own width, one click).

===== P = 32 =====
slits_huygens: phase_per_link 8591334592/1073741824; the lamp at (2, 60) on 5 directions, the wheel [2531, 4096]; the openings [(8, 55), (8, 65)] on 607 directions each, the angle weights 291 .. 8517, A = sum a^2 = 1462364405; the fan rows' multiplicity 5 x A = 7311822025; the walls 222 Nodes
  the lamp's row (1, 0) ends at the wall (7, 60) (measured 223) at the age 8, the click's phase 4
  the lamp's row (1, 1) reaches the opening (8, 65) at the age 13, the leg's whole phase 40
  the lamp's row (1, -1) reaches the opening (8, 55) at the age 13, the leg's whole phase 40
  the lamp's row (2, 1) ends at the wall (7, 62) (measured 224) at the age 9, the click's phase 8
  the lamp's row (2, -1) ends at the wall (7, 58) (measured 222) at the age 9, the click's phase 8
  fan rows 1214 (0 blocked, expected 0), wall rows 3

1. THE FIRST RECORD (u = 0) UNDER THE EXACT PHASE, a computation: the total 1.7176 of the birth norm; the shares wall 0.350 / screen 0.350 / faces 0.300 (the register's screen share under the exact phase 0.418; the 2026-09-20 pin under the BUILT phase, history: 2.677 and 0.224 / 0.410 / 0.366)
   the screen weights under the exact phase: Pearson with the two-source cosine 0.829; the visibility (mean bright - mean dark) / (mean bright + mean dark) 0.935; the peak at y = 60 at 0.01047 of the total (the register's 0.012 under the exact phase; under the BUILT phase of 2026-09-20, history: Pearson 0.895, visibility 0.954, the peak y = 59 at 0.01204)

2. THE FIRST 64 BIRTHS UNDER THE GOLDEN WHEEL AND THE EXACT PHASE, a computation: wall 23 (8, 7, 8), screen 22 on 22 pixels [11, 22, 32, 37, 38, 41, 43, 47, 55, 58, 59, 61, 64, 67, 78, 79, 81, 82, 86, 88, 99, 111], faces 19 (9, 10); the register's totals for the run of 2026-09-21: wall 14, screen 27, faces 23, reproduced: False; the pixel list of the 2026-09-20 run under the BUILT phase and the wheel [1, 64], history: [2, 25, 31, 33, 35, 37, 39, 41, 43, 47, 56, 57, 59, 60, 61, 63, 64, 74, 77, 79, 81, 83, 85, 87, 89, 97, 119]

3. THE 4096 BIRTHS UNDER THE GOLDEN WHEEL AND THE EXACT PHASE, a computation: wall 1432, screen 1435 on 112 pixels, faces 1229 (615, 614); registered wall 882, screen 1711 on 107, faces 1503
   the counts y = 40 .. 80: 16 39 27 21 12 16 9 5 1 1 1 6 6 11 6 31 18 37 37 37 43 37 38 37 20 28 7 13 6 4 2 0 2 3 10 16 12 21 30 38 16
   registered:              29 41 28 27 19 15 8 6 3 0 1 5 7 15 18 20 36 45 51 51 49 51 51 45 36 20 18 15 7 5 1 0 3 6 9 14 19 26 29 42 28
   equal on y = 40 .. 80: False
   the bright pixels [35, 20, 25, 42, 37, 43, 37, 41, 26, 21, 33] (registered [41, 19, 42, 38, 51, 49, 51, 39, 42, 20, 40]); the dark [1, 1, 1, 1, 2, 0, 0, 3, 1, 1, 1, 2, 0, 2, 4, 0, 0, 0, 0, 1, 1, 3] (registered [3, 1, 0, 0, 0, 0, 0, 0, 3, 0, 1, 1, 0, 3, 0, 0, 0, 0, 0, 1, 0, 2])
   Pearson(counts, cosine) 0.830 (registered 0.891); THE VISIBILITY OF THE CLICKS 0.9329 (registered 0.966)
   every screen pixel's count: [6, 3, 4, 1, 4, 4, 0, 2, 2, 6, 1, 5, 17, 1, 1, 1, 1, 2, 0, 0, 3, 3, 14, 2, 3, 7, 2, 7, 11, 9, 12, 13, 32, 17, 15, 35, 20, 25, 42, 25, 16, 39, 27, 21, 12, 16, 9, 5, 1, 1, 1, 6, 6, 11, 6, 31, 18, 37, 37, 37, 43, 37, 38, 37, 20, 28, 7, 13, 6, 4, 2, 0, 2, 3, 10, 16, 12, 21, 30, 38, 16, 24, 41, 26, 21, 33, 16, 16, 32, 15, 10, 10, 12, 6, 2, 7, 2, 3, 13, 5, 4, 0, 0, 0, 0, 1, 1, 3, 17, 4, 2, 4, 2, 4, 0, 3, 4, 3, 2, 4, 5]
   the wall cells [478, 476, 478], the faces (615, 614)
   against the first record's rungs (the expected counts): the worst cell off by 3 (registered: within 2)

   THE COMPUTATION REPRODUCES THE REGISTERED RUN OF 2026-09-21: False

THE PIN FOR THIS WORLD'S FAN (the algebra's, before the run at head): the clicks' visibility over the named bright and dark pixels 0.9329, the counts per cell as printed above, bit for bit (the ladder is deterministic: the same 4096 u on the same 64 ladders); the criterion of NATURE row 2a: FAIL against the measured 0.98 (Grangier, Roger and Aspect 1986) and the ideal 1 by the algebra itself, 0.047 below the measured and 0.067 below the ideal; the run at head confirms the integers or refutes the closed form (a count off its pinned cell by more than the rungs' own width, one click).

===== P = 40 =====
slits_huygens: phase_per_link 8591334592/1073741824; the lamp at (2, 60) on 5 directions, the wheel [2531, 4096]; the openings [(8, 55), (8, 65)] on 915 directions each, the angle weights 181 .. 6772, A = sum a^2 = 1002533472; the fan rows' multiplicity 5 x A = 5012667360; the walls 222 Nodes
  the lamp's row (1, 0) ends at the wall (7, 60) (measured 223) at the age 8, the click's phase 4
  the lamp's row (1, 1) reaches the opening (8, 65) at the age 13, the leg's whole phase 40
  the lamp's row (1, -1) reaches the opening (8, 55) at the age 13, the leg's whole phase 40
  the lamp's row (2, 1) ends at the wall (7, 62) (measured 224) at the age 9, the click's phase 8
  the lamp's row (2, -1) ends at the wall (7, 58) (measured 222) at the age 9, the click's phase 8
  fan rows 1830 (0 blocked, expected 0), wall rows 3

1. THE FIRST RECORD (u = 0) UNDER THE EXACT PHASE, a computation: the total 2.2064 of the birth norm; the shares wall 0.272 / screen 0.397 / faces 0.331 (the register's screen share under the exact phase 0.418; the 2026-09-20 pin under the BUILT phase, history: 2.677 and 0.224 / 0.410 / 0.366)
   the screen weights under the exact phase: Pearson with the two-source cosine 0.863; the visibility (mean bright - mean dark) / (mean bright + mean dark) 0.914; the peak at y = 60 at 0.01121 of the total (the register's 0.012 under the exact phase; under the BUILT phase of 2026-09-20, history: Pearson 0.895, visibility 0.954, the peak y = 59 at 0.01204)

2. THE FIRST 64 BIRTHS UNDER THE GOLDEN WHEEL AND THE EXACT PHASE, a computation: wall 18 (7, 5, 6), screen 25 on 25 pixels [7, 28, 31, 34, 35, 38, 39, 42, 53, 55, 58, 59, 60, 61, 63, 64, 75, 79, 80, 83, 85, 87, 88, 98, 110], faces 21 (10, 11); the register's totals for the run of 2026-09-21: wall 14, screen 27, faces 23, reproduced: False; the pixel list of the 2026-09-20 run under the BUILT phase and the wheel [1, 64], history: [2, 25, 31, 33, 35, 37, 39, 41, 43, 47, 56, 57, 59, 60, 61, 63, 64, 74, 77, 79, 81, 83, 85, 87, 89, 97, 119]

3. THE 4096 BIRTHS UNDER THE GOLDEN WHEEL AND THE EXACT PHASE, a computation: wall 1114, screen 1627 on 113 pixels, faces 1355 (677, 678); registered wall 882, screen 1711 on 107, faces 1503
   the counts y = 40 .. 80: 22 40 37 18 15 19 9 4 1 0 2 4 9 12 15 25 28 39 46 46 45 48 44 39 29 26 13 13 7 5 1 0 2 5 8 20 15 19 37 38 22
   registered:              29 41 28 27 19 15 8 6 3 0 1 5 7 15 18 20 36 45 51 51 49 51 51 45 36 20 18 15 7 5 1 0 3 6 9 14 19 26 29 42 28
   equal on y = 40 .. 80: False
   the bright pixels [40, 18, 34, 36, 46, 45, 48, 36, 33, 22, 37] (registered [41, 19, 42, 38, 51, 49, 51, 39, 42, 20, 40]); the dark [2, 6, 1, 0, 1, 0, 0, 4, 1, 0, 2, 1, 0, 2, 4, 1, 0, 2, 0, 0, 6, 1] (registered [3, 1, 0, 0, 0, 0, 0, 0, 3, 0, 1, 1, 0, 3, 0, 0, 0, 0, 0, 1, 0, 2])
   Pearson(counts, cosine) 0.862 (registered 0.891); THE VISIBILITY OF THE CLICKS 0.9175 (registered 0.966)
   every screen pixel's count: [4, 7, 1, 4, 4, 1, 3, 3, 2, 7, 1, 6, 11, 2, 6, 1, 0, 1, 0, 0, 4, 7, 9, 4, 8, 5, 3, 8, 11, 12, 13, 18, 32, 17, 20, 40, 18, 34, 36, 37, 22, 40, 37, 18, 15, 19, 9, 4, 1, 0, 2, 4, 9, 12, 15, 25, 28, 39, 46, 46, 45, 48, 44, 39, 29, 26, 13, 13, 7, 5, 1, 0, 2, 5, 8, 20, 15, 19, 37, 38, 22, 37, 36, 33, 22, 37, 20, 17, 32, 19, 12, 13, 10, 9, 2, 6, 8, 3, 10, 6, 4, 1, 0, 2, 0, 0, 6, 1, 14, 2, 2, 8, 4, 1, 3, 3, 1, 4, 4, 4, 4]
   the wall cells [372, 372, 370], the faces (677, 678)
   against the first record's rungs (the expected counts): the worst cell off by 2 (registered: within 2)

   THE COMPUTATION REPRODUCES THE REGISTERED RUN OF 2026-09-21: False

THE PIN FOR THIS WORLD'S FAN (the algebra's, before the run at head): the clicks' visibility over the named bright and dark pixels 0.9175, the counts per cell as printed above, bit for bit (the ladder is deterministic: the same 4096 u on the same 64 ladders); the criterion of NATURE row 2a: FAIL against the measured 0.98 (Grangier, Roger and Aspect 1986) and the ideal 1 by the algebra itself, 0.063 below the measured and 0.083 below the ideal; the run at head confirms the integers or refutes the closed form (a count off its pinned cell by more than the rungs' own width, one click).

===== P = 48 =====
slits_huygens: phase_per_link 8591334592/1073741824; the lamp at (2, 60) on 5 directions, the wheel [2531, 4096]; the openings [(8, 55), (8, 65)] on 1327 directions each, the angle weights 123 .. 5619, A = sum a^2 = 714364777; the fan rows' multiplicity 5 x A = 3571823885; the walls 222 Nodes
  the lamp's row (1, 0) ends at the wall (7, 60) (measured 223) at the age 8, the click's phase 4
  the lamp's row (1, 1) reaches the opening (8, 65) at the age 13, the leg's whole phase 40
  the lamp's row (1, -1) reaches the opening (8, 55) at the age 13, the leg's whole phase 40
  the lamp's row (2, 1) ends at the wall (7, 62) (measured 224) at the age 9, the click's phase 8
  the lamp's row (2, -1) ends at the wall (7, 58) (measured 222) at the age 9, the click's phase 8
  fan rows 2654 (0 blocked, expected 0), wall rows 3

1. THE FIRST RECORD (u = 0) UNDER THE EXACT PHASE, a computation: the total 2.7879 of the birth norm; the shares wall 0.215 / screen 0.418 / faces 0.367 (the register's screen share under the exact phase 0.418; the 2026-09-20 pin under the BUILT phase, history: 2.677 and 0.224 / 0.410 / 0.366)
   the screen weights under the exact phase: Pearson with the two-source cosine 0.893; the visibility (mean bright - mean dark) / (mean bright + mean dark) 0.966; the peak at y = 59 at 0.01260 of the total (the register's 0.012 under the exact phase; under the BUILT phase of 2026-09-20, history: Pearson 0.895, visibility 0.954, the peak y = 59 at 0.01204)

2. THE FIRST 64 BIRTHS UNDER THE GOLDEN WHEEL AND THE EXACT PHASE, a computation: wall 14 (5, 5, 4), screen 27 on 27 pixels [7, 27, 30, 34, 35, 38, 39, 41, 42, 51, 54, 57, 59, 60, 62, 63, 64, 66, 77, 78, 81, 83, 85, 88, 90, 98, 114], faces 23 (11, 12); the register's totals for the run of 2026-09-21: wall 14, screen 27, faces 23, reproduced: True; the pixel list of the 2026-09-20 run under the BUILT phase and the wheel [1, 64], history: [2, 25, 31, 33, 35, 37, 39, 41, 43, 47, 56, 57, 59, 60, 61, 63, 64, 74, 77, 79, 81, 83, 85, 87, 89, 97, 119]

3. THE 4096 BIRTHS UNDER THE GOLDEN WHEEL AND THE EXACT PHASE, a computation: wall 882, screen 1711 on 107 pixels, faces 1503 (751, 752); registered wall 882, screen 1711 on 107, faces 1503
   the counts y = 40 .. 80: 29 41 28 27 19 15 8 6 3 0 1 5 7 15 18 20 36 45 51 51 49 51 51 45 36 20 18 15 7 5 1 0 3 6 9 14 19 26 29 42 28
   registered:              29 41 28 27 19 15 8 6 3 0 1 5 7 15 18 20 36 45 51 51 49 51 51 45 36 20 18 15 7 5 1 0 3 6 9 14 19 26 29 42 28
   equal on y = 40 .. 80: True
   the bright pixels [41, 19, 42, 38, 51, 49, 51, 39, 42, 20, 40] (registered [41, 19, 42, 38, 51, 49, 51, 39, 42, 20, 40]); the dark [3, 1, 0, 0, 0, 0, 0, 0, 3, 0, 1, 1, 0, 3, 0, 0, 0, 0, 0, 1, 0, 2] (registered [3, 1, 0, 0, 0, 0, 0, 0, 3, 0, 1, 1, 0, 3, 0, 0, 0, 0, 0, 1, 0, 2])
   Pearson(counts, cosine) 0.891 (registered 0.891); THE VISIBILITY OF THE CLICKS 0.9659 (registered 0.966)
   every screen pixel's count: [3, 5, 4, 3, 4, 4, 3, 2, 2, 2, 3, 4, 8, 3, 1, 0, 0, 0, 0, 0, 0, 9, 7, 1, 4, 7, 4, 9, 12, 11, 16, 21, 23, 27, 25, 41, 19, 42, 38, 39, 29, 41, 28, 27, 19, 15, 8, 6, 3, 0, 1, 5, 7, 15, 18, 20, 36, 45, 51, 51, 49, 51, 51, 45, 36, 20, 18, 15, 7, 5, 1, 0, 3, 6, 9, 14, 19, 26, 29, 42, 28, 38, 39, 42, 20, 40, 26, 25, 24, 22, 15, 12, 11, 10, 3, 7, 4, 1, 8, 8, 0, 0, 0, 0, 0, 1, 0, 2, 9, 4, 3, 1, 3, 3, 2, 4, 3, 4, 3, 6, 3]
   the wall cells [294, 295, 293], the faces (751, 752)
   against the first record's rungs (the expected counts): the worst cell off by 2 (registered: within 2)

   THE COMPUTATION REPRODUCES THE REGISTERED RUN OF 2026-09-21: True

THE PIN FOR THIS WORLD'S FAN (the algebra's, before the run at head): the clicks' visibility over the named bright and dark pixels 0.9659, the counts per cell as printed above, bit for bit (the ladder is deterministic: the same 4096 u on the same 64 ladders); the criterion of NATURE row 2a: FAIL against the measured 0.98 (Grangier, Roger and Aspect 1986) and the ideal 1 by the algebra itself, 0.014 below the measured and 0.034 below the ideal; the run at head confirms the integers or refutes the closed form (a count off its pinned cell by more than the rungs' own width, one click).

===== P = 56 =====
slits_huygens: phase_per_link 8591334592/1073741824; the lamp at (2, 60) on 5 directions, the wheel [2531, 4096]; the openings [(8, 55), (8, 65)] on 1795 directions each, the angle weights 89 .. 4802, A = sum a^2 = 541522262; the fan rows' multiplicity 5 x A = 2707611310; the walls 222 Nodes
  the lamp's row (1, 0) ends at the wall (7, 60) (measured 223) at the age 8, the click's phase 4
  the lamp's row (1, 1) reaches the opening (8, 65) at the age 13, the leg's whole phase 40
  the lamp's row (1, -1) reaches the opening (8, 55) at the age 13, the leg's whole phase 40
  the lamp's row (2, 1) ends at the wall (7, 62) (measured 224) at the age 9, the click's phase 8
  the lamp's row (2, -1) ends at the wall (7, 58) (measured 222) at the age 9, the click's phase 8
  fan rows 3590 (0 blocked, expected 0), wall rows 3

1. THE FIRST RECORD (u = 0) UNDER THE EXACT PHASE, a computation: the total 3.4767 of the birth norm; the shares wall 0.173 / screen 0.439 / faces 0.388 (the register's screen share under the exact phase 0.418; the 2026-09-20 pin under the BUILT phase, history: 2.677 and 0.224 / 0.410 / 0.366)
   the screen weights under the exact phase: Pearson with the two-source cosine 0.902; the visibility (mean bright - mean dark) / (mean bright + mean dark) 0.961; the peak at y = 59 at 0.01346 of the total (the register's 0.012 under the exact phase; under the BUILT phase of 2026-09-20, history: Pearson 0.895, visibility 0.954, the peak y = 59 at 0.01204)

2. THE FIRST 64 BIRTHS UNDER THE GOLDEN WHEEL AND THE EXACT PHASE, a computation: wall 11 (4, 4, 3), screen 28 on 27 pixels [7, 22, 32, 33, 35, 36, 39, 40, 43, 44, 53, 55, 57, 58, 60, 62, 65, 67, 75, 77, 80, 81, 84, 86, 88, 96, 110], faces 25 (12, 13); the register's totals for the run of 2026-09-21: wall 14, screen 27, faces 23, reproduced: False; the pixel list of the 2026-09-20 run under the BUILT phase and the wheel [1, 64], history: [2, 25, 31, 33, 35, 37, 39, 41, 43, 47, 56, 57, 59, 60, 61, 63, 64, 74, 77, 79, 81, 83, 85, 87, 89, 97, 119]

3. THE 4096 BIRTHS UNDER THE GOLDEN WHEEL AND THE EXACT PHASE, a computation: wall 708, screen 1799 on 113 pixels, faces 1589 (794, 795); registered wall 882, screen 1711 on 107, faces 1503
   the counts y = 40 .. 80: 31 42 31 28 19 16 9 5 3 0 2 5 8 14 25 18 43 44 52 56 53 55 53 44 43 19 23 15 8 4 3 0 1 6 10 16 19 26 32 43 31
   registered:              29 41 28 27 19 15 8 6 3 0 1 5 7 15 18 20 36 45 51 51 49 51 51 45 36 20 18 15 7 5 1 0 3 6 9 14 19 26 29 42 28
   equal on y = 40 .. 80: False
   the bright pixels [33, 36, 40, 36, 56, 53, 55, 37, 40, 35, 33] (registered [41, 19, 42, 38, 51, 49, 51, 39, 42, 20, 40]); the dark [3, 0, 1, 1, 1, 0, 0, 1, 3, 0, 2, 3, 0, 1, 0, 1, 1, 0, 0, 1, 1, 2] (registered [3, 1, 0, 0, 0, 0, 0, 0, 3, 0, 1, 1, 0, 3, 0, 0, 0, 0, 0, 1, 0, 2])
   Pearson(counts, cosine) 0.901 (registered 0.891); THE VISIBILITY OF THE CLICKS 0.9527 (registered 0.966)
   every screen pixel's count: [2, 7, 3, 4, 3, 3, 4, 1, 5, 1, 4, 2, 7, 3, 0, 1, 1, 1, 0, 0, 1, 6, 6, 4, 4, 4, 6, 8, 14, 12, 15, 23, 26, 25, 30, 33, 36, 40, 36, 41, 31, 42, 31, 28, 19, 16, 9, 5, 3, 0, 2, 5, 8, 14, 25, 18, 43, 44, 52, 56, 53, 55, 53, 44, 43, 19, 23, 15, 8, 4, 3, 0, 1, 6, 10, 16, 19, 26, 32, 43, 31, 40, 37, 40, 35, 33, 31, 25, 25, 23, 16, 12, 12, 10, 5, 5, 4, 3, 6, 7, 0, 1, 1, 0, 0, 1, 1, 2, 7, 3, 3, 2, 3, 3, 4, 3, 3, 3, 4, 6, 3]
   the wall cells [236, 236, 236], the faces (794, 795)
   against the first record's rungs (the expected counts): the worst cell off by 2 (registered: within 2)

   THE COMPUTATION REPRODUCES THE REGISTERED RUN OF 2026-09-21: False

THE PIN FOR THIS WORLD'S FAN (the algebra's, before the run at head): the clicks' visibility over the named bright and dark pixels 0.9527, the counts per cell as printed above, bit for bit (the ladder is deterministic: the same 4096 u on the same 64 ladders); the criterion of NATURE row 2a: FAIL against the measured 0.98 (Grangier, Roger and Aspect 1986) and the ideal 1 by the algebra itself, 0.027 below the measured and 0.047 below the ideal; the run at head confirms the integers or refutes the closed form (a count off its pinned cell by more than the rungs' own width, one click).

===== P = 64 =====
slits_huygens: phase_per_link 8591334592/1073741824; the lamp at (2, 60) on 5 directions, the wheel [2531, 4096]; the openings [(8, 55), (8, 65)] on 2345 directions each, the angle weights 68 .. 4192, A = sum a^2 = 424702086; the fan rows' multiplicity 5 x A = 2123510430; the walls 222 Nodes
  the lamp's row (1, 0) ends at the wall (7, 60) (measured 223) at the age 8, the click's phase 4
  the lamp's row (1, 1) reaches the opening (8, 65) at the age 13, the leg's whole phase 40
  the lamp's row (1, -1) reaches the opening (8, 55) at the age 13, the leg's whole phase 40
  the lamp's row (2, 1) ends at the wall (7, 62) (measured 224) at the age 9, the click's phase 8
  the lamp's row (2, -1) ends at the wall (7, 58) (measured 222) at the age 9, the click's phase 8
  fan rows 4690 (0 blocked, expected 0), wall rows 3

1. THE FIRST RECORD (u = 0) UNDER THE EXACT PHASE, a computation: the total 4.2481 of the birth norm; the shares wall 0.141 / screen 0.457 / faces 0.402 (the register's screen share under the exact phase 0.418; the 2026-09-20 pin under the BUILT phase, history: 2.677 and 0.224 / 0.410 / 0.366)
   the screen weights under the exact phase: Pearson with the two-source cosine 0.900; the visibility (mean bright - mean dark) / (mean bright + mean dark) 0.962; the peak at y = 59 at 0.01412 of the total (the register's 0.012 under the exact phase; under the BUILT phase of 2026-09-20, history: Pearson 0.895, visibility 0.954, the peak y = 59 at 0.01204)

2. THE FIRST 64 BIRTHS UNDER THE GOLDEN WHEEL AND THE EXACT PHASE, a computation: wall 10 (4, 3, 3), screen 28 on 27 pixels [21, 31, 33, 36, 37, 38, 39, 42, 43, 53, 55, 57, 59, 60, 62, 63, 64, 74, 76, 78, 79, 82, 83, 85, 89, 91, 117], faces 26 (13, 13); the register's totals for the run of 2026-09-21: wall 14, screen 27, faces 23, reproduced: False; the pixel list of the 2026-09-20 run under the BUILT phase and the wheel [1, 64], history: [2, 25, 31, 33, 35, 37, 39, 41, 43, 47, 56, 57, 59, 60, 61, 63, 64, 74, 77, 79, 81, 83, 85, 87, 89, 97, 119]

3. THE 4096 BIRTHS UNDER THE GOLDEN WHEEL AND THE EXACT PHASE, a computation: wall 578, screen 1873 on 110 pixels, faces 1645 (822, 823); registered wall 882, screen 1711 on 107, faces 1503
   the counts y = 40 .. 80: 35 44 32 26 22 16 9 7 1 0 2 5 8 16 26 18 48 46 54 58 55 57 55 47 48 16 28 16 8 5 0 1 2 6 10 16 21 27 31 45 34
   registered:              29 41 28 27 19 15 8 6 3 0 1 5 7 15 18 20 36 45 51 51 49 51 51 45 36 20 18 15 7 5 1 0 3 6 9 14 19 26 29 42 28
   equal on y = 40 .. 80: False
   the bright pixels [35, 36, 41, 40, 58, 55, 57, 38, 43, 36, 34] (registered [41, 19, 42, 38, 51, 49, 51, 39, 42, 20, 40]); the dark [3, 0, 2, 1, 0, 0, 1, 0, 1, 0, 2, 0, 1, 2, 1, 0, 0, 0, 0, 1, 1, 3] (registered [3, 1, 0, 0, 0, 0, 0, 0, 3, 0, 1, 1, 0, 3, 0, 0, 0, 0, 0, 1, 0, 2])
   Pearson(counts, cosine) 0.900 (registered 0.891); THE VISIBILITY OF THE CLICKS 0.9606 (registered 0.966)
   every screen pixel's count: [3, 6, 4, 5, 2, 4, 4, 3, 4, 0, 5, 4, 4, 3, 0, 2, 1, 0, 0, 1, 0, 6, 6, 3, 2, 7, 5, 9, 12, 15, 19, 21, 24, 27, 33, 35, 36, 41, 40, 40, 35, 44, 32, 26, 22, 16, 9, 7, 1, 0, 2, 5, 8, 16, 26, 18, 48, 46, 54, 58, 55, 57, 55, 47, 48, 16, 28, 16, 8, 5, 0, 1, 2, 6, 10, 16, 21, 27, 31, 45, 34, 41, 38, 43, 36, 34, 34, 25, 25, 22, 18, 15, 11, 10, 6, 5, 4, 3, 5, 7, 1, 0, 0, 0, 0, 1, 1, 3, 6, 3, 3, 3, 3, 2, 4, 4, 3, 4, 4, 5, 4]
   the wall cells [193, 193, 192], the faces (822, 823)
   against the first record's rungs (the expected counts): the worst cell off by 2 (registered: within 2)

   THE COMPUTATION REPRODUCES THE REGISTERED RUN OF 2026-09-21: False

THE PIN FOR THIS WORLD'S FAN (the algebra's, before the run at head): the clicks' visibility over the named bright and dark pixels 0.9606, the counts per cell as printed above, bit for bit (the ladder is deterministic: the same 4096 u on the same 64 ladders); the criterion of NATURE row 2a: FAIL against the measured 0.98 (Grangier, Roger and Aspect 1986) and the ideal 1 by the algebra itself, 0.019 below the measured and 0.039 below the ideal; the run at head confirms the integers or refutes the closed form (a count off its pinned cell by more than the rungs' own width, one click).

===== P = 80 =====
slits_huygens: phase_per_link 8591334592/1073741824; the lamp at (2, 60) on 5 directions, the wheel [2531, 4096]; the openings [(8, 55), (8, 65)] on 3655 directions each, the angle weights 43 .. 3344, A = sum a^2 = 282273924; the fan rows' multiplicity 5 x A = 1411369620; the walls 222 Nodes
  the lamp's row (1, 0) ends at the wall (7, 60) (measured 223) at the age 8, the click's phase 4
  the lamp's row (1, 1) reaches the opening (8, 65) at the age 13, the leg's whole phase 40
  the lamp's row (1, -1) reaches the opening (8, 55) at the age 13, the leg's whole phase 40
  the lamp's row (2, 1) ends at the wall (7, 62) (measured 224) at the age 9, the click's phase 8
  the lamp's row (2, -1) ends at the wall (7, 58) (measured 222) at the age 9, the click's phase 8
  fan rows 7310 (0 blocked, expected 0), wall rows 3

1. THE FIRST RECORD (u = 0) UNDER THE EXACT PHASE, a computation: the total 6.0926 of the birth norm; the shares wall 0.099 / screen 0.482 / faces 0.420 (the register's screen share under the exact phase 0.418; the 2026-09-20 pin under the BUILT phase, history: 2.677 and 0.224 / 0.410 / 0.366)
   the screen weights under the exact phase: Pearson with the two-source cosine 0.892; the visibility (mean bright - mean dark) / (mean bright + mean dark) 0.959; the peak at y = 59 at 0.01515 of the total (the register's 0.012 under the exact phase; under the BUILT phase of 2026-09-20, history: Pearson 0.895, visibility 0.954, the peak y = 59 at 0.01204)

2. THE FIRST 64 BIRTHS UNDER THE GOLDEN WHEEL AND THE EXACT PHASE, a computation: wall 7 (2, 2, 3), screen 30 on 29 pixels [0, 28, 30, 34, 37, 40, 41, 42, 44, 54, 55, 57, 58, 59, 60, 61, 62, 64, 67, 74, 78, 79, 81, 82, 84, 85, 88, 95, 110], faces 27 (13, 14); the register's totals for the run of 2026-09-21: wall 14, screen 27, faces 23, reproduced: False; the pixel list of the 2026-09-20 run under the BUILT phase and the wheel [1, 64], history: [2, 25, 31, 33, 35, 37, 39, 41, 43, 47, 56, 57, 59, 60, 61, 63, 64, 74, 77, 79, 81, 83, 85, 87, 89, 97, 119]

3. THE 4096 BIRTHS UNDER THE GOLDEN WHEEL AND THE EXACT PHASE, a computation: wall 404, screen 1972 on 111 pixels, faces 1720 (860, 860); registered wall 882, screen 1711 on 107, faces 1503
   the counts y = 40 .. 80: 37 43 35 25 24 18 11 7 2 1 0 5 8 16 34 16 55 49 56 62 56 62 56 49 55 16 34 15 9 4 2 0 2 6 11 18 24 26 34 44 37
   registered:              29 41 28 27 19 15 8 6 3 0 1 5 7 15 18 20 36 45 51 51 49 51 51 45 36 20 18 15 7 5 1 0 3 6 9 14 19 26 29 42 28
   equal on y = 40 .. 80: False
   the bright pixels [36, 40, 43, 39, 62, 56, 62, 41, 43, 40, 35] (registered [41, 19, 42, 38, 51, 49, 51, 39, 42, 20, 40]); the dark [4, 0, 1, 0, 0, 1, 0, 0, 2, 1, 0, 2, 0, 2, 1, 0, 0, 1, 0, 1, 1, 3] (registered [3, 1, 0, 0, 0, 0, 0, 0, 3, 0, 1, 1, 0, 3, 0, 0, 0, 0, 0, 1, 0, 2])
   Pearson(counts, cosine) 0.892 (registered 0.891); THE VISIBILITY OF THE CLICKS 0.9606 (registered 0.966)
   every screen pixel's count: [4, 5, 4, 4, 4, 4, 2, 3, 3, 3, 5, 2, 5, 4, 0, 1, 0, 0, 1, 0, 0, 7, 4, 5, 4, 5, 7, 9, 12, 15, 19, 23, 25, 29, 35, 36, 40, 43, 39, 43, 37, 43, 35, 25, 24, 18, 11, 7, 2, 1, 0, 5, 8, 16, 34, 16, 55, 49, 56, 62, 56, 62, 56, 49, 55, 16, 34, 15, 9, 4, 2, 0, 2, 6, 11, 18, 24, 26, 34, 44, 37, 41, 41, 43, 40, 35, 36, 28, 26, 22, 20, 14, 13, 9, 7, 5, 4, 4, 4, 7, 1, 0, 0, 1, 0, 1, 1, 3, 5, 2, 5, 2, 3, 4, 2, 4, 4, 4, 4, 5, 4]
   the wall cells [134, 135, 135], the faces (860, 860)
   against the first record's rungs (the expected counts): the worst cell off by 2 (registered: within 2)

   THE COMPUTATION REPRODUCES THE REGISTERED RUN OF 2026-09-21: False

THE PIN FOR THIS WORLD'S FAN (the algebra's, before the run at head): the clicks' visibility over the named bright and dark pixels 0.9606, the counts per cell as printed above, bit for bit (the ladder is deterministic: the same 4096 u on the same 64 ladders); the criterion of NATURE row 2a: FAIL against the measured 0.98 (Grangier, Roger and Aspect 1986) and the ideal 1 by the algebra itself, 0.019 below the measured and 0.039 below the ideal; the run at head confirms the integers or refutes the closed form (a count off its pinned cell by more than the rungs' own width, one click).

===== P = 96 =====
slits_huygens: phase_per_link 8591334592/1073741824; the lamp at (2, 60) on 5 directions, the wheel [2531, 4096]; the openings [(8, 55), (8, 65)] on 5217 directions each, the angle weights 29 .. 2780, A = sum a^2 = 203336932; the fan rows' multiplicity 5 x A = 1016684660; the walls 222 Nodes
  the lamp's row (1, 0) ends at the wall (7, 60) (measured 223) at the age 8, the click's phase 4
  the lamp's row (1, 1) reaches the opening (8, 65) at the age 13, the leg's whole phase 40
  the lamp's row (1, -1) reaches the opening (8, 55) at the age 13, the leg's whole phase 40
  the lamp's row (2, 1) ends at the wall (7, 62) (measured 224) at the age 9, the click's phase 8
  the lamp's row (2, -1) ends at the wall (7, 58) (measured 222) at the age 9, the click's phase 8
  fan rows 10434 (0 blocked, expected 0), wall rows 3

1. THE FIRST RECORD (u = 0) UNDER THE EXACT PHASE, a computation: the total 8.0714 of the birth norm; the shares wall 0.074 / screen 0.487 / faces 0.438 (the register's screen share under the exact phase 0.418; the 2026-09-20 pin under the BUILT phase, history: 2.677 and 0.224 / 0.410 / 0.366)
   the screen weights under the exact phase: Pearson with the two-source cosine 0.915; the visibility (mean bright - mean dark) / (mean bright + mean dark) 0.968; the peak at y = 59 at 0.01568 of the total (the register's 0.012 under the exact phase; under the BUILT phase of 2026-09-20, history: Pearson 0.895, visibility 0.954, the peak y = 59 at 0.01204)

2. THE FIRST 64 BIRTHS UNDER THE GOLDEN WHEEL AND THE EXACT PHASE, a computation: wall 5 (2, 2, 1), screen 31 on 29 pixels [0, 24, 29, 33, 34, 37, 39, 40, 42, 43, 46, 53, 57, 59, 60, 61, 63, 64, 67, 77, 78, 80, 81, 83, 84, 86, 87, 92, 120], faces 28 (14, 14); the register's totals for the run of 2026-09-21: wall 14, screen 27, faces 23, reproduced: False; the pixel list of the 2026-09-20 run under the BUILT phase and the wheel [1, 64], history: [2, 25, 31, 33, 35, 37, 39, 41, 43, 47, 56, 57, 59, 60, 61, 63, 64, 74, 77, 79, 81, 83, 85, 87, 89, 97, 119]

3. THE 4096 BIRTHS UNDER THE GOLDEN WHEEL AND THE EXACT PHASE, a computation: wall 305, screen 1996 on 113 pixels, faces 1795 (898, 897); registered wall 882, screen 1711 on 107, faces 1503
   the counts y = 40 .. 80: 41 44 37 25 26 18 12 6 2 1 1 4 9 16 25 22 44 51 58 65 59 64 58 51 44 22 25 16 9 4 1 0 3 7 11 18 26 25 37 44 40
   registered:              29 41 28 27 19 15 8 6 3 0 1 5 7 15 18 20 36 45 51 51 49 51 51 45 36 20 18 15 7 5 1 0 3 6 9 14 19 26 29 42 28
   equal on y = 40 .. 80: False
   the bright pixels [38, 41, 45, 43, 65, 59, 64, 42, 45, 41, 38] (registered [41, 19, 42, 38, 51, 49, 51, 39, 42, 20, 40]); the dark [2, 1, 0, 1, 1, 0, 0, 1, 2, 1, 1, 1, 0, 3, 0, 0, 0, 1, 0, 1, 1, 1] (registered [3, 1, 0, 0, 0, 0, 0, 0, 3, 0, 1, 1, 0, 3, 0, 0, 0, 0, 0, 1, 0, 2])
   Pearson(counts, cosine) 0.915 (registered 0.891); THE VISIBILITY OF THE CLICKS 0.9660 (registered 0.966)
   every screen pixel's count: [4, 5, 4, 4, 4, 4, 4, 3, 3, 2, 3, 1, 5, 2, 1, 0, 1, 1, 0, 0, 1, 3, 3, 3, 4, 6, 7, 10, 12, 16, 20, 24, 26, 29, 38, 38, 41, 45, 43, 42, 41, 44, 37, 25, 26, 18, 12, 6, 2, 1, 1, 4, 9, 16, 25, 22, 44, 51, 58, 65, 59, 64, 58, 51, 44, 22, 25, 16, 9, 4, 1, 0, 3, 7, 11, 18, 26, 25, 37, 44, 40, 44, 42, 45, 41, 38, 39, 28, 26, 24, 19, 16, 13, 10, 7, 6, 3, 3, 5, 3, 0, 0, 0, 1, 0, 1, 1, 1, 6, 1, 3, 2, 3, 4, 3, 4, 4, 4, 5, 4, 4]
   the wall cells [101, 102, 102], the faces (898, 897)
   against the first record's rungs (the expected counts): the worst cell off by 2 (registered: within 2)

   THE COMPUTATION REPRODUCES THE REGISTERED RUN OF 2026-09-21: False

THE PIN FOR THIS WORLD'S FAN (the algebra's, before the run at head): the clicks' visibility over the named bright and dark pixels 0.9660, the counts per cell as printed above, bit for bit (the ladder is deterministic: the same 4096 u on the same 64 ladders); the criterion of NATURE row 2a: FAIL against the measured 0.98 (Grangier, Roger and Aspect 1986) and the ideal 1 by the algebra itself, 0.014 below the measured and 0.034 below the ideal; the run at head confirms the integers or refutes the closed form (a count off its pinned cell by more than the rungs' own width, one click).

the highest visibility in the clicks among the options computed: 0.9660 at P = 96; against the verified two-slit figure 0.94 (Jacques et al. 2005, the biprism's central fringe) every option at or above 0.94 is a bound met, and none reaches the ideal 1
