THE WORLDS, as loaded (COMPUTATION, the engine's tables at load, no run)
  beam-fail-rows-j2_reemit-v1: ticks 1038; K 1073741824; the lamp at x = 0 holds 1073742848 = K + 1024, wheel [1, 64], p 220; the re-emitter at x = 4 (family d, a `rerelease` entry on the `sum` set 'reemit', weights [1], directions [[1, 0, 0]]) with the wheel [2, 64] on a lamp block of rate [1, 1] at held 1 (its turn 0 at every interval: it births nothing of its own); the readers at x = 8 and 9 (window 0, width 1), the far detector at x = 190 (no window)
  beam-fail-rows-j2_reemit_control-v1: the same world, the re-emitter without a lamp block (its rebirths' u the count of births less one mod N, the wheel [1, N] as built)
  the nu tables on the heading: flight triple (440, 772, 386), the turn 14080 over 1024 = 55 / 4 steps per Link; the same as section 3
  the lamp's count row at held K: the intervals with no birth over 1038: [2]
  the lamp's count row at held K + 1: the intervals with no birth over 1038: [4]
  the lamp's count row at held K + 1024: the intervals with no birth over 1038: none (the remainder after t births is 1024 t - t (t - 1) / 2, above 0 through t = 2049; the count never 2, the gain below 2 K: every birth at the turn 1)
THE FLIGHT (GAMEBOARD, the flight table): the row born at the tick t (age 0) reaches
  the re-emitter x = 4 at the tick t + 7 (step 4), is reborn there in step 5 of that interval at age 0,
  x = 8 at the tick t + 7 + 7 = t + 14
  x = 9 at the tick t + 7 + 8 = t + 15
  x = 190 at the tick t + 7 + 326 = t + 333
THE TURN (COMPUTATION): shift(4) = 55 to the re-emitter (the remainder 0, and the rebirth starts a fresh accumulator); behind it shift(y) = 55, 68, 2557 at y = 4, 5, 186; the path phase of the j-th birth at x is (shift(4) + shift(x - 4) - j) mod 64: 46 - j at x = 8, 59 - j at x = 9, 52 - j at x = 190
THE PINS OF THE RE-EMITTER WORLD (DETECTOR at the run; the arithmetic COMPUTATION)
  B0 the re-emitter: 1031 records complete there (the births 1 .. 1031: one `gather` line each, chosen 'reemit') and 1031 are reborn (one `split` line with rebirth each, the new u = 2 k mod 64, k = 0 .. 1030: the 32 even values)
  B1 the first reader (x = 8): 16 clicks of 1024 arrivals, the one class j = 46 mod 64 (j = 46, 110, ..., 1006); 1024 = 16 x 64 arrivals, 16 per class
  B2 the second reader (x = 9): 16 clicks of 1007 arrivals (1023 would reach it, less the 16 the first reader took), the fresh class j = 59 mod 64 (j = 59, ..., 1019); the ratio second / first = 16 / 16 = 1.000 (nature about 1)
  B3 the far detector (x = 190): 683 clicks of 705 that reach it within the run (705 births, less the 11 of the class 46 and the 11 of the class 59 among the births 1 .. 705); the fraction 0.9688 (62 / 64 = 0.9688 in the limit; nature's near-total passage)
  B4 the `pass` lines at x = 8: `phase - u` = (46 - j) mod 64 over the 1024 arrivals, the 64 values with 16 to 16 rows each; the admitted rows those with `phase - u` = 0 (GAMEBOARD, the row's columns on the reader's line; the class filter visible)
THE PINS OF THE CONTROL (the re-emitter's wheel [1, 64]: u_new = k = j, the path phase shift(R) + shift(y) for every row)
  C1 the first reader (x = 8): the path phase 46 for every row, not 0: 0 clicks of 1024; C2 the second reader (x = 9): 59, not 0: 0 of 1023; C3 the far detector: 705 of 705, every row that reaches it; the re-emitter 1031 completions and rebirths as B0
THE EDGE CASES (COMPUTATION): the same wheel at both, the control above (the plane wave of section 3); the shift per Link 0 mod N (p = 2^12 at h = 2^10): the path phase behind the re-emitter is -j mod 64 with no turn, the readers still class filters (the classes come from the two wheels, the turn only fixes which class each reader takes)
