CHECK (RUN_14.md section 10): the advance and the centroids by the kernels on the replayed crowd along the row's line (y = 26 straight, or bent by the kernel's own displacement), z = 20, x = 2..54; means over the intervals 101..1000; every input GAMEBOARD, every output COMPUTATION, the read values DETECTOR

mass: HOST 59.4 s for 1000 intervals (900 counted); the family's content 21, label [71, 0, 0], rest 1344, weight per unit 1360, the pair [1, 4096], c_f 2
  GAMEBOARD the replayed means on the straight line y = 26, per Node x: a_tau, V = (V_x, V_y, V_z):
    x =  2: a_tau    12.00  V (  -15.50,     4.00,     0.00)
    x =  3: a_tau    23.25  V (  -15.50,     4.00,     0.00)
    x =  4: a_tau    22.25  V (  -15.50,     4.00,     0.00)
    x =  5: a_tau    21.25  V (  -15.50,     4.00,     0.00)
    x =  6: a_tau    20.25  V (  -15.50,     4.00,     0.00)
    x =  7: a_tau     0.00  V (    0.00,     0.00,     0.00)
    x =  8: a_tau    29.90  V (  -15.18,     4.98,     0.00)
    x =  9: a_tau    27.57  V (  -15.18,     4.98,     0.00)
    x = 10: a_tau    25.17  V (  -15.25,     5.00,     0.00)
    x = 11: a_tau    23.64  V (  -15.25,     5.00,     0.00)
    x = 12: a_tau     0.00  V (    0.00,     0.00,     0.00)
    x = 13: a_tau     0.00  V (    0.00,     0.00,     0.00)
    x = 14: a_tau     0.00  V (    0.00,     0.00,     0.00)
    x = 15: a_tau    23.28  V (  -14.12,     7.19,     0.00)
    x = 16: a_tau    24.77  V (  -14.19,     7.22,     0.00)
    x = 17: a_tau    21.28  V (  -14.25,     7.25,     0.00)
    x = 18: a_tau    23.08  V (  -13.13,     8.92,     0.00)
    x = 19: a_tau    16.46  V (  -13.19,     8.96,     0.00)
    x = 20: a_tau    10.24  V (  -13.19,     8.96,     0.00)
    x = 21: a_tau     8.47  V (  -11.15,    11.15,     0.00)
    x = 22: a_tau     5.16  V (  -11.20,    11.20,     0.00)
    x = 23: a_tau     0.00  V (    0.00,     0.00,     0.00)
    x = 24: a_tau     5.62  V (   -8.92,    13.13,     0.00)
    x = 25: a_tau     7.42  V (   -7.19,    14.12,     0.00)
    x = 26: a_tau     8.07  V (   -8.96,    30.61,     0.00)
    x = 27: a_tau     9.23  V (   -7.22,    31.11,     0.00)
    x = 28: a_tau     7.51  V (    0.00,    15.86,     0.00)
    x = 29: a_tau     9.04  V (    7.22,    31.11,     0.00)
    x = 30: a_tau     9.52  V (    8.94,    30.55,     0.00)
    x = 31: a_tau     4.63  V (    7.22,    14.19,     0.00)
    x = 32: a_tau     5.85  V (    8.92,    13.13,     0.00)
    x = 33: a_tau     0.00  V (    0.00,     0.00,     0.00)
    x = 34: a_tau     6.46  V (   11.15,    11.15,     0.00)
    x = 35: a_tau     5.61  V (   11.15,    11.15,     0.00)
    x = 36: a_tau     7.36  V (   13.13,     8.92,     0.00)
    x = 37: a_tau     7.62  V (   13.13,     8.92,     0.00)
    x = 38: a_tau     6.21  V (   13.13,     8.92,     0.00)
    x = 39: a_tau     7.57  V (   14.06,     7.15,     0.00)
    x = 40: a_tau     8.73  V (   14.06,     7.15,     0.00)
    x = 41: a_tau    10.84  V (   14.06,     7.15,     0.00)
    x = 42: a_tau     0.00  V (    0.00,     0.00,     0.00)
    x = 43: a_tau     0.00  V (    0.00,     0.00,     0.00)
    x = 44: a_tau     0.00  V (    0.00,     0.00,     0.00)
    x = 45: a_tau    14.25  V (   15.11,     4.96,     0.00)
    x = 46: a_tau    11.89  V (   15.11,     4.96,     0.00)
    x = 47: a_tau    10.51  V (   15.11,     4.96,     0.00)
    x = 48: a_tau    15.72  V (   15.11,     4.96,     0.00)
    x = 49: a_tau     0.00  V (    0.00,     0.00,     0.00)
    x = 50: a_tau    14.30  V (   15.22,     3.93,     0.00)
    x = 51: a_tau    19.89  V (   15.29,     3.95,     0.00)
    x = 52: a_tau    14.63  V (   15.22,     3.93,     0.00)
    x = 53: a_tau    16.40  V (   15.22,     3.93,     0.00)
    x = 54: a_tau    21.45  V (   15.29,     3.95,     0.00)
  GAMEBOARD the engine's own rows per x: the mean y, the mean push accumulator W_x / P_0 and W_y / P_0 (P_0 = 390856704, the label's momentum; W_y jumps at the label's turns, where P is conserved and W is not):
    x =  2: y  26.00  W_x / P_0 +0.0000  W_y / P_0 +0.0000
    x =  6: y  26.00  W_x / P_0 +0.0704  W_y / P_0 -0.0182
    x = 10: y  26.00  W_x / P_0 +0.1244  W_y / P_0 -0.0352
    x = 14: y  26.00  W_x / P_0 +0.1519  W_y / P_0 -0.0443
    x = 18: y  26.00  W_x / P_0 +0.2069  W_y / P_0 -0.0733
    x = 22: y  25.05  W_x / P_0 +0.2991  W_y / P_0 +0.1101
    x = 26: y  25.00  W_x / P_0 +0.3325  W_y / P_0 +0.0121
    x = 30: y  24.00  W_x / P_0 +0.3297  W_y / P_0 -0.1056
    x = 34: y  23.00  W_x / P_0 +0.2613  W_y / P_0 -0.1526
    x = 38: y  21.53  W_x / P_0 +0.2023  W_y / P_0 +0.0125
    x = 42: y  19.99  W_x / P_0 +0.1004  W_y / P_0 -0.1853
    x = 46: y  18.41  W_x / P_0 +0.0800  W_y / P_0 -0.1731
    x = 50: y  16.59  W_x / P_0 +0.0808  W_y / P_0 -0.1165
    x = 54: y  15.02  W_x / P_0 +0.0678  W_y / P_0 +0.0651
  GAMEBOARD the engine's rows' mean age at the plane x = 54: 885.58 ticks over 139 row-intervals
  COMPUTATION the kernel on the straight line: counts per Link unpushed 19.0087; the 52 steps 848.41 counts; the advance -140.04 counts (the wall alone +5.41, the push -145.45); the centroid toward the mass 10.24 pixels; abs(P)_1 at the end over the start 1.4701
  COMPUTATION the kernel on the bent line: counts per Link unpushed 19.0087; the 52 steps 875.43 counts; the advance -113.02 counts (the wall alone +8.23, the push -121.25); the centroid toward the mass 11.64 pixels; abs(P)_1 at the end over the start 1.3809
    kernel at x =  2: y 26  P_x / P_0 1.0000  P_y / P_0 +0.0000
    kernel at x = 10: y 26  P_x / P_0 1.1426  P_y / P_0 -0.0409
    kernel at x = 18: y 26  P_x / P_0 1.2274  P_y / P_0 -0.0832
    kernel at x = 26: y 25  P_x / P_0 1.3381  P_y / P_0 -0.2113
    kernel at x = 34: y 23  P_x / P_0 1.2280  P_y / P_0 -0.4169
    kernel at x = 42: y 20  P_x / P_0 1.0362  P_y / P_0 -0.4507
    kernel at x = 50: y 16  P_x / P_0 1.0149  P_y / P_0 -0.4463
  CHECK against the read (DETECTOR): the advance -113.02 against -115.34 (the ratio 0.98); the centroid 11.64 against 11.01 (the ratio 1.06); and against the engine's rows' age at the plane (GAMEBOARD): the kernel's flight 875.4 against 885.6 ticks (the unpushed 988.4)

light: HOST 80.6 s for 1000 intervals (900 counted); the family's content 1, label [64, 0, 0], rest 0, weight per unit 221, the pair [1, 4096], c_f 2
  GAMEBOARD the replayed means on the straight line y = 26, per Node x: a_tau, V = (V_x, V_y, V_z):
    x =  2: a_tau   736.00  V ( -992.00,   256.00,     0.00)
    x =  3: a_tau  1424.00  V ( -992.00,   256.00,     0.00)
    x =  4: a_tau   688.00  V ( -992.00,   256.00,     0.00)
    x =  5: a_tau  1328.00  V ( -992.00,   256.00,     0.00)
    x =  6: a_tau   640.00  V ( -992.00,   256.00,     0.00)
    x =  7: a_tau     0.00  V (    0.00,     0.00,     0.00)
    x =  8: a_tau  1136.00  V ( -976.00,   320.00,     0.00)
    x =  9: a_tau   544.00  V ( -976.00,   320.00,     0.00)
    x = 10: a_tau   528.00  V ( -976.00,   320.00,     0.00)
    x = 11: a_tau  1008.00  V ( -976.00,   320.00,     0.00)
    x = 12: a_tau     0.00  V (    0.00,     0.00,     0.00)
    x = 13: a_tau     0.00  V (    0.00,     0.00,     0.00)
    x = 14: a_tau     0.00  V (    0.00,     0.00,     0.00)
    x = 15: a_tau   725.97  V ( -912.00,   464.00,     0.00)
    x = 16: a_tau   426.03  V ( -912.00,   464.00,     0.00)
    x = 17: a_tau   352.00  V ( -912.00,   464.00,     0.00)
    x = 18: a_tau   320.00  V ( -848.00,   576.00,     0.00)
    x = 19: a_tau   304.00  V ( -848.00,   576.00,     0.00)
    x = 20: a_tau   560.00  V ( -848.00,   576.00,     0.00)
    x = 21: a_tau   256.00  V ( -720.00,   720.00,     0.00)
    x = 22: a_tau   240.00  V ( -720.00,   720.00,     0.00)
    x = 23: a_tau     0.00  V (    0.00,     0.00,     0.00)
    x = 24: a_tau   383.57  V ( -576.00,   848.00,     0.00)
    x = 25: a_tau   192.00  V ( -464.00,   912.00,     0.00)
    x = 26: a_tau   544.00  V ( -576.00,  1968.00,     0.00)
    x = 27: a_tau   496.00  V ( -464.00,  2000.00,     0.00)
    x = 28: a_tau   336.00  V (    0.00,  1024.00,     0.00)
    x = 29: a_tau   496.00  V (  464.00,  2000.00,     0.00)
    x = 30: a_tau   544.00  V (  576.00,  1968.00,     0.00)
    x = 31: a_tau   192.00  V (  464.00,   912.00,     0.00)
    x = 32: a_tau   400.00  V (  576.00,   848.00,     0.00)
    x = 33: a_tau     0.00  V (    0.00,     0.00,     0.00)
    x = 34: a_tau   240.00  V (  720.00,   720.00,     0.00)
    x = 35: a_tau   256.00  V (  720.00,   720.00,     0.00)
    x = 36: a_tau   548.82  V (  848.00,   576.00,     0.00)
    x = 37: a_tau   304.00  V (  848.00,   576.00,     0.00)
    x = 38: a_tau   320.00  V (  848.00,   576.00,     0.00)
    x = 39: a_tau   352.00  V (  912.00,   464.00,     0.00)
    x = 40: a_tau   449.92  V (  912.00,   464.00,     0.00)
    x = 41: a_tau   702.08  V (  912.00,   464.00,     0.00)
    x = 42: a_tau     0.00  V (    0.00,     0.00,     0.00)
    x = 43: a_tau     0.00  V (    0.00,     0.00,     0.00)
    x = 44: a_tau     0.00  V (    0.00,     0.00,     0.00)
    x = 45: a_tau   997.53  V (  976.00,   320.00,     0.00)
    x = 46: a_tau   528.00  V (  976.00,   320.00,     0.00)
    x = 47: a_tau  1047.38  V (  976.00,   320.00,     0.00)
    x = 48: a_tau   632.62  V (  974.92,   319.64,     0.00)
    x = 49: a_tau     0.00  V (    0.00,     0.00,     0.00)
    x = 50: a_tau   640.00  V (  992.00,   256.00,     0.00)
    x = 51: a_tau  1328.00  V (  992.00,   256.00,     0.00)
    x = 52: a_tau   688.00  V (  992.00,   256.00,     0.00)
    x = 53: a_tau  1424.00  V (  992.00,   256.00,     0.00)
    x = 54: a_tau   736.00  V (  992.00,   256.00,     0.00)
  GAMEBOARD the engine's own rows per x: the mean y, the mean push accumulator W_x / P_0 and W_y / P_0 (P_0 = 16777216, the label's momentum; W_y jumps at the label's turns, where P is conserved and W is not):
    x =  2: y  26.00  W_x / P_0 +0.0000  W_y / P_0 +0.0000
    x =  6: y  26.00  W_x / P_0 +0.1111  W_y / P_0 -0.0287
    x = 10: y  26.00  W_x / P_0 +0.2014  W_y / P_0 -0.0569
    x = 14: y  26.00  W_x / P_0 +0.2464  W_y / P_0 -0.0717
    x = 18: y  25.00  W_x / P_0 +0.3652  W_y / P_0 +0.0789
    x = 22: y  25.00  W_x / P_0 +0.4537  W_y / P_0 +0.0504
    x = 26: y  24.47  W_x / P_0 +0.6018  W_y / P_0 +0.0820
    x = 30: y  23.47  W_x / P_0 +0.5830  W_y / P_0 -0.2689
    x = 34: y  22.00  W_x / P_0 +0.3849  W_y / P_0 -0.4869
    x = 38: y  18.62  W_x / P_0 +0.3369  W_y / P_0 -0.2565
    x = 42: y  16.16  W_x / P_0 +0.1203  W_y / P_0 -0.2639
    x = 46: y  13.11  W_x / P_0 -0.0235  W_y / P_0 -0.2524
    x = 50: y  10.34  W_x / P_0 -0.0783  W_y / P_0 -0.2434
    x = 54: y   7.16  W_x / P_0 -0.1569  W_y / P_0 -0.2677
  GAMEBOARD the engine's rows' mean age at the plane x = 54: 120.74 ticks over 753 row-intervals
  COMPUTATION the kernel on the straight line: counts per Link unpushed 1.7321; the 52 steps 119.12 counts; the advance +29.05 counts (the wall alone +21.36, the push +7.69); the centroid toward the mass 16.03 pixels; abs(P)_1 at the end over the start 1.7091
  COMPUTATION the kernel on the bent line: counts per Link unpushed 1.7321; the 52 steps 118.66 counts; the advance +28.60 counts (the wall alone +20.27, the push +8.33); the centroid toward the mass 16.90 pixels; abs(P)_1 at the end over the start 1.3429
    kernel at x =  2: y 26  P_x / P_0 1.0000  P_y / P_0 +0.0000
    kernel at x = 10: y 26  P_x / P_0 1.2265  P_y / P_0 -0.0648
    kernel at x = 18: y 25  P_x / P_0 1.3395  P_y / P_0 -0.1163
    kernel at x = 26: y 24  P_x / P_0 1.5135  P_y / P_0 -0.3183
    kernel at x = 34: y 22  P_x / P_0 1.2944  P_y / P_0 -0.6554
    kernel at x = 42: y 17  P_x / P_0 1.0436  P_y / P_0 -0.6327
    kernel at x = 50: y 12  P_x / P_0 0.7858  P_y / P_0 -0.5572
  CHECK against the read (DETECTOR): the delay +28.60 against the read T's excess +21.14 (the two clocks' rates in the read, section 9.2; the ratio 1.35); the centroid 16.90 against 18.85 (the ratio 0.90); and against the engine's rows' age at the plane (GAMEBOARD): the kernel's flight 118.7 against 120.7 ticks (the unpushed 90.1)
