THE WORLD, as loaded (COMPUTATION, the engine's tables at load, no run)
  model beam-fail-rows-j2_massive-v1; shape [200, 1, 1]; ticks 1038; N 64; K 1073741824; width 1; action h 1024; massive_rows True
  nu: quantum M 1, massive, p 220; the lamp's wheel [1, 64], rate [1, 1], turns [0]
  the heading (1, 0, 0): label p_D [220, 0, 0], rest energy E'_0 64, flight triple (rate 440, wall 772, start 386): E'_D = isqrt(E'_0^2 + 3 p . p) = 386
  the turn table on the heading: numerator |p_x| N = 14080 over the denominator h = 1024: 14080 / 1024 = 13.75 steps per Link; mod N the shift per Link is 13.75 (not 0: the edge case avoided)
  the pace on the heading |p_D|_1 / E'_D = 220 / 386 = 0.56995 Links per interval (the photon's 64 / 110 = 0.58182; the massive row is 2.04 percent slower)
THE ARRIVALS (GAMEBOARD, the flight table: which births reach which Node within the run)
  the age at 8 Links 14 (the photon's 13), at 9 Links 15, at 190 Links 333 (the photon's 326)
  births at the ticks 1 .. 1038 (one record per interval, the lamp's turn 1 at held K); the rows born at the ticks 1 .. 1024 reach x = 8 within the run: 1024 arrivals = 16 turns of the wheel [1, 64] exactly; the rows born at the ticks 1 .. 705 reach x = 190: 705 (the registered photon world's 711)
THE TURN (COMPUTATION, `by_drive_rows(acc_turn, 14080, 1024)` per Link crossed; the count after x Links floor(55 x / 4))
  x: shift floor(55 x / 4), shift mod 64, the path phase the reader at x reads (lamp turn 0, so the path at birth is 0)
  x =   8:   110  46
  x =   9:   123  59
  x =  10:   137   9
  x =  13:   178  50
  x =  14:   192   0
  x =  15:   206  14
  x =  72:   990  30
  x = 135:  1856   0
  x = 190:  2612  52
READING A, what the run reads (COMPUTATION from `_family_plan`: path = (phase - birth) mod N; window centre 0, width 1)
  every row of the beam carries the same path phase at a Node; the reader at x admits the whole beam that reaches it if shift(x) mod 64 is in its window [0, 1), else nothing: the readers admitting everything among x = 8 .. 135: [14, 135]
  PIN A1 the first reader (x = 8): 0 of 1024 arrivals (DETECTOR at the run)
  PIN A2 the second reader (x = 9): 0 of 1023; the ratio second / first: 0 / 0, undefined (COMPUTATION)
  PIN A3 the reader at x = 14: 1014 of 1014 arrivals (the age at 14 Links 24: the births 1 .. 1014 reach it; the whole beam that reaches it, the beat of the plane wave, 192 = 3 x 64 steps)
  PIN A4 every other reader 0 (the reader at x = 135 reads a path phase 0 too, but nothing reaches it); the far detector at x = 190: 0 of 705 that would reach it
READING B, section 1.9's class filter (COMPUTATION; what the run would read if the window read the raw phase u + shift, which it does not)
  1024 births over the wheel [1, 64]: 16 rows per class; the reader at x takes the class -shift(x) mod 64 if no reader before it took that class
  PIN B1 the first reader (x = 8, the class 18): 16 of 1024
  PIN B2 the second reader (x = 9, the class 5): 16; the ratio second / first 1.000 exactly (nature about 1 the thing compared with)
  distinct classes among the 128 readers' shifts: 64 of 64; the far detector by the algebra of 1.9: 1024 - 16 x 64 = 0; within the run's 705 arrivals at x = 190: 0
  the classes are all covered by the reader at x = 127; the readers behind it take 0 under reading B as well
ROW 8c (COMPUTATION, no run): the nu quantum 1 is the minimal mass; nature's bound on m_nu / m_e >= 9.8 x 10^-8 puts the electron's content at
  M_e >= 1 / 9.8e-8 = 10204082 units (1.020e+07); E'_0 = Q S_w M_e = 64 x 1 x 10204082 = 653061248 (6.531e+08); its square 4.265e+17 against the working bound 2^63 - 1 = 9.223e+18 and the label bound 2^62 - 1 = 4.612e+18: inside
  the register's electron today: the free family `e`, quantum 0, its measured event's amount its content (ENTITY_CATALOG.md, the electron's row): the quantum 1 for nu is a declaration on the nu family alone; the electron's content is not moved by this file
