opening_w27: w = 27 Nodes at x = 8, y = 67 .. 93; the screen at x = 116, L = 108 Links, 161 pixels; N = 64; phase_per_link 8591334592 / 1073741824 = 8.001304 steps per interval, the period 7.99870 intervals; the pace on the axis S_1 Q / T_(1,0) = 64 / 110 = 0.58182 Links per interval; lambda = 4.6538 Links (22.2: 8 c = 4.655); the Fresnel number w^2 / (lambda L) = 1.450; the lamp at (2, 80) on 27 directions with turns, the rate [1, 2], the wheel [2531, 4096]; the fan 601 directions per opening Node, the equal split (norm 601); the record's multiplicity 27 x 601 = 16227

THE LEGS (GAMEBOARD, the flight table; the phases COMPUTATION on the tables):
  the row on (3, -7) reaches (8, 67) at the age 25 after 19 Links, the leg's whole phase 200 (8 mod 64), the turn 56: the phase at the opening 0 + u
  the row on (4, -9) reaches (8, 68) at the age 23 after 18 Links, the leg's whole phase 184 (56 mod 64), the turn 8: the phase at the opening 0 + u
  the row on (1, -2) reaches (8, 69) at the age 22 after 17 Links, the leg's whole phase 176 (48 mod 64), the turn 16: the phase at the opening 0 + u
  the row on (4, -7) reaches (8, 70) at the age 20 after 16 Links, the leg's whole phase 160 (32 mod 64), the turn 32: the phase at the opening 0 + u
  the row on (3, -5) reaches (8, 71) at the age 19 after 15 Links, the leg's whole phase 152 (24 mod 64), the turn 40: the phase at the opening 0 + u
  the row on (2, -3) reaches (8, 72) at the age 17 after 14 Links, the leg's whole phase 136 (8 mod 64), the turn 56: the phase at the opening 0 + u
  the row on (3, -4) reaches (8, 73) at the age 16 after 13 Links, the leg's whole phase 128 (0 mod 64), the turn 0: the phase at the opening 0 + u
  the row on (6, -7) reaches (8, 74) at the age 15 after 12 Links, the leg's whole phase 120 (56 mod 64), the turn 8: the phase at the opening 0 + u
  the row on (1, -1) reaches (8, 75) at the age 13 after 11 Links, the leg's whole phase 104 (40 mod 64), the turn 24: the phase at the opening 0 + u
  the row on (3, -2) reaches (8, 76) at the age 12 after 10 Links, the leg's whole phase 96 (32 mod 64), the turn 32: the phase at the opening 0 + u
  the row on (2, -1) reaches (8, 77) at the age 11 after 9 Links, the leg's whole phase 88 (24 mod 64), the turn 40: the phase at the opening 0 + u
  the row on (3, -1) reaches (8, 78) at the age 11 after 8 Links, the leg's whole phase 88 (24 mod 64), the turn 40: the phase at the opening 0 + u
  the row on (4, -1) reaches (8, 79) at the age 10 after 7 Links, the leg's whole phase 80 (16 mod 64), the turn 48: the phase at the opening 0 + u
  the row on (1, 0) reaches (8, 80) at the age 10 after 6 Links, the leg's whole phase 80 (16 mod 64), the turn 48: the phase at the opening 0 + u
  the row on (4, 1) reaches (8, 81) at the age 10 after 7 Links, the leg's whole phase 80 (16 mod 64), the turn 48: the phase at the opening 0 + u
  the row on (3, 1) reaches (8, 82) at the age 11 after 8 Links, the leg's whole phase 88 (24 mod 64), the turn 40: the phase at the opening 0 + u
  the row on (2, 1) reaches (8, 83) at the age 11 after 9 Links, the leg's whole phase 88 (24 mod 64), the turn 40: the phase at the opening 0 + u
  the row on (3, 2) reaches (8, 84) at the age 12 after 10 Links, the leg's whole phase 96 (32 mod 64), the turn 32: the phase at the opening 0 + u
  the row on (1, 1) reaches (8, 85) at the age 13 after 11 Links, the leg's whole phase 104 (40 mod 64), the turn 24: the phase at the opening 0 + u
  the row on (6, 7) reaches (8, 86) at the age 15 after 12 Links, the leg's whole phase 120 (56 mod 64), the turn 8: the phase at the opening 0 + u
  the row on (3, 4) reaches (8, 87) at the age 16 after 13 Links, the leg's whole phase 128 (0 mod 64), the turn 0: the phase at the opening 0 + u
  the row on (2, 3) reaches (8, 88) at the age 17 after 14 Links, the leg's whole phase 136 (8 mod 64), the turn 56: the phase at the opening 0 + u
  the row on (3, 5) reaches (8, 89) at the age 19 after 15 Links, the leg's whole phase 152 (24 mod 64), the turn 40: the phase at the opening 0 + u
  the row on (4, 7) reaches (8, 90) at the age 20 after 16 Links, the leg's whole phase 160 (32 mod 64), the turn 32: the phase at the opening 0 + u
  the row on (1, 2) reaches (8, 91) at the age 22 after 17 Links, the leg's whole phase 176 (48 mod 64), the turn 16: the phase at the opening 0 + u
  the row on (4, 9) reaches (8, 92) at the age 23 after 18 Links, the leg's whole phase 184 (56 mod 64), the turn 8: the phase at the opening 0 + u
  the row on (3, 7) reaches (8, 93) at the age 25 after 19 Links, the leg's whole phase 200 (8 mod 64), the turn 56: the phase at the opening 0 + u
  every opening Node reached by exactly one row: 27 of 27; the front at the phase u on every one

THE FAN (COMPUTATION): 601 directions from -45.00 to 45.00 degrees, the grain 0.126 .. 0.174 degrees (about 0.0030 in s at the axis; 22.2's 47-direction fan 0.083); 16227 rows per record, 13227 end on the screen, 3000 on the faces, 0 blocked (expected 0)

4. THE FIRST RECORD (u = 0), a computation: the total 9.197 of the birth norm; the shares screen 0.989 / faces 0.011; the peak at y = 79 with 0.0482 of the total; the half-maximum crossings at s = -0.0796 and 0.0796: FWHM(sin theta) = 0.1593, w x FWHM / lambda = 0.924
   the screen weights y = 60 .. 100 (per mille of the total): 2.6 2.6 2.9 3.3 4.2 5.6 7.4 8.6 11.8 14.8 18.4 22.5 26.8 31.5 35.1 39.0 41.5 44.9 46.1 48.2 47.8 48.2 46.1 44.9 41.5 39.0 35.1 31.5 26.8 22.5 18.4 14.8 11.8 8.6 7.4 5.6 4.2 3.3 2.9 2.6 2.6

5. THE CLICKS OF THE RECORDS 1 .. 4096 UNDER THE GOLDEN WHEEL, a computation of what the detectors read: screen 4052 on 142 pixels (y = 1 .. 159), faces 44 (22, 22); against the first record's rungs the worst cell off by 1
   every screen pixel's count: [0, 1, 1, 1, 2, 2, 1, 0, 1, 0, 0, 1, 0, 0, 0, 1, 0, 0, 1, 1, 1, 2, 1, 1, 1, 2, 2, 2, 3, 3, 4, 4, 4, 3, 4, 3, 1, 2, 1, 1, 1, 1, 1, 2, 2, 3, 4, 5, 6, 8, 9, 11, 12, 13, 14, 15, 14, 14, 12, 11, 11, 11, 11, 14, 17, 23, 30, 36, 48, 61, 75, 92, 110, 129, 144, 160, 170, 184, 189, 197, 196, 197, 189, 184, 170, 160, 144, 129, 110, 92, 76, 60, 48, 36, 30, 23, 17, 14, 12, 10, 11, 11, 12, 14, 15, 14, 14, 14, 12, 10, 9, 8, 6, 6, 4, 3, 2, 2, 1, 1, 0, 1, 2, 1, 2, 3, 3, 4, 4, 4, 3, 3, 3, 3, 2, 1, 1, 2, 1, 1, 1, 1, 1, 0, 1, 0, 0, 0, 1, 0, 0, 1, 0, 1, 1, 1, 2, 2, 0, 1, 0]
   the peak at y = 79 (197 clicks); the half-maximum crossings at s = -0.0797 and 0.0797: FWHM(sin theta) = 0.1595; THE PIN w x FWHM / lambda = 0.925

   BESIDE IT (COMPUTATION, the continuum at this w and lambda): the Fraunhofer array factor's product 0.887 (the far field, 22.2's 0.886); the Euclidean exact sum over the 27 emitters at L = 108 on the 161 pixels 0.916 (22.2's 0.916); 22.2's pin for this width 0.92 +- 0.03; the pixel's grain in s at the axis 1 / L = 0.0093, 6 percent of the FWHM
   the clicks' product against 22.2's pin: inside the band (0.925 against 0.92 +- 0.03); against the refuting bound 0.85: above
   THE PIN FOR THIS WORLD (the algebra's, before the run at head): the counts per cell as printed, bit for bit (the same 4096 u on the same 64 ladders), and from them w x FWHM(sin theta) / lambda = 0.925; a differing count refutes the chain of section 1 of RUN_10.md, and no number moves to it.

opening_w9: w = 9 Nodes at x = 8, y = 76 .. 84; the screen at x = 116, L = 108 Links, 161 pixels; N = 64; phase_per_link 8591334592 / 1073741824 = 8.001304 steps per interval, the period 7.99870 intervals; the pace on the axis S_1 Q / T_(1,0) = 64 / 110 = 0.58182 Links per interval; lambda = 4.6538 Links (22.2: 8 c = 4.655); the Fresnel number w^2 / (lambda L) = 0.161; the lamp at (2, 80) on 9 directions with turns, the rate [1, 1], the wheel [2531, 4096]; the fan 601 directions per opening Node, the equal split (norm 601); the record's multiplicity 9 x 601 = 5409

THE LEGS (GAMEBOARD, the flight table; the phases COMPUTATION on the tables):
  the row on (3, -2) reaches (8, 76) at the age 12 after 10 Links, the leg's whole phase 96 (32 mod 64), the turn 32: the phase at the opening 0 + u
  the row on (2, -1) reaches (8, 77) at the age 11 after 9 Links, the leg's whole phase 88 (24 mod 64), the turn 40: the phase at the opening 0 + u
  the row on (3, -1) reaches (8, 78) at the age 11 after 8 Links, the leg's whole phase 88 (24 mod 64), the turn 40: the phase at the opening 0 + u
  the row on (4, -1) reaches (8, 79) at the age 10 after 7 Links, the leg's whole phase 80 (16 mod 64), the turn 48: the phase at the opening 0 + u
  the row on (1, 0) reaches (8, 80) at the age 10 after 6 Links, the leg's whole phase 80 (16 mod 64), the turn 48: the phase at the opening 0 + u
  the row on (4, 1) reaches (8, 81) at the age 10 after 7 Links, the leg's whole phase 80 (16 mod 64), the turn 48: the phase at the opening 0 + u
  the row on (3, 1) reaches (8, 82) at the age 11 after 8 Links, the leg's whole phase 88 (24 mod 64), the turn 40: the phase at the opening 0 + u
  the row on (2, 1) reaches (8, 83) at the age 11 after 9 Links, the leg's whole phase 88 (24 mod 64), the turn 40: the phase at the opening 0 + u
  the row on (3, 2) reaches (8, 84) at the age 12 after 10 Links, the leg's whole phase 96 (32 mod 64), the turn 32: the phase at the opening 0 + u
  every opening Node reached by exactly one row: 9 of 9; the front at the phase u on every one

THE FAN (COMPUTATION): 601 directions from -45.00 to 45.00 degrees, the grain 0.126 .. 0.174 degrees (about 0.0030 in s at the axis; 22.2's 47-direction fan 0.083); 5409 rows per record, 4419 end on the screen, 990 on the faces, 0 blocked (expected 0)

4. THE FIRST RECORD (u = 0), a computation: the total 8.671 of the birth norm; the shares screen 0.983 / faces 0.017; the peak at y = 75 with 0.0188 of the total; the half-maximum crossings at s = -0.2267 and 0.2267: FWHM(sin theta) = 0.4534, w x FWHM / lambda = 0.877
   the screen weights y = 60 .. 100 (per mille of the total): 12.2 12.6 13.1 13.6 14.4 15.1 16.2 15.7 16.9 16.4 17.6 18.0 18.3 18.5 18.7 18.8 17.9 18.1 18.1 18.1 17.1 18.1 18.1 18.1 17.9 18.8 18.7 18.5 18.3 18.0 17.6 16.4 16.9 15.7 16.2 15.1 14.4 13.6 13.1 12.6 12.2

5. THE CLICKS OF THE RECORDS 1 .. 4096 UNDER THE GOLDEN WHEEL, a computation of what the detectors read: screen 4026 on 127 pixels (y = 0 .. 160), faces 70 (35, 35); against the first record's rungs the worst cell off by 1
   every screen pixel's count: [1, 0, 1, 0, 1, 1, 0, 1, 0, 0, 0, 0, 1, 0, 0, 0, 0, 0, 0, 0, 1, 0, 0, 1, 0, 1, 1, 3, 4, 4, 4, 4, 4, 5, 5, 6, 6, 7, 7, 7, 8, 10, 13, 14, 17, 20, 22, 23, 26, 27, 29, 32, 32, 34, 37, 39, 41, 43, 44, 46, 50, 52, 53, 56, 59, 62, 66, 64, 70, 67, 71, 74, 76, 75, 77, 77, 74, 74, 74, 74, 70, 74, 74, 74, 74, 76, 77, 76, 75, 74, 72, 67, 69, 65, 66, 62, 59, 56, 53, 52, 50, 45, 45, 43, 41, 39, 36, 34, 32, 32, 30, 27, 25, 23, 22, 20, 17, 15, 13, 10, 8, 7, 7, 7, 6, 6, 5, 4, 5, 4, 4, 3, 5, 2, 2, 0, 1, 0, 0, 1, 0, 0, 0, 0, 1, 0, 0, 0, 0, 0, 0, 1, 0, 0, 1, 1, 0, 1, 0, 1, 1]
   the peak at y = 75 (77 clicks); the half-maximum crossings at s = -0.2277 and 0.2269: FWHM(sin theta) = 0.4546; THE PIN w x FWHM / lambda = 0.879

   BESIDE IT (COMPUTATION, the continuum at this w and lambda): the Fraunhofer array factor's product 0.891 (the far field, 22.2's 0.886); the Euclidean exact sum over the 9 emitters at L = 108 on the 161 pixels 0.891; 22.2's pin for this width 0.886 +- 0.03; the pixel's grain in s at the axis 1 / L = 0.0093, 2 percent of the FWHM
   the clicks' product against 22.2's pin: inside the band (0.879 against 0.886 +- 0.03); against the refuting bound 0.85: above
   THE PIN FOR THIS WORLD (the algebra's, before the run at head): the counts per cell as printed, bit for bit (the same 4096 u on the same 64 ladders), and from them w x FWHM(sin theta) / lambda = 0.879; a differing count refutes the chain of section 1 of RUN_10.md, and no number moves to it.

