THE FLOW WEIGHT MAP: THE STEP ALGEBRA'S SIMULATION OF THE BOARD, NOT A RUN
(docs/designs/flow_weight/DESIGN.md; the walk of step_algebra_map.py at 23ef9ce9)
the fan: 290 directions within Manhattan 6; [n, d] = [1, 16384]; Q = 64
the heading's T_h = 110; the table's lcm of S_1 (fan, headings, beam) L = 3900

1. THE FAN'S MEANS over the 290 directions (the incidence S_1 / |D| times the weight per line)
   mean S_1 / |D| (F_L1 of the fan)                       = 1.4355
   mean (S_1 / |D|) x (|D| / S_1), the exact weight         = 1.0000 (1 by identity)
   mean (S_1 / |D|) x |f_D| / Q, the flow label f_D          = 1.0003
   mean (S_1 / |D|) x T_D / (S_1 T_h), the dwell in units of the heading's = 1.0060
   f_D against Q D / S_1 per line: the largest relative error of |f_D| 0.0156, the mean 0.0045
   the worst line (-2, -2, -1): f_D = (-26, -26, -13), Q D / S_1 = (Fraction(-128, 5), Fraction(-128, 5), Fraction(-64, 5))
   the beam's flow labels: (1, 0, 0): f = (64, 0, 0), u = (64, 0, 0), (24, 1, 0): f = (61, 3, 0), u = (64, 3, 0), (24, -1, 0): f = (61, -3, 0), u = (64, -3, 0), (12, 1, 0): f = (59, 5, 0), u = (64, 5, 0), (12, -1, 0): f = (59, -5, 0), u = (64, -5, 0)
   series D's plane fan (120 directions): mean S_1 / |D| = 1.2871 (4 / pi = 1.2732 in the isotropic limit)

2. THE SHELL MEANS over r = 4 .. 14 from the crowd at M = 2^16 (q = 4640 units per interval)
   |V| r^2 / Q on u_D (the law as built)        = 32.79 against q / (4 pi) = 23.08: the factor 1.421
   |V_f| r^2 / Q on f_D (flow-link-v1)          = 22.85 against 23.08: the factor 0.990
   |V_L| r^2 / (Q L) on Q D L / S_1 (exact form) = 22.84 against 23.08: the factor 0.990
   A r (the clock's word, unchanged)              = 68.72 against 3 q / (4 pi) = 69.23: the factor 0.993
   per shell r: |V| r^2 / Q, |V_f| r^2 / Q, |V_L| r^2 / (Q L), A r
     r =  4:  31.10   21.86   21.84   69.30
     r =  5:  31.74   21.83   21.81   66.89
     r =  6:  33.02   23.23   23.24   68.83
     r =  7:  32.33   22.35   22.33   66.28
     r =  8:  35.06   24.69   24.66   77.42
     r =  9:  29.61   20.69   20.70   61.11
     r = 10:  35.31   24.56   24.56   72.56
     r = 11:  33.65   23.19   23.17   64.75
     r = 12:  29.66   21.01   21.02   74.05
     r = 13:  34.25   23.72   23.71   66.86
     r = 14:  34.95   24.20   24.19   67.86

3. THE REGISTERED IN-PLANE WORLDS (b = 6 mass, 8 far, 3 near) under each form: the five lines'
   shifts (pixels) and delays (intervals) against the control; the mean; tan alpha from the momentum;
   C = alpha b c^2 / (G M) at the pin n S = d
   form unit:
     b = 6, gamma 0: shifts [-2, -2, -2, -2, -2], mean -2.000; delays [4, 3, 2, 3, 3], mean 3.00; tan alpha 0.07840; C = 6.96
     b = 6, gamma 1: shifts [-4, -4, -4, -4, -4], mean -4.000; delays [5, 6, 4, 4, 6], mean 5.00; tan alpha 0.16577; C = 14.71
     b = 8, gamma 0: shifts [-2, -1, -2, -2, -2], mean -1.800; delays [3, 1, 2, 2, 4], mean 2.40; tan alpha 0.06900; C = 8.16
     b = 8, gamma 1: shifts [-4, -3, -4, -3, -3], mean -3.400; delays [6, 5, 4, 2, 5], mean 4.40; tan alpha 0.14328; C = 16.95
     b = 3, gamma 0: shifts [-2, -2, -3, -1, -5], mean -2.600; delays [2, 2, 1, 5, 4], mean 2.80; tan alpha 0.12022; C = 5.33
     b = 3, gamma 1: shifts [-6, -5, -6, -3, -12], mean -6.400; delays [5, 2, 5, 6, 12], mean 6.00; tan alpha 0.25391; C = 11.27
   form flow:
     b = 6, gamma 0: shifts [-1, -1, -2, -2, -2], mean -1.600; delays [3, 2, 2, 2, 4], mean 2.60; tan alpha 0.06067; C = 5.38
     b = 6, gamma 1: shifts [-3, -3, -3, -3, -3], mean -3.000; delays [5, 6, 4, 3, 7], mean 5.00; tan alpha 0.13167; C = 11.69
     b = 8, gamma 0: shifts [-1, -1, -2, -1, -1], mean -1.200; delays [2, 1, 2, 4, 3], mean 2.40; tan alpha 0.05514; C = 6.53
     b = 8, gamma 1: shifts [-3, -2, -3, -2, -3], mean -2.600; delays [6, 4, 4, 5, 6], mean 5.00; tan alpha 0.11367; C = 13.45
     b = 3, gamma 0: shifts [-2, -2, -3, -1, -4], mean -2.400; delays [3, 3, 2, 4, 4], mean 3.20; tan alpha 0.09638; C = 4.28
     b = 3, gamma 1: shifts [-4, -4, -5, -2, -9], mean -4.800; delays [6, 2, 4, 5, 8], mean 5.00; tan alpha 0.19207; C = 8.52
   form exact:
     b = 6, gamma 0: shifts [-1, -1, -2, -2, -2], mean -1.600; delays [3, 2, 2, 2, 4], mean 2.60; tan alpha 0.06065; C = 5.38
     b = 6, gamma 1: shifts [-3, -3, -3, -3, -3], mean -3.000; delays [5, 6, 4, 3, 7], mean 5.00; tan alpha 0.13163; C = 11.68
     b = 8, gamma 0: shifts [-1, -1, -2, -1, -1], mean -1.200; delays [2, 1, 2, 4, 3], mean 2.40; tan alpha 0.05521; C = 6.53
     b = 8, gamma 1: shifts [-3, -2, -3, -2, -3], mean -2.600; delays [6, 4, 4, 5, 6], mean 5.00; tan alpha 0.11374; C = 13.46
     b = 3, gamma 0: shifts [-2, -2, -3, -1, -4], mean -2.400; delays [3, 3, 2, 4, 4], mean 3.20; tan alpha 0.09624; C = 4.27
     b = 3, gamma 1: shifts [-3, -4, -5, -2, -9], mean -4.600; delays [5, 2, 4, 5, 8], mean 4.80; tan alpha 0.19210; C = 8.52

4. THE RING OF STARTS (STEP_ALGEBRA.md section 9) under each form: the ring's mean tan alpha_r,
   C_ring against 4 on the clock's G M = q / (4 pi S), the mean radial shift of the arrival Node
   (Links), the mean delay, the grain on C_ring
   b = 3, 16 starts, form unit, gamma 0: tan alpha_r 0.05871 (tangential +0.00000); C_ring = 2.605 against 4; the arrival Node's radial shift 0.996 Links; the delay 0.19; the grain 0.107
   b = 3, 16 starts, form unit, gamma 1: tan alpha_r 0.12265 (tangential -0.00018); C_ring = 5.442 against 4; the arrival Node's radial shift 2.091 Links; the delay 0.12; the grain 0.107
   b = 3, 16 starts, form flow, gamma 0: tan alpha_r 0.04284 (tangential +0.00000); C_ring = 1.901 against 4; the arrival Node's radial shift 0.845 Links; the delay 0.62; the grain 0.107
       the arrival Nodes (dy, dz per start): (-3,-1) +1,+0; (-3,+0) +2,+0; (-3,+1) +1,+0; (-2,-2) +1,+0; (-2,+2) +1,+0; (-1,-3) +0,+0; (-1,+3) +0,-1; (+0,-3) +0,+0; (+0,+3) +0,-1; (+1,-3) +0,+0; (+1,+3) +0,-1; (+2,-2) -1,+0; (+2,+2) -1,+0; (+3,-1) -1,+0; (+3,+0) -2,+0; (+3,+1) -1,+0
   b = 3, 16 starts, form flow, gamma 1: tan alpha_r 0.08611 (tangential +0.00000); C_ring = 3.821 against 4; the arrival Node's radial shift 1.625 Links; the delay 1.31; the grain 0.107
       the arrival Nodes (dy, dz per start): (-3,-1) +2,+0; (-3,+0) +4,+0; (-3,+1) +1,-1; (-2,-2) +1,+0; (-2,+2) +1,-1; (-1,-3) +1,+0; (-1,+3) +0,-2; (+0,-3) +0,+0; (+0,+3) +0,-3; (+1,-3) -1,+0; (+1,+3) +0,-2; (+2,-2) -1,+0; (+2,+2) -1,-1; (+3,-1) -2,+0; (+3,+0) -4,+0; (+3,+1) -1,-1
   b = 3, 16 starts, form exact, gamma 0: tan alpha_r 0.04261 (tangential +0.00000); C_ring = 1.891 against 4; the arrival Node's radial shift 0.845 Links; the delay 0.62; the grain 0.107
   b = 3, 16 starts, form exact, gamma 1: tan alpha_r 0.08614 (tangential +0.00000); C_ring = 3.822 against 4; the arrival Node's radial shift 1.500 Links; the delay 1.19; the grain 0.107
   b = 6, 40 starts, form unit, gamma 0: tan alpha_r 0.02929 (tangential -0.00000); C_ring = 2.599 against 4; the arrival Node's radial shift 0.451 Links; the delay 0.55; the grain 0.085
   b = 6, 40 starts, form unit, gamma 1: tan alpha_r 0.05764 (tangential -0.00000); C_ring = 5.116 against 4; the arrival Node's radial shift 0.974 Links; the delay 0.25; the grain 0.085
   b = 6, 40 starts, form flow, gamma 0: tan alpha_r 0.02033 (tangential +0.00000); C_ring = 1.805 against 4; the arrival Node's radial shift 0.128 Links; the delay 0.40; the grain 0.085
       the arrival Nodes (dy, dz per start): (-6,-2) +0,+0; (-6,-1) +0,+0; (-6,+0) +1,+0; (-6,+1) +0,+0; (-6,+2) +0,+0; (-5,-4) +0,+0; (-5,-3) +0,+0; (-5,+3) +0,+0; (-5,+4) +0,+0; (-4,-5) +0,+0; (-4,-4) +0,+0; (-4,+4) +0,-1; (-4,+5) +0,+0; (-3,-5) +0,+0; (-3,+5) +0,+0; (-2,-6) +0,+0; (-2,+6) +0,+0; (-1,-6) +0,+0; (-1,+6) +0,+0; (+0,-6) +0,+0; (+0,+6) +0,-1; (+1,-6) +0,+0; (+1,+6) +0,+0; (+2,-6) +0,+0; (+2,+6) +0,+0; (+3,-5) +0,+0; (+3,+5) +0,+0; (+4,-5) +0,+0; (+4,-4) -1,+0; (+4,+4) -1,+0; (+4,+5) +0,+0; (+5,-4) +0,+0; (+5,-3) +0,+0; (+5,+3) +0,+0; (+5,+4) +0,+0; (+6,-2) +0,+0; (+6,-1) +0,+0; (+6,+0) -1,+0; (+6,+1) +0,+0; (+6,+2) +0,+0
   b = 6, 40 starts, form flow, gamma 1: tan alpha_r 0.04115 (tangential -0.00000); C_ring = 3.652 against 4; the arrival Node's radial shift 0.731 Links; the delay 0.78; the grain 0.085
       the arrival Nodes (dy, dz per start): (-6,-2) +0,+0; (-6,-1) +0,+0; (-6,+0) +3,+0; (-6,+1) +0,+0; (-6,+2) +0,+0; (-5,-4) +1,+0; (-5,-3) +1,+0; (-5,+3) +1,+0; (-5,+4) +1,+0; (-4,-5) +0,+0; (-4,-4) +1,+0; (-4,+4) +1,-1; (-4,+5) +0,+0; (-3,-5) +0,+0; (-3,+5) +0,-1; (-2,-6) +0,+0; (-2,+6) +0,-1; (-1,-6) +0,+0; (-1,+6) +0,-1; (+0,-6) +0,+0; (+0,+6) +0,-3; (+1,-6) +0,+0; (+1,+6) +0,-1; (+2,-6) +0,+0; (+2,+6) +0,-1; (+3,-5) +0,+0; (+3,+5) +0,-1; (+4,-5) +0,+0; (+4,-4) -1,+0; (+4,+4) -1,-1; (+4,+5) +0,+0; (+5,-4) -1,+0; (+5,-3) -1,+0; (+5,+3) -1,+0; (+5,+4) -1,+0; (+6,-2) -1,+0; (+6,-1) -1,+0; (+6,+0) -3,+0; (+6,+1) -1,+0; (+6,+2) -1,+0
   b = 6, 40 starts, form exact, gamma 0: tan alpha_r 0.02023 (tangential +0.00000); C_ring = 1.795 against 4; the arrival Node's radial shift 0.128 Links; the delay 0.40; the grain 0.085
   b = 6, 40 starts, form exact, gamma 1: tan alpha_r 0.04106 (tangential -0.00000); C_ring = 3.644 against 4; the arrival Node's radial shift 0.731 Links; the delay 0.78; the grain 0.085
   b = 8, 48 starts, form unit, gamma 0: tan alpha_r 0.02455 (tangential +0.00000); C_ring = 2.905 against 4; the arrival Node's radial shift 0.409 Links; the delay 0.35; the grain 0.095
   b = 8, 48 starts, form unit, gamma 1: tan alpha_r 0.04951 (tangential +0.00001); C_ring = 5.859 against 4; the arrival Node's radial shift 0.854 Links; the delay 0.60; the grain 0.095
   b = 8, 48 starts, form flow, gamma 0: tan alpha_r 0.01632 (tangential +0.00000); C_ring = 1.932 against 4; the arrival Node's radial shift 0.107 Links; the delay 0.27; the grain 0.095
       the arrival Nodes (dy, dz per start): (-8,-2) +0,+0; (-8,-1) +0,+0; (-8,+0) +1,+0; (-8,+1) +0,+0; (-8,+2) +0,+0; (-7,-4) +0,+0; (-7,-3) +0,+0; (-7,+3) +0,+0; (-7,+4) +0,+0; (-6,-6) +0,+0; (-6,-5) +0,+0; (-6,+5) +0,+0; (-6,+6) +0,-1; (-5,-6) +0,+0; (-5,+6) +0,+0; (-4,-7) +0,+0; (-4,+7) +0,+0; (-3,-7) +0,+0; (-3,+7) +0,+0; (-2,-8) +0,+0; (-2,+8) +0,+0; (-1,-8) +0,+0; (-1,+8) +0,+0; (+0,-8) +0,+0; (+0,+8) +0,-1; (+1,-8) +0,+0; (+1,+8) +0,+0; (+2,-8) +0,+0; (+2,+8) +0,+0; (+3,-7) +0,+0; (+3,+7) +0,+0; (+4,-7) +0,+0; (+4,+7) +0,+0; (+5,-6) +0,+0; (+5,+6) +0,+0; (+6,-6) -1,+0; (+6,-5) +0,+0; (+6,+5) +0,+0; (+6,+6) -1,+0; (+7,-4) +0,+0; (+7,-3) +0,+0; (+7,+3) +0,+0; (+7,+4) +0,+0; (+8,-2) +0,+0; (+8,-1) +0,+0; (+8,+0) -1,+0; (+8,+1) +0,+0; (+8,+2) +0,+0
   b = 8, 48 starts, form flow, gamma 1: tan alpha_r 0.03312 (tangential +0.00000); C_ring = 3.918 against 4; the arrival Node's radial shift 0.628 Links; the delay 0.98; the grain 0.095
       the arrival Nodes (dy, dz per start): (-8,-2) +1,+0; (-8,-1) +0,+0; (-8,+0) +3,+0; (-8,+1) +0,+0; (-8,+2) +1,+0; (-7,-4) +1,+0; (-7,-3) +0,+0; (-7,+3) +0,+0; (-7,+4) +1,+0; (-6,-6) +1,+0; (-6,-5) +0,+0; (-6,+5) +0,-1; (-6,+6) +1,-1; (-5,-6) +0,+0; (-5,+6) +0,+0; (-4,-7) +0,+0; (-4,+7) +0,-1; (-3,-7) +0,+0; (-3,+7) +0,-1; (-2,-8) +0,+0; (-2,+8) +0,-1; (-1,-8) +0,+0; (-1,+8) +0,+0; (+0,-8) +0,+0; (+0,+8) +0,-3; (+1,-8) +0,+0; (+1,+8) +0,+0; (+2,-8) +0,+0; (+2,+8) +0,-1; (+3,-7) +0,+0; (+3,+7) +0,-1; (+4,-7) +0,+0; (+4,+7) +0,-1; (+5,-6) +0,+0; (+5,+6) +0,+0; (+6,-6) -1,+0; (+6,-5) -1,+0; (+6,+5) -1,+0; (+6,+6) -1,-1; (+7,-4) -1,+0; (+7,-3) -1,+0; (+7,+3) -1,+0; (+7,+4) -1,+0; (+8,-2) -1,+0; (+8,-1) +0,+0; (+8,+0) -3,+0; (+8,+1) +0,+0; (+8,+2) -1,+0
   b = 8, 48 starts, form exact, gamma 0: tan alpha_r 0.01630 (tangential +0.00000); C_ring = 1.929 against 4; the arrival Node's radial shift 0.107 Links; the delay 0.27; the grain 0.095
   b = 8, 48 starts, form exact, gamma 1: tan alpha_r 0.03307 (tangential +0.00000); C_ring = 3.914 against 4; the arrival Node's radial shift 0.628 Links; the delay 0.98; the grain 0.095

5. SERIES D3's PINS ON THE PLANE UNDER THE RULE, BY FORMULA (GAMEBOARD)
   r = 12: T = 2 pi r (S + n) / n = 343 at n = 9 becomes 384 at n = 7.818
   r = 24: T = 2 pi r (S + n) / n = 687 at n = 9 becomes 768 at n = 7.818
   the push per interval, and the fall's g = v^2 / r, divided by F_plane = 1.2871
   T(24) / T(12) = 2.00 unchanged (the ratio carries no constant)
