=== AT REST
t=1 coefficients calls (caller, line, content sum, reads sum): [('_advance', 1747, 68222729408000.0)] | content sum 4852 | twist reads False axis contents False second level False self-source False | momentum [0, 0, 0] | block.own is live True | own None False | clicked False | sum|now| 7950 | identity -1 | silent False | events []
paces p_i / Gamma at x 112..128: [0.9893, 0.9847, 0.9767, 0.9637, 0.9437, 0.9137, 0.8737, 0.8313, 0.8113, 0.8313, 0.8737, 0.9137, 0.9437, 0.9637, 0.9767, 0.9847, 0.9893]; anisotropy of the reads 0.0
t=2 coefficients calls (caller, line, content sum, reads sum): [('_advance', 1747, 68230477376000.0)] | content sum 4766 | twist reads False axis contents False second level False self-source False | momentum [0, 0, 0] | block.own is live True | own None False | clicked False | sum|now| 5260 | identity -1 | silent False | events []
t=   2 weighted form total    712.01 quanta (dynamics at fixed paces so far   -0.201, work term so far   -4.508) | vacuum share total    496.70 (drift so far  -57.480) | counts min   0 | continuity defect accumulated, weighted share: max |.|   0.350 quanta at x 120; vacuum share: max |.|  19.884 at x 120
t=3 coefficients calls (caller, line, content sum, reads sum): [('_advance', 1747, 68244413504000.0)] | content sum 4642 | twist reads False axis contents False second level False self-source False | momentum [0, 0, 0] | block.own is live True | own None False | clicked False | sum|now| 15052 | identity -1 | silent False | events []
      t=50 reads' anisotropy max |R_y - R_x| / R_x 0.00000; axis contents t_a max |t_x| / Gamma 0.00000
t=  50 weighted form total    660.88 quanta (dynamics at fixed paces so far   +0.502, work term so far  -56.343) | vacuum share total    541.35 (drift so far  -12.834) | counts min   0 | continuity defect accumulated, weighted share: max |.|   0.951 quanta at x 119; vacuum share: max |.|   5.973 at x 120
      t=100 reads' anisotropy max |R_y - R_x| / R_x 0.00000; axis contents t_a max |t_x| / Gamma 0.00000
t= 100 weighted form total    671.10 quanta (dynamics at fixed paces so far   +0.796, work term so far  -46.414) | vacuum share total    529.55 (drift so far  -24.630) | counts min   0 | continuity defect accumulated, weighted share: max |.|   0.798 quanta at x 121; vacuum share: max |.|   5.816 at x 118
      t=150 reads' anisotropy max |R_y - R_x| / R_x 0.00000; axis contents t_a max |t_x| / Gamma 0.00000
t= 150 weighted form total    682.04 quanta (dynamics at fixed paces so far   +0.873, work term so far  -35.548) | vacuum share total    586.42 (drift so far  +32.238) | counts min   0 | continuity defect accumulated, weighted share: max |.|   0.949 quanta at x 121; vacuum share: max |.|  13.868 at x 120
      t=200 reads' anisotropy max |R_y - R_x| / R_x 0.00000; axis contents t_a max |t_x| / Gamma 0.00000
t= 200 weighted form total    672.62 quanta (dynamics at fixed paces so far   +0.991, work term so far  -45.094) | vacuum share total    561.08 (drift so far   +6.897) | counts min   0 | continuity defect accumulated, weighted share: max |.|   1.720 quanta at x 120; vacuum share: max |.|  10.524 at x 120
      accumulated defect at x 112..128, weighted: [-0.0, 0.1, -0.3, -0.1, 0.0, -0.2, 0.4, 0.1, 1.7, -0.7, 0.3, 0.1, -0.3, 0.1, -0.2, 0.0, -0.1]
      vacuum:   [-0.0, 0.1, -0.4, -0.3, -0.8, -1.5, -1.8, 3.5, 10.5, 2.8, -2.1, -1.2, -1.1, -0.1, -0.3, 0.0, -0.1]
=== MOVING, k = 2 pi 6 / 240
t=1 coefficients calls (caller, line, content sum, reads sum): [('_advance', 1747, 68222729408000.0)] | content sum 4876 | twist reads False axis contents False second level False self-source False | momentum [39482273, 0, 0] | block.own is live True | own None False | clicked False | sum|now| 7648 | identity -1 | silent False | events []
paces p_i / Gamma at x 112..128: [0.9893, 0.9847, 0.9767, 0.9637, 0.9437, 0.9137, 0.8737, 0.8313, 0.8113, 0.8313, 0.8737, 0.9137, 0.9437, 0.9637, 0.9767, 0.9847, 0.9893]; anisotropy of the reads 0.0
t=2 coefficients calls (caller, line, content sum, reads sum): [('level_step', 29, 67981708928000.0)] | content sum 4832 | twist reads False axis contents True second level False self-source False | momentum [38495039, 0, 0] | block.own is live True | own None False | clicked False | sum|now| 5545 | identity -1 | silent False | events []
t=   2 weighted form total    993.00 quanta (dynamics at fixed paces so far -174.534, work term so far +384.431) | vacuum share total    535.85 (drift so far  -66.698) | counts min   0 | continuity defect accumulated, weighted share: max |.|  81.790 quanta at x 120; vacuum share: max |.|  25.480 at x 120
t=3 coefficients calls (caller, line, content sum, reads sum): [('level_step', 29, 67996036168000.0)] | content sum 4767 | twist reads False axis contents True second level False self-source False | momentum [39383883, 0, 0] | block.own is live True | own None False | clicked False | sum|now| 15116 | identity -1 | silent False | events []
      t=50 reads' anisotropy max |R_y - R_x| / R_x 0.19249; axis contents t_a max |t_x| / Gamma 0.12317
t=  50 weighted form total    917.20 quanta (dynamics at fixed paces so far -347.195, work term so far +481.296) | vacuum share total    564.53 (drift so far  -38.016) | counts min   0 | continuity defect accumulated, weighted share: max |.| 142.511 quanta at x 120; vacuum share: max |.|  33.507 at x 121
      t=100 reads' anisotropy max |R_y - R_x| / R_x 0.20339; axis contents t_a max |t_x| / Gamma 0.13283
t= 100 weighted form total   1181.00 quanta (dynamics at fixed paces so far -283.789, work term so far +681.689) | vacuum share total    652.60 (drift so far  +50.055) | counts min   0 | continuity defect accumulated, weighted share: max |.| 143.346 quanta at x 120; vacuum share: max |.|  54.109 at x 120
      t=150 reads' anisotropy max |R_y - R_x| / R_x 0.18809; axis contents t_a max |t_x| / Gamma 0.12283
t= 150 weighted form total    916.80 quanta (dynamics at fixed paces so far -681.260, work term so far +814.960) | vacuum share total    544.79 (drift so far  -57.749) | counts min -24 | continuity defect accumulated, weighted share: max |.| 206.363 quanta at x 121; vacuum share: max |.|  83.625 at x 122
      t=200 reads' anisotropy max |R_y - R_x| / R_x 0.19716; axis contents t_a max |t_x| / Gamma 0.12683
t= 200 weighted form total   1116.52 quanta (dynamics at fixed paces so far -686.079, work term so far +1019.502) | vacuum share total    642.37 (drift so far  +39.824) | counts min -32 | continuity defect accumulated, weighted share: max |.| 216.696 quanta at x 121; vacuum share: max |.|  70.591 at x 120
      accumulated defect at x 112..128, weighted: [0.0, 0.0, -0.1, -0.1, -0.2, -2.2, -14.4, -72.8, -193.1, -216.7, -153.8, -40.3, 3.3, 3.4, 0.8, 0.1, 0.0]
      vacuum:   [-0.0, 0.0, -0.1, 0.0, 0.5, 2.7, 13.5, 48.7, 70.6, 15.7, -33.5, -42.8, -23.7, -8.5, -2.4, -0.7, -0.2]
EXIT 0
