=== AT REST
t=1 coefficients calls (caller, line, content sum, reads sum): [('_advance', 1747, 68222729408000.0)] | content sum 4852 | twist reads False axis contents False second level False self-source False | momentum [0, 0, 0] | block.own is live True | own None False | clicked False | sum|now| 7950 | identity -1 | silent False | events []
paces p_i / Gamma at x 112..128: [0.9893, 0.9847, 0.9767, 0.9637, 0.9437, 0.9137, 0.8737, 0.8313, 0.8113, 0.8313, 0.8737, 0.9137, 0.9437, 0.9637, 0.9767, 0.9847, 0.9893]; anisotropy of the reads 0.0
t=2 coefficients calls (caller, line, content sum, reads sum): [('_advance', 1747, 68230477376000.0)] | content sum 4766 | twist reads False axis contents False second level False self-source False | momentum [0, 0, 0] | block.own is live True | own None False | clicked False | sum|now| 5260 | identity -1 | silent False | events []
t=   2 weighted form total    712.01 quanta (dynamics at fixed paces so far   -0.201, work term so far   -4.508) | vacuum share total    496.70 (drift so far  -57.480) | counts min   0 | continuity defect accumulated, weighted share: max |.|   0.350 quanta at x 120; vacuum share: max |.|  19.884 at x 120
t=3 coefficients calls (caller, line, content sum, reads sum): [('_advance', 1747, 68244413504000.0)] | content sum 4642 | twist reads False axis contents False second level False self-source False | momentum [0, 0, 0] | block.own is live True | own None False | clicked False | sum|now| 15052 | identity -1 | silent False | events []
      t=50 reads' anisotropy max |R_y - R_x| / R_x 0.00000; axis contents t_a max |t_x| / Gamma 0.00000
t=  50 weighted form total    660.88 quanta (dynamics at fixed paces so far   +0.502, work term so far  -56.343) | vacuum share total    541.35 (drift so far  -12.834) | counts min   0 | continuity defect accumulated, weighted share: max |.|   0.951 quanta at x 119; vacuum share: max |.|   5.973 at x 120
      t=100 reads' anisotropy max |R_y - R_x| / R_x 0.00000; axis contents t_a max |t_x| / Gamma 0.00000
t= 100 weighted form total    671.10 quanta (dynamics at fixed paces so far   +0.796, work term so far  -46.414) | vacuum share total    529.55 (drift so far  -24.630) | counts min   0 | continuity defect accumulated, weighted share: max |.|   0.798 quanta at x 121; vacuum share: max |.|   5.816 at x 118
      t=150 reads' anisotropy max |R_y - R_x| / R_x 0.00000; axis contents t_a max |t_x| / Gamma 0.00000
t= 150 weighted form total    682.04 quanta (dynamics at fixed paces so far   +0.873, work term so far  -35.548) | vacuum share total    586.42 (drift so far  +32.238) | counts min   0 | continuity defect accumulated, weighted share: max |.|   0.949 quanta at x 121; vacuum share: max |.|  13.868 at x 120
      t=200 reads' anisotropy max |R_y - R_x| / R_x 0.00000; axis contents t_a max |t_x| / Gamma 0.00000
t= 200 weighted form total    671.99 quanta (dynamics at fixed paces so far   +0.672, work term so far  -45.404) | vacuum share total    560.66 (drift so far   +6.477) | counts min   0 | continuity defect accumulated, weighted share: max |.|   1.896 quanta at x 120; vacuum share: max |.|  10.647 at x 120
      accumulated defect at x 112..128, weighted: [-0.0, 0.1, -0.3, -0.1, -0.0, -0.2, 0.2, -0.1, 1.9, -0.6, 0.2, -0.0, -0.3, 0.1, -0.2, 0.0, -0.1]
      vacuum:   [-0.0, 0.1, -0.4, -0.4, -0.9, -1.5, -1.9, 3.2, 10.6, 2.8, -2.2, -1.3, -1.1, -0.1, -0.3, 0.0, -0.1]
=== MOVING, k = 2 pi 6 / 240
t=1 coefficients calls (caller, line, content sum, reads sum): [('_advance', 1747, 68222729408000.0)] | content sum 4876 | twist reads False axis contents False second level False self-source False | momentum [2193, 0, 0] | block.own is live True | own None False | clicked False | sum|now| 7648 | identity -1 | silent False | events []
paces p_i / Gamma at x 112..128: [0.9893, 0.9847, 0.9767, 0.9637, 0.9437, 0.9137, 0.8737, 0.8313, 0.8113, 0.8313, 0.8737, 0.9137, 0.9437, 0.9637, 0.9767, 0.9847, 0.9893]; anisotropy of the reads 0.0
t=2 coefficients calls (caller, line, content sum, reads sum): [('_advance', 1747, 68226690816000.0)] | content sum 4835 | twist reads False axis contents False second level False self-source False | momentum [2141, 0, 0] | block.own is live True | own None False | clicked False | sum|now| 5573 | identity -1 | silent False | events []
t=   2 weighted form total    781.19 quanta (dynamics at fixed paces so far   +0.048, work term so far   -1.959) | vacuum share total    539.23 (drift so far  -63.311) | counts min   0 | continuity defect accumulated, weighted share: max |.|   0.063 quanta at x 117; vacuum share: max |.|  23.182 at x 120
t=3 coefficients calls (caller, line, content sum, reads sum): [('_advance', 1747, 68233461280000.0)] | content sum 4773 | twist reads False axis contents False second level False self-source False | momentum [2187, 0, 0] | block.own is live True | own None False | clicked False | sum|now| 15135 | identity -1 | silent False | events []
      t=50 reads' anisotropy max |R_y - R_x| / R_x 0.00000; axis contents t_a max |t_x| / Gamma 0.00000
t=  50 weighted form total    744.54 quanta (dynamics at fixed paces so far   +0.456, work term so far  -39.012) | vacuum share total    573.19 (drift so far  -29.357) | counts min   0 | continuity defect accumulated, weighted share: max |.|   1.612 quanta at x 121; vacuum share: max |.|  18.381 at x 122
      t=100 reads' anisotropy max |R_y - R_x| / R_x 0.00000; axis contents t_a max |t_x| / Gamma 0.00000
t= 100 weighted form total    754.08 quanta (dynamics at fixed paces so far   +1.219, work term so far  -30.236) | vacuum share total    621.96 (drift so far  +19.419) | counts min   0 | continuity defect accumulated, weighted share: max |.|   0.768 quanta at x 121; vacuum share: max |.|  23.607 at x 120
      t=150 reads' anisotropy max |R_y - R_x| / R_x 0.00000; axis contents t_a max |t_x| / Gamma 0.00000
t= 150 weighted form total    765.54 quanta (dynamics at fixed paces so far   +1.359, work term so far  -18.923) | vacuum share total    614.66 (drift so far  +12.117) | counts min  -9 | continuity defect accumulated, weighted share: max |.|   2.706 quanta at x 122; vacuum share: max |.|  33.389 at x 120
      t=200 reads' anisotropy max |R_y - R_x| / R_x 0.00000; axis contents t_a max |t_x| / Gamma 0.00000
t= 200 weighted form total    753.31 quanta (dynamics at fixed paces so far   +2.107, work term so far  -31.894) | vacuum share total    575.86 (drift so far  -26.684) | counts min -11 | continuity defect accumulated, weighted share: max |.|   3.065 quanta at x 122; vacuum share: max |.|  32.419 at x 120
      accumulated defect at x 112..128, weighted: [-0.0, 0.0, -0.1, -0.0, -0.1, -0.6, -0.1, -0.7, -0.3, 1.5, 3.1, 1.7, 0.1, -0.8, -0.7, -0.5, -0.3]
      vacuum:   [-0.0, -0.0, -0.1, -0.0, 0.2, 1.6, 8.3, 24.3, 32.4, 9.2, -16.6, -31.5, -28.9, -15.9, -6.4, -2.2, -0.8]
EXIT 0
