the standing pair's ratio before/now at the peak 0.94472 (omega_b 0.3341); ratios across the body [0.8065, 0.8182, 0.8886, 0.9084]...[0.9447, 0.9522]
=== AT REST
the gate: declared 599, laid 714; the declared counts scaled to 715 (attempt 1)
t=   1 ledger-ledger0   0 quanta  748 in the set  746 beyond    2 min   0 | SUM E/2   434734188038 | momentum [0, 0, 0] | centroid   120.00 | clicks out    0 in    0 | set shifts   0
      the continuity's defect Delta share - (W Delta c + Delta r): worst in the last 50 intervals -10.904 quanta at x = 120 (t = 2); the drift so far, summed: -107.12 quanta, at x 110..135 (in quanta): [-0.0, -0.1, -0.1, -0.2, -0.3, 0.0, -1.3, -1.6, -9.1, -22.5, -36.7, -22.5, -9.1, -1.6, -1.3, 0.0, -0.3, -0.2, -0.1, -0.1, -0.0, 0.0, -0.0, 0.0, -0.0, 0.0]
      counts at x 108..135: [0, 0, 0, 1, 1, 3, 6, 9, 21, 40, 81, 130, 162, 130, 81, 40, 21, 9, 6, 3, 1, 1, 0, 0, 0, 0, 0, 0]
t=  50 ledger-ledger0   0 quanta  746 in the set  724 beyond   22 min   0 | SUM E/2   371552449456 | momentum [0, 0, 0] | centroid   120.00 | clicks out   24 in    4 | set shifts   0
      the continuity's defect Delta share - (W Delta c + Delta r): worst in the last 50 intervals +1.941 quanta at x = 121 (t = 76); the drift so far, summed: -77.38 quanta, at x 110..135 (in quanta): [0.0, 0.0, -0.1, 0.3, -0.1, 0.2, 0.4, 0.1, -5.1, -18.9, -30.9, -19.3, -4.9, 0.2, 0.2, 0.3, -0.0, 0.2, -0.0, 0.0, 0.1, -0.1, 0.0, 0.0, -0.0, 0.0]
      counts at x 108..135: [0, 1, 1, 1, 2, 3, 4, 10, 20, 39, 79, 131, 165, 131, 78, 39, 20, 10, 5, 3, 2, 1, 1, 1, 0, 0, 0, 0]
t= 100 ledger-ledger0   0 quanta  747 in the set  722 beyond   25 min   0 | SUM E/2   389093740120 | momentum [-9, 0, 0] | centroid   120.01 | clicks out   48 in   25 | set shifts   0
      the continuity's defect Delta share - (W Delta c + Delta r): worst in the last 50 intervals +1.827 quanta at x = 120 (t = 140); the drift so far, summed: -69.67 quanta, at x 110..135 (in quanta): [-0.0, 0.0, -0.0, 0.2, -0.2, 0.2, -0.0, -0.3, -4.6, -16.7, -26.8, -17.0, -4.3, -0.2, -0.2, 0.2, -0.1, 0.1, 0.0, 0.0, 0.0, 0.0, 0.0, -0.0, 0.0, -0.0]
      counts at x 108..135: [0, 0, 0, 0, 0, 0, 1, 3, 11, 31, 78, 149, 194, 149, 77, 31, 11, 3, 1, 0, 0, 0, 0, 0, 0, 0, 0, 0]
t= 150 ledger-ledger0   0 quanta  739 in the set  737 beyond    2 min   0 | SUM E/2   393640339852 | momentum [-9, 0, 0] | centroid   120.00 | clicks out   52 in   52 | set shifts   0
      the continuity's defect Delta share - (W Delta c + Delta r): worst in the last 50 intervals -1.487 quanta at x = 120 (t = 194); the drift so far, summed: -86.75 quanta, at x 110..135 (in quanta): [-0.0, -0.0, -0.1, 0.1, -0.4, -0.0, -0.5, -1.0, -6.1, -19.9, -31.0, -19.4, -6.2, -1.1, -0.8, -0.1, -0.3, 0.1, -0.1, 0.0, 0.0, 0.0, 0.0, -0.0, 0.0, 0.0]
      counts at x 108..135: [0, 0, 0, 0, 1, 1, 2, 6, 15, 35, 79, 143, 182, 142, 78, 35, 15, 6, 2, 1, 1, 0, 0, 0, 0, 0, 0, 0]
t= 200 ledger-ledger0   0 quanta  744 in the set  736 beyond    8 min   0 | SUM E/2   383565822082 | momentum [2, 0, 0] | centroid   120.00 | clicks out   58 in   52 | set shifts   0
      the continuity's defect Delta share - (W Delta c + Delta r): worst in the last 50 intervals +1.195 quanta at x = 120 (t = 203); the drift so far, summed: -84.68 quanta, at x 110..135 (in quanta): [-0.0, -0.0, -0.0, 0.1, -0.2, 0.3, -0.1, -0.6, -5.8, -20.8, -31.7, -19.9, -5.8, 0.2, -0.4, 0.3, -0.2, 0.2, -0.0, 0.0, 0.0, 0.0, 0.0, -0.0, 0.0, 0.0]
      counts at x 108..135: [0, 0, 1, 1, 1, 3, 5, 10, 21, 41, 79, 130, 161, 129, 78, 40, 21, 10, 5, 2, 1, 1, 1, 0, 0, 0, 0, 0]
t= 250 ledger-ledger0   0 quanta  741 in the set  720 beyond   21 min   0 | SUM E/2   384790410535 | momentum [-16, 0, 0] | centroid   119.98 | clicks out   72 in   53 | set shifts   0
      the continuity's defect Delta share - (W Delta c + Delta r): worst in the last 50 intervals +1.221 quanta at x = 120 (t = 296); the drift so far, summed: -75.47 quanta, at x 110..135 (in quanta): [-0.0, -0.0, 0.0, 0.1, -0.2, 0.3, 0.0, -0.2, -4.7, -18.7, -29.6, -18.4, -4.7, 0.2, -0.4, 0.4, -0.2, 0.2, -0.0, 0.1, 0.0, 0.0, 0.0, -0.0, 0.0, 0.0]
      counts at x 108..135: [0, 0, 0, 0, 1, 1, 3, 6, 16, 36, 79, 142, 179, 140, 77, 35, 16, 6, 3, 1, 1, 0, 0, 0, 0, 0, 0, 0]
t= 300 ledger-ledger0   0 quanta  742 in the set  732 beyond   10 min   0 | SUM E/2   390220444852 | momentum [-18, 0, 0] | centroid   119.99 | clicks out   74 in   66 | set shifts   0
      the continuity's defect Delta share - (W Delta c + Delta r): worst in the last 50 intervals -1.511 quanta at x = 119 (t = 328); the drift so far, summed: -78.65 quanta, at x 110..135 (in quanta): [-0.0, -0.0, -0.0, 0.0, -0.3, 0.0, -0.5, -1.3, -5.3, -17.9, -27.9, -18.7, -5.2, -0.6, -0.9, 0.1, -0.3, 0.1, -0.0, 0.0, 0.0, 0.0, -0.0, -0.0, 0.0, 0.0]
      counts at x 108..135: [0, 0, 0, 0, 0, 0, 1, 3, 11, 32, 78, 150, 195, 149, 76, 30, 11, 3, 1, 0, 0, 0, 0, 0, 0, 0, 0, 0]
t= 350 ledger-ledger0   0 quanta  740 in the set  738 beyond    2 min   0 | SUM E/2   388346500947 | momentum [-13, 0, 0] | centroid   119.99 | clicks out   74 in   74 | set shifts   0
      the continuity's defect Delta share - (W Delta c + Delta r): worst in the last 50 intervals -1.513 quanta at x = 121 (t = 368); the drift so far, summed: -85.39 quanta, at x 110..135 (in quanta): [-0.0, -0.0, -0.0, 0.0, -0.4, 0.1, -0.4, -0.9, -5.6, -20.2, -31.3, -20.2, -5.1, -0.6, -0.7, 0.2, -0.3, 0.1, -0.0, 0.0, 0.0, 0.0, 0.0, -0.0, 0.0, 0.0]
      counts at x 108..135: [0, 0, 0, 1, 1, 2, 4, 9, 20, 40, 80, 134, 167, 132, 77, 38, 19, 9, 4, 2, 1, 1, 0, 0, 0, 0, 0, 0]
t= 400 ledger-ledger0   0 quanta  741 in the set  725 beyond   16 min   0 | SUM E/2   384370497391 | momentum [-31, 0, 0] | centroid   119.98 | clicks out   88 in   74 | set shifts   0
=== MOVING, k = 2 pi 6 / 240
the gate: declared 599, laid 684; the declared counts scaled to 683 (attempt 1)
t=   1 ledger-ledger0   0 quanta  707 in the set  706 beyond    1 min   0 | SUM E/2   411575833316 | momentum [1918, 0, 0] | centroid   119.91 | clicks out    0 in    0 | set shifts   0
      the continuity's defect Delta share - (W Delta c + Delta r): worst in the last 50 intervals -9.699 quanta at x = 120 (t = 2); the drift so far, summed: -98.49 quanta, at x 110..135 (in quanta): [-0.0, -0.1, -0.1, -0.2, -0.2, -0.4, -1.0, -2.5, -8.7, -23.5, -35.6, -17.9, -4.7, -1.2, -1.1, -0.4, -0.4, -0.3, -0.2, -0.2, -0.1, -0.0, -0.0, 0.0, -0.0, 0.0]
      counts at x 108..135: [0, 0, 0, 1, 1, 2, 4, 7, 15, 26, 55, 97, 139, 128, 97, 62, 35, 18, 10, 5, 3, 1, 1, 0, 0, 0, 0, 0]
t=  50 ledger-ledger0   0 quanta  707 in the set  679 beyond   28 min   0 | SUM E/2   353481865698 | momentum [1963, 0, 0] | centroid   120.62 | clicks out   28 in    1 | set shifts   0
      the continuity's defect Delta share - (W Delta c + Delta r): worst in the last 50 intervals -1.546 quanta at x = 121 (t = 65); the drift so far, summed: -75.80 quanta, at x 110..135 (in quanta): [0.1, -0.1, 0.0, 0.1, -0.1, -0.1, -0.5, -2.1, -7.6, -23.6, -34.2, -16.1, 0.4, 3.4, 2.6, 1.2, 0.4, 0.4, 0.1, 0.0, 0.0, -0.1, 0.0, -0.0, -0.0, 0.0]
      counts at x 108..135: [0, 1, 1, 1, 2, 2, 3, 5, 9, 16, 35, 72, 115, 120, 108, 83, 56, 33, 18, 10, 6, 3, 2, 1, 1, 1, 0, 0]
t= 100 ledger-ledger0   0 quanta  704 in the set  652 beyond   52 min   0 | SUM E/2   366865439017 | momentum [1961, 0, 0] | centroid   121.36 | clicks out   62 in   11 | set shifts   0
      the continuity's defect Delta share - (W Delta c + Delta r): worst in the last 50 intervals +1.407 quanta at x = 123 (t = 143); the drift so far, summed: -66.24 quanta, at x 110..135 (in quanta): [0.0, -0.0, 0.0, 0.1, -0.1, -0.2, -0.8, -2.5, -8.5, -25.3, -35.9, -15.9, 3.5, 9.4, 5.4, 2.5, 0.9, 0.4, 0.3, 0.1, 0.0, 0.0, 0.0, 0.0, 0.0, 0.0]
      counts at x 108..135: [0, 0, 1, 1, 1, 1, 1, 1, 2, 5, 15, 46, 85, 109, 132, 129, 90, 48, 21, 8, 3, 1, 1, 1, 1, 1, 1, 0]
t= 150 ledger-ledger0   0 quanta  705 in the set  662 beyond   43 min   0 | SUM E/2   372505603461 | momentum [1906, 0, 0] | centroid   122.11 | clicks out   74 in   32 | set shifts   0
      the continuity's defect Delta share - (W Delta c + Delta r): worst in the last 50 intervals -1.400 quanta at x = 123 (t = 151); the drift so far, summed: -79.55 quanta, at x 110..135 (in quanta): [0.0, -0.0, -0.0, 0.0, -0.2, -0.3, -0.9, -2.7, -9.0, -26.5, -38.5, -20.5, -1.4, 9.4, 7.1, 4.0, 0.4, -0.1, -0.2, -0.1, -0.1, -0.0, -0.0, -0.0, 0.0, -0.0]
      counts at x 108..135: [0, 0, 0, 0, 0, 0, 0, 0, 1, 3, 11, 35, 62, 72, 98, 130, 128, 86, 43, 18, 6, 2, 1, 0, 0, 0, 0, 0]
t= 200 ledger-ledger0   0 quanta  696 in the set  626 beyond   70 min   0 | SUM E/2   364654319686 | momentum [1945, 0, 0] | centroid   122.86 | clicks out  111 in   42 | set shifts   0
      the continuity's defect Delta share - (W Delta c + Delta r): worst in the last 50 intervals +1.217 quanta at x = 123 (t = 249); the drift so far, summed: -80.21 quanta, at x 110..135 (in quanta): [-0.0, -0.0, -0.0, 0.0, -0.2, -0.3, -0.9, -2.7, -8.9, -26.4, -38.6, -21.6, -4.8, 5.8, 5.9, 7.0, 3.8, 1.4, 0.5, 0.0, -0.1, -0.0, -0.0, -0.0, -0.0, -0.0]
      counts at x 108..135: [0, 0, 0, 0, 0, 1, 1, 1, 2, 5, 13, 36, 59, 57, 63, 83, 103, 99, 74, 46, 25, 13, 7, 4, 2, 1, 1, 1]
t= 250 ledger-ledger0   0 quanta  697 in the set  521 beyond  176 min   0 | SUM E/2   364265974385 | momentum [1987, 0, 0] | centroid   123.59 | clicks out  217 in   42 | set shifts   0
      the continuity's defect Delta share - (W Delta c + Delta r): worst in the last 50 intervals -1.344 quanta at x = 124 (t = 260); the drift so far, summed: -78.65 quanta, at x 110..135 (in quanta): [0.0, -0.0, -0.0, 0.0, -0.2, -0.3, -0.8, -2.6, -8.8, -26.5, -38.7, -22.4, -6.1, 2.3, 5.2, 7.5, 5.7, 4.1, 1.6, 0.8, 0.2, 0.2, 0.0, 0.1, 0.0, -0.0]
      counts at x 108..135: [0, 0, 0, 0, 0, 0, 1, 1, 2, 4, 11, 32, 51, 43, 41, 58, 88, 106, 99, 71, 43, 23, 12, 6, 3, 2, 1, 1]
t= 300 ledger-ledger0   0 quanta  699 in the set  437 beyond  262 min   0 | SUM E/2   365187583894 | momentum [1942, 0, 0] | centroid   124.31 | clicks out  304 in   43 | set shifts   0
      the continuity's defect Delta share - (W Delta c + Delta r): worst in the last 50 intervals +1.226 quanta at x = 125 (t = 316); the drift so far, summed: -78.78 quanta, at x 110..135 (in quanta): [-0.0, -0.0, -0.0, 0.0, -0.2, -0.3, -0.9, -2.7, -8.9, -26.6, -39.1, -23.1, -7.5, 0.3, 2.8, 6.9, 9.4, 6.8, 2.9, 0.9, 0.1, 0.1, 0.0, 0.1, 0.0, -0.0]
      counts at x 108..135: [0, 0, 0, 0, 0, 0, 0, 0, 1, 2, 9, 28, 43, 29, 18, 27, 59, 106, 136, 116, 70, 32, 12, 4, 1, 0, 0, 0]
t= 350 ledger-ledger0   0 quanta  693 in the set  322 beyond  371 min   0 | SUM E/2   365108440509 | momentum [1869, 0, 0] | centroid   125.06 | clicks out  414 in   44 | set shifts   0
      the continuity's defect Delta share - (W Delta c + Delta r): worst in the last 50 intervals -1.000 quanta at x = 127 (t = 389); the drift so far, summed: -79.44 quanta, at x 110..135 (in quanta): [0.0, -0.0, -0.0, 0.0, -0.2, -0.3, -0.9, -2.7, -9.0, -26.7, -39.2, -23.3, -8.0, -0.8, 1.2, 3.2, 7.0, 10.8, 6.6, 2.8, 0.7, -0.3, -0.2, -0.1, -0.0, -0.1]
      counts at x 108..135: [0, 0, 0, 0, 0, 0, 0, 0, 1, 3, 9, 28, 44, 29, 15, 15, 33, 64, 105, 125, 105, 64, 32, 14, 5, 2, 1, 1]
t= 400 ledger-ledger0   0 quanta  695 in the set  241 beyond  454 min   0 | SUM E/2   364722874520 | momentum [1942, 0, 0] | centroid   125.77 | clicks out  498 in   45 | set shifts   0
EXIT 0
