the standing pair's ratio before/now at the peak 0.94472 (omega_b 0.3341); ratios across the body [0.8065, 0.8182, 0.8886, 0.9084]...[0.9447, 0.9522]
=== AT REST
t=   1 ledger-ledger0   0 quanta  556 in the set  554 beyond    2 min   0 | SUM E/2   326869640000 | momentum [0, 0, 0] | centroid   120.00 | clicks out    0 in    0 | set shifts   0
      the continuity's defect Delta share - (W Delta c + Delta r): worst in the last 50 intervals -19.884 quanta at x = 120 (t = 2); the drift so far, summed: -12.83 quanta, at x 110..135 (in quanta): [-0.0, -0.1, -0.0, -0.2, -0.4, -0.2, -1.9, -2.5, -5.8, 1.7, 6.0, 1.6, -5.8, -2.4, -1.9, -0.2, -0.4, -0.2, -0.0, -0.1, -0.0, -0.0, 0.0, 0.0, -0.0, 0.0]
      counts at x 108..135: [0, 0, 0, 1, 1, 3, 6, 9, 20, 37, 67, 87, 93, 87, 67, 37, 20, 9, 6, 3, 1, 1, 0, 0, 0, 0, 0, 0]
t=  50 ledger-ledger0   0 quanta  555 in the set  533 beyond   22 min   0 | SUM E/2   319299688000 | momentum [-3, 0, 0] | centroid   120.00 | clicks out   24 in    4 | set shifts   0
      the continuity's defect Delta share - (W Delta c + Delta r): worst in the last 50 intervals -13.177 quanta at x = 120 (t = 100); the drift so far, summed: -24.63 quanta, at x 110..135 (in quanta): [0.1, 0.0, -0.1, 0.1, -0.3, -0.4, -1.3, -2.8, -5.8, -2.7, 1.9, -3.0, -5.8, -2.7, -1.3, -0.3, -0.2, 0.1, -0.1, -0.0, 0.1, -0.1, 0.0, 0.0, -0.0, 0.0]
      counts at x 108..135: [0, 1, 1, 1, 1, 2, 4, 9, 18, 35, 65, 89, 99, 89, 65, 35, 18, 9, 4, 2, 1, 1, 1, 0, 0, 0, 0, 0]
t= 100 ledger-ledger0   0 quanta  550 in the set  531 beyond   19 min   0 | SUM E/2   312342262000 | momentum [6, 0, 0] | centroid   119.98 | clicks out   45 in   28 | set shifts   0
      the continuity's defect Delta share - (W Delta c + Delta r): worst in the last 50 intervals -16.860 quanta at x = 120 (t = 147); the drift so far, summed: +32.24 quanta, at x 110..135 (in quanta): [0.0, 0.0, 0.0, 0.1, -0.2, 0.1, 0.1, 0.5, 1.3, 7.6, 13.9, 6.7, 1.3, 0.5, 0.0, 0.3, -0.1, 0.1, -0.0, 0.0, 0.0, -0.0, -0.0, -0.0, -0.0, -0.0]
      counts at x 108..135: [0, 0, 0, 0, 0, 0, 1, 3, 10, 27, 63, 106, 128, 107, 63, 27, 10, 3, 1, 0, 0, 0, 0, 0, 0, 0, 0, 0]
t= 150 ledger-ledger0   0 quanta  549 in the set  547 beyond    2 min   0 | SUM E/2   345884660000 | momentum [6, 0, 0] | centroid   120.00 | clicks out   48 in   48 | set shifts   0
      the continuity's defect Delta share - (W Delta c + Delta r): worst in the last 50 intervals +18.037 quanta at x = 120 (t = 161); the drift so far, summed: +6.48 quanta, at x 110..135 (in quanta): [-0.0, -0.0, -0.0, 0.1, -0.4, -0.4, -0.9, -1.5, -1.9, 3.2, 10.6, 2.8, -2.2, -1.3, -1.1, -0.1, -0.3, 0.0, -0.1, -0.0, -0.0, -0.0, -0.0, -0.0, -0.0, -0.0]
      counts at x 108..135: [0, 0, 0, 0, 1, 1, 3, 6, 15, 33, 64, 96, 109, 97, 65, 33, 15, 6, 3, 1, 1, 0, 0, 0, 0, 0, 0, 0]
t= 200 ledger-ledger0   0 quanta  549 in the set  539 beyond   10 min   0 | SUM E/2   330689900000 | momentum [-1, 0, 0] | centroid   120.01 | clicks out   56 in   48 | set shifts   0
      the continuity's defect Delta share - (W Delta c + Delta r): worst in the last 50 intervals +13.451 quanta at x = 120 (t = 212); the drift so far, summed: -30.03 quanta, at x 110..135 (in quanta): [0.0, 0.0, -0.0, 0.1, -0.4, -0.5, -1.5, -3.7, -6.3, -2.9, 1.8, -4.0, -6.2, -3.6, -1.8, -0.4, -0.4, 0.0, -0.1, -0.0, -0.0, -0.0, -0.0, -0.0, -0.0, -0.0]
      counts at x 108..135: [0, 0, 1, 1, 1, 3, 5, 10, 20, 38, 65, 85, 92, 86, 64, 38, 20, 10, 5, 2, 1, 1, 0, 0, 0, 0, 0, 0]
t= 250 ledger-ledger0   0 quanta  548 in the set  528 beyond   20 min   0 | SUM E/2   309160050000 | momentum [-22, 0, 0] | centroid   119.97 | clicks out   67 in   49 | set shifts   0
      the continuity's defect Delta share - (W Delta c + Delta r): worst in the last 50 intervals -14.829 quanta at x = 120 (t = 297); the drift so far, summed: +8.99 quanta, at x 110..135 (in quanta): [0.0, 0.0, 0.0, 0.1, -0.2, 0.1, -0.2, -0.8, -1.6, 2.8, 8.8, 2.0, -1.2, -0.7, -0.5, 0.1, -0.2, 0.1, 0.0, 0.0, 0.0, -0.0, -0.0, -0.0, -0.0, -0.0]
      counts at x 108..135: [0, 0, 0, 0, 0, 1, 2, 5, 12, 31, 64, 101, 116, 101, 64, 31, 13, 5, 2, 1, 0, 0, 0, 0, 0, 0, 0, 0]
t= 300 ledger-ledger0   0 quanta  549 in the set  543 beyond    6 min   0 | SUM E/2   332172898000 | momentum [13, 0, 0] | centroid   120.01 | clicks out   67 in   63 | set shifts   0
      the continuity's defect Delta share - (W Delta c + Delta r): worst in the last 50 intervals +18.048 quanta at x = 120 (t = 342); the drift so far, summed: +29.41 quanta, at x 110..135 (in quanta): [0.0, 0.0, -0.0, 0.1, -0.2, 0.0, -0.2, -0.5, 0.8, 7.9, 14.5, 6.7, 1.1, -0.1, -0.6, 0.1, -0.3, 0.1, -0.0, -0.0, -0.0, -0.0, -0.0, -0.0, -0.0, -0.0]
      counts at x 108..135: [0, 0, 0, 0, 0, 0, 1, 4, 11, 29, 63, 103, 123, 105, 63, 29, 12, 4, 1, 0, 0, 0, 0, 0, 0, 0, 0, 0]
t= 350 ledger-ledger0   0 quanta  548 in the set  546 beyond    2 min   0 | SUM E/2   344213448000 | momentum [-10, 0, 0] | centroid   120.01 | clicks out   67 in   67 | set shifts   0
      the continuity's defect Delta share - (W Delta c + Delta r): worst in the last 50 intervals -16.419 quanta at x = 120 (t = 352); the drift so far, summed: -22.84 quanta, at x 110..135 (in quanta): [-0.0, -0.0, -0.0, 0.0, -0.5, -0.3, -1.6, -3.6, -5.1, -2.2, 4.7, -2.9, -5.1, -3.6, -1.8, -0.5, -0.5, 0.0, -0.0, -0.0, -0.0, -0.0, -0.0, -0.0, -0.0, -0.0]
      counts at x 108..135: [0, 0, 0, 1, 1, 2, 5, 9, 20, 38, 65, 87, 92, 87, 64, 38, 20, 10, 5, 2, 1, 1, 0, 0, 0, 0, 0, 0]
t= 400 ledger-ledger0   0 quanta  548 in the set  530 beyond   18 min   0 | SUM E/2   313398432000 | momentum [-6, 0, 0] | centroid   120.01 | clicks out   84 in   68 | set shifts   0
=== MOVING, k = 2 pi 6 / 240
the gate: declared 599, laid 524; the moving levels scaled by 1.0692 (attempt 1)
t=   1 ledger-ledger0   0 quanta  601 in the set  600 beyond    1 min   0 | SUM E/2   355364780000 | momentum [2192, 0, 0] | centroid   119.93 | clicks out    0 in    0 | set shifts   0
      the continuity's defect Delta share - (W Delta c + Delta r): worst in the last 50 intervals -23.066 quanta at x = 120 (t = 2); the drift so far, summed: -29.39 quanta, at x 110..135 (in quanta): [-0.0, -0.0, -0.0, -0.1, -0.1, -0.4, -0.6, -0.5, 0.9, 10.6, 9.2, -10.6, -18.6, -11.6, -4.9, -1.6, -0.5, -0.3, -0.1, -0.1, -0.0, -0.0, -0.0, 0.0, -0.0, -0.0]
      counts at x 108..135: [0, 0, 0, 0, 1, 2, 3, 6, 13, 22, 43, 62, 91, 120, 108, 67, 34, 15, 8, 4, 2, 1, 0, 0, 0, 0, 0, 0]
t=  50 ledger-ledger0   0 quanta  602 in the set  581 beyond   21 min   0 | SUM E/2   338027232000 | momentum [2180, 0, 0] | centroid   120.85 | clicks out   22 in    2 | set shifts   0
      the continuity's defect Delta share - (W Delta c + Delta r): worst in the last 50 intervals +15.730 quanta at x = 121 (t = 83); the drift so far, summed: +19.53 quanta, at x 110..135 (in quanta): [0.1, -0.0, -0.0, 0.1, -0.1, -0.0, 0.3, 1.3, 6.6, 19.8, 24.3, -0.4, -14.1, -11.2, -4.7, -1.7, -0.4, -0.0, -0.0, -0.0, 0.0, -0.0, 0.0, 0.0, -0.0, 0.0]
      counts at x 108..135: [0, 0, 0, 0, 1, 1, 1, 2, 4, 8, 15, 25, 61, 126, 144, 105, 57, 26, 12, 5, 3, 1, 1, 1, 0, 0, 0, 0]
t= 100 ledger-ledger0   0 quanta  599 in the set  573 beyond   26 min   0 | SUM E/2   366881302000 | momentum [2239, 0, 0] | centroid   121.87 | clicks out   38 in   13 | set shifts   0
      the continuity's defect Delta share - (W Delta c + Delta r): worst in the last 50 intervals +20.827 quanta at x = 122 (t = 146); the drift so far, summed: +11.94 quanta, at x 110..135 (in quanta): [0.0, -0.0, -0.0, 0.0, -0.1, 0.0, 0.3, 1.7, 8.4, 24.6, 33.9, 8.5, -18.5, -25.8, -14.5, -4.9, -1.4, -0.1, -0.0, -0.0, -0.0, 0.0, -0.0, 0.0, 0.0, 0.0]
      counts at x 108..135: [0, 0, 0, 0, 0, 0, 0, 0, 0, -1, -4, -8, 14, 96, 174, 169, 99, 41, 14, 3, 1, 0, 0, 0, 0, 0, 0, 0]
t= 150 ledger-ledger0   0 quanta  598 in the set  580 beyond   18 min  -8 | SUM E/2   362407248000 | momentum [2133, 0, 0] | centroid   122.82 | clicks out   41 in   24 | set shifts   0
      the continuity's defect Delta share - (W Delta c + Delta r): worst in the last 50 intervals +20.654 quanta at x = 123 (t = 170); the drift so far, summed: -27.85 quanta, at x 110..135 (in quanta): [0.0, -0.0, -0.0, 0.0, -0.1, -0.0, 0.3, 1.5, 7.9, 23.7, 33.0, 9.2, -17.3, -31.9, -28.3, -16.2, -6.3, -2.2, -0.7, -0.3, -0.1, -0.0, -0.0, -0.0, -0.0, -0.0]
      counts at x 108..135: [0, 0, 0, 0, 0, 0, 1, 1, 1, 1, -2, -11, -4, 48, 110, 146, 134, 88, 46, 21, 9, 4, 2, 1, 1, 0, 0, 0]
t= 200 ledger-ledger0   0 quanta  597 in the set  512 beyond   85 min -11 | SUM E/2   338940098000 | momentum [2192, 0, 0] | centroid   123.77 | clicks out  108 in   24 | set shifts   0
      the continuity's defect Delta share - (W Delta c + Delta r): worst in the last 50 intervals +16.091 quanta at x = 123 (t = 202); the drift so far, summed: +49.27 quanta, at x 110..135 (in quanta): [0.0, -0.0, 0.0, 0.0, -0.1, 0.0, 0.3, 1.7, 8.4, 25.0, 36.4, 18.4, 1.2, -8.6, -13.0, -11.3, -5.9, -2.3, -0.8, -0.1, -0.1, 0.0, -0.0, -0.0, -0.0, 0.0]
      counts at x 108..135: [0, 0, 0, 0, 0, 0, 0, 0, 0, -1, -6, -19, -21, 18, 70, 123, 150, 128, 79, 40, 18, 8, 4, 2, 1, 1, 0, 0]
t= 250 ledger-ledger0   0 quanta  595 in the set  442 beyond  153 min -21 | SUM E/2   384424504000 | momentum [2281, 0, 0] | centroid   124.80 | clicks out  176 in   24 | set shifts   0
      the continuity's defect Delta share - (W Delta c + Delta r): worst in the last 50 intervals -23.410 quanta at x = 125 (t = 299); the drift so far, summed: -38.93 quanta, at x 110..135 (in quanta): [0.0, -0.0, 0.0, 0.0, -0.1, 0.0, 0.3, 1.7, 8.4, 25.1, 36.8, 19.8, 3.5, -10.9, -31.2, -45.8, -30.9, -12.0, -3.1, -0.6, -0.0, 0.0, -0.0, 0.0, -0.0, 0.0]
      counts at x 108..135: [0, 0, 0, 0, 0, 0, 0, 0, 0, -2, -9, -26, -35, -9, 27, 81, 153, 187, 134, 65, 24, 7, 2, 0, 0, 0, 0, 0]
t= 300 ledger-ledger0   0 quanta  599 in the set  367 beyond  232 min -35 | SUM E/2   332401980000 | momentum [2079, 0, 0] | centroid   125.71 | clicks out  256 in   25 | set shifts   0
      the continuity's defect Delta share - (W Delta c + Delta r): worst in the last 50 intervals -23.675 quanta at x = 125 (t = 303); the drift so far, summed: +13.35 quanta, at x 110..135 (in quanta): [0.0, 0.0, -0.0, 0.0, -0.1, -0.0, 0.4, 1.7, 8.3, 25.1, 36.6, 19.7, 4.3, -3.8, -10.8, -21.7, -21.4, -14.6, -6.6, -2.5, -0.8, -0.4, -0.1, -0.1, -0.0, -0.0]
      counts at x 108..135: [0, 0, 0, 0, 0, 0, 0, 0, 0, -2, -8, -24, -33, -9, 18, 49, 91, 138, 147, 112, 64, 31, 13, 6, 3, 1, 1, 0]
t= 350 ledger-ledger0   0 quanta  598 in the set  220 beyond  378 min -33 | SUM E/2   363237042000 | momentum [2257, 0, 0] | centroid   126.67 | clicks out  402 in   25 | set shifts   0
      the continuity's defect Delta share - (W Delta c + Delta r): worst in the last 50 intervals +15.920 quanta at x = 126 (t = 400); the drift so far, summed: +34.79 quanta, at x 110..135 (in quanta): [0.0, 0.0, 0.0, 0.0, -0.1, 0.0, 0.3, 1.7, 8.4, 25.1, 37.0, 20.2, 6.2, 0.5, -1.3, -9.5, -15.3, -18.5, -12.2, -5.4, -1.8, -0.4, -0.2, -0.0, -0.0, -0.0]
      counts at x 108..135: [0, 0, 0, 0, 0, 0, 0, 0, 0, -2, -8, -25, -35, -14, 7, 26, 54, 103, 142, 143, 102, 56, 27, 12, 6, 3, 1, 1]
t= 400 ledger-ledger0   0 quanta  599 in the set  106 beyond  493 min -35 | SUM E/2   375885378000 | momentum [2295, 0, 0] | centroid   127.63 | clicks out  517 in   25 | set shifts   0
EXIT 0
