the 48 signed axis permutations: proper (det +1) 24 ; improper (det -1) 24

g = (perm, signs)          det | polar image of the six headings | axial image (det x g) | hand h -> det x h
(0, 1, 2) (1, 1, 1)      +1 | [0, 1, 2, 3, 4, 5] | [0, 1, 2, 3, 4, 5] | h -> +1 h
(0, 1, 2) (1, 1, -1)     -1 | [0, 1, 2, 3, 5, 4] | [1, 0, 3, 2, 4, 5] | h -> -1 h
(0, 1, 2) (1, -1, 1)     -1 | [0, 1, 3, 2, 4, 5] | [1, 0, 2, 3, 5, 4] | h -> -1 h
(0, 1, 2) (1, -1, -1)    +1 | [0, 1, 3, 2, 5, 4] | [0, 1, 3, 2, 5, 4] | h -> +1 h
(0, 1, 2) (-1, 1, 1)     -1 | [1, 0, 2, 3, 4, 5] | [0, 1, 3, 2, 5, 4] | h -> -1 h
(0, 1, 2) (-1, 1, -1)    +1 | [1, 0, 2, 3, 5, 4] | [1, 0, 2, 3, 5, 4] | h -> +1 h
(0, 1, 2) (-1, -1, 1)    +1 | [1, 0, 3, 2, 4, 5] | [1, 0, 3, 2, 4, 5] | h -> +1 h
(0, 1, 2) (-1, -1, -1)   -1 | [1, 0, 3, 2, 5, 4] | [0, 1, 2, 3, 4, 5] | h -> -1 h
(0, 2, 1) (1, 1, 1)      -1 | [0, 1, 4, 5, 2, 3] | [1, 0, 5, 4, 3, 2] | h -> -1 h
(0, 2, 1) (1, 1, -1)     +1 | [0, 1, 5, 4, 2, 3] | [0, 1, 5, 4, 2, 3] | h -> +1 h
(0, 2, 1) (1, -1, 1)     +1 | [0, 1, 4, 5, 3, 2] | [0, 1, 4, 5, 3, 2] | h -> +1 h
(0, 2, 1) (1, -1, -1)    -1 | [0, 1, 5, 4, 3, 2] | [1, 0, 4, 5, 2, 3] | h -> -1 h
(0, 2, 1) (-1, 1, 1)     +1 | [1, 0, 4, 5, 2, 3] | [1, 0, 4, 5, 2, 3] | h -> +1 h
(0, 2, 1) (-1, 1, -1)    -1 | [1, 0, 5, 4, 2, 3] | [0, 1, 4, 5, 3, 2] | h -> -1 h
(0, 2, 1) (-1, -1, 1)    -1 | [1, 0, 4, 5, 3, 2] | [0, 1, 5, 4, 2, 3] | h -> -1 h
(0, 2, 1) (-1, -1, -1)   +1 | [1, 0, 5, 4, 3, 2] | [1, 0, 5, 4, 3, 2] | h -> +1 h
(1, 0, 2) (1, 1, 1)      -1 | [2, 3, 0, 1, 4, 5] | [3, 2, 1, 0, 5, 4] | h -> -1 h
(1, 0, 2) (1, 1, -1)     +1 | [2, 3, 0, 1, 5, 4] | [2, 3, 0, 1, 5, 4] | h -> +1 h
(1, 0, 2) (1, -1, 1)     +1 | [3, 2, 0, 1, 4, 5] | [3, 2, 0, 1, 4, 5] | h -> +1 h
(1, 0, 2) (1, -1, -1)    -1 | [3, 2, 0, 1, 5, 4] | [2, 3, 1, 0, 4, 5] | h -> -1 h
(1, 0, 2) (-1, 1, 1)     +1 | [2, 3, 1, 0, 4, 5] | [2, 3, 1, 0, 4, 5] | h -> +1 h
(1, 0, 2) (-1, 1, -1)    -1 | [2, 3, 1, 0, 5, 4] | [3, 2, 0, 1, 4, 5] | h -> -1 h
(1, 0, 2) (-1, -1, 1)    -1 | [3, 2, 1, 0, 4, 5] | [2, 3, 0, 1, 5, 4] | h -> -1 h
(1, 0, 2) (-1, -1, -1)   +1 | [3, 2, 1, 0, 5, 4] | [3, 2, 1, 0, 5, 4] | h -> +1 h
(1, 2, 0) (1, 1, 1)      +1 | [4, 5, 0, 1, 2, 3] | [4, 5, 0, 1, 2, 3] | h -> +1 h
(1, 2, 0) (1, 1, -1)     -1 | [5, 4, 0, 1, 2, 3] | [4, 5, 1, 0, 3, 2] | h -> -1 h
(1, 2, 0) (1, -1, 1)     -1 | [4, 5, 0, 1, 3, 2] | [5, 4, 1, 0, 2, 3] | h -> -1 h
(1, 2, 0) (1, -1, -1)    +1 | [5, 4, 0, 1, 3, 2] | [5, 4, 0, 1, 3, 2] | h -> +1 h
(1, 2, 0) (-1, 1, 1)     -1 | [4, 5, 1, 0, 2, 3] | [5, 4, 0, 1, 3, 2] | h -> -1 h
(1, 2, 0) (-1, 1, -1)    +1 | [5, 4, 1, 0, 2, 3] | [5, 4, 1, 0, 2, 3] | h -> +1 h
(1, 2, 0) (-1, -1, 1)    +1 | [4, 5, 1, 0, 3, 2] | [4, 5, 1, 0, 3, 2] | h -> +1 h
(1, 2, 0) (-1, -1, -1)   -1 | [5, 4, 1, 0, 3, 2] | [4, 5, 0, 1, 2, 3] | h -> -1 h
(2, 0, 1) (1, 1, 1)      +1 | [2, 3, 4, 5, 0, 1] | [2, 3, 4, 5, 0, 1] | h -> +1 h
(2, 0, 1) (1, 1, -1)     -1 | [2, 3, 5, 4, 0, 1] | [3, 2, 4, 5, 1, 0] | h -> -1 h
(2, 0, 1) (1, -1, 1)     -1 | [3, 2, 4, 5, 0, 1] | [2, 3, 5, 4, 1, 0] | h -> -1 h
(2, 0, 1) (1, -1, -1)    +1 | [3, 2, 5, 4, 0, 1] | [3, 2, 5, 4, 0, 1] | h -> +1 h
(2, 0, 1) (-1, 1, 1)     -1 | [2, 3, 4, 5, 1, 0] | [3, 2, 5, 4, 0, 1] | h -> -1 h
(2, 0, 1) (-1, 1, -1)    +1 | [2, 3, 5, 4, 1, 0] | [2, 3, 5, 4, 1, 0] | h -> +1 h
(2, 0, 1) (-1, -1, 1)    +1 | [3, 2, 4, 5, 1, 0] | [3, 2, 4, 5, 1, 0] | h -> +1 h
(2, 0, 1) (-1, -1, -1)   -1 | [3, 2, 5, 4, 1, 0] | [2, 3, 4, 5, 0, 1] | h -> -1 h
(2, 1, 0) (1, 1, 1)      -1 | [4, 5, 2, 3, 0, 1] | [5, 4, 3, 2, 1, 0] | h -> -1 h
(2, 1, 0) (1, 1, -1)     +1 | [5, 4, 2, 3, 0, 1] | [5, 4, 2, 3, 0, 1] | h -> +1 h
(2, 1, 0) (1, -1, 1)     +1 | [4, 5, 3, 2, 0, 1] | [4, 5, 3, 2, 0, 1] | h -> +1 h
(2, 1, 0) (1, -1, -1)    -1 | [5, 4, 3, 2, 0, 1] | [4, 5, 2, 3, 1, 0] | h -> -1 h
(2, 1, 0) (-1, 1, 1)     +1 | [4, 5, 2, 3, 1, 0] | [4, 5, 2, 3, 1, 0] | h -> +1 h
(2, 1, 0) (-1, 1, -1)    -1 | [5, 4, 2, 3, 1, 0] | [4, 5, 3, 2, 0, 1] | h -> -1 h
(2, 1, 0) (-1, -1, 1)    -1 | [4, 5, 3, 2, 1, 0] | [5, 4, 2, 3, 0, 1] | h -> -1 h
(2, 1, 0) (-1, -1, -1)   +1 | [5, 4, 3, 2, 1, 0] | [5, 4, 3, 2, 1, 0] | h -> +1 h

the right-hand rule's sign a . d: kept under the 24 proper rotations (17856 cases), negated under the 24 improper (17856 cases): exact
det(g h) = det(g) det(h) on all 48 x 48 products: True (the hand's representation is a group action)
the 48 close under composition: True
