A's bare mode omega 0.08926, period 70.39; the norm 2.7867e+12; the -x return 2078
W =   64: FIRST RUNG at age 213; 1/4 at 211, 1/2 at 212, 3/2 at 214, 2 at 214; the largest reading before the rung 0.704 rung
W =  256: FIRST RUNG at age 211; 1/4 at 209, 1/2 at 210, 3/2 at 211, 2 at 212; the largest reading before the rung 0.839 rung
W = 1024: FIRST RUNG at age 209; 1/4 at 207, 1/2 at 208, 3/2 at 209, 2 at 210; the largest reading before the rung 0.842 rung
beside, no take at A's cells (the earlier form, HISTORY): first rung 213 at W = 64
the rise at W = 64: 205:0.006, 206:0.012, 207:0.025, 208:0.053, 209:0.108, 210:0.210, 211:0.391, 212:0.704, 213:1.225, 214:2.041, 215:3.249, 216:4.952, 217:7.253, 218:10.227, 219:13.881, 220:18.153, 221:22.932, 222:28.088, 223:33.472, 224:38.922, 225:44.284, 226:49.441
age | energy left | pointer | taken at A | share -x side | share beyond the set | energy x 64 / pointer | x 256
  150 | 9.313e+12 | 3.577e+07 | 1.121e+12 | 0.830 | 0.170 | 16662782.58 | 66651130.3
  220 | 1.497e+13 | 7.904e+11 | 1.121e+12 | 0.516 | 0.484 | 1211.76 | 4847.0
  300 | 7.769e+12 | 1.340e+13 | 1.121e+12 | 0.995 | 0.005 | 37.11 | 148.4
  400 | 7.738e+12 | 1.347e+13 | 1.121e+12 | 0.999 | 0.001 | 36.77 | 147.1
  700 | 7.731e+12 | 1.349e+13 | 1.121e+12 | 1.000 | 0.000 | 36.69 | 146.8
 1000 | 7.729e+12 | 1.349e+13 | 1.121e+12 | 1.000 | 0.000 | 36.67 | 146.7
 1500 | 7.731e+12 | 1.349e+13 | 1.121e+12 | 1.000 | 0.000 | 36.68 | 146.7
 1900 | 7.728e+12 | 1.349e+13 | 1.121e+12 | 1.000 | 0.000 | 36.66 | 146.6
 2000 | 7.728e+12 | 1.349e+13 | 1.121e+12 | 1.000 | 0.000 | 36.66 | 146.6
 2100 | 6.594e+12 | 1.349e+13 | 3.051e+12 | 1.000 | 0.000 | 31.28 | 125.1
 2150 | 4.437e+11 | 1.349e+13 | 1.378e+13 | 0.999 | 0.001 | 2.10 | 8.4
 2200 | 1.151e+11 | 1.349e+13 | 1.438e+13 | 0.996 | 0.004 | 0.55 | 2.2
 2400 | 3.881e+10 | 1.349e+13 | 1.452e+13 | 0.995 | 0.005 | 0.18 | 0.7
 2600 | 2.376e+10 | 1.349e+13 | 1.455e+13 | 0.990 | 0.010 | 0.11 | 0.5
 2999 | 1.335e+10 | 1.349e+13 | 1.458e+13 | 0.976 | 0.024 | 0.06 | 0.3
THE CLOSE on the map (the first age with energy x W_c < pointer), the map's own, not the engine's (see the docstring): {64: 2167, 256: 2301}
