a periodic box of 64^3 Nodes; mu = 0.15; c / omega_0 = 3.85 Links; nature's Bohr radius 137 c / omega_0 = 527 Links (NOT affordable here: the scale condition)
a cube of side 20, the full depth mu^2: omega_0 = 0.1493; bound modes below the gap: 3 of 8 asked (6 s)
   mode 1: omega = 0.11065, eps = 0.4508, eps / eps_1 = 1.000   (Balmer's 1 / n^2 for n = 1, 2, 3: 1.000, 0.250, 0.111; the old 27 / 20 = 1.350 as a ratio of radii)
   mode 2: omega = 0.14924, eps = 0.0008, eps / eps_1 = 0.002   (Balmer's 1 / n^2 for n = 1, 2, 3: 1.000, 0.250, 0.111; the old 27 / 20 = 1.350 as a ratio of radii)
   mode 3: omega = 0.14924, eps = 0.0008, eps / eps_1 = 0.002   (Balmer's 1 / n^2 for n = 1, 2, 3: 1.000, 0.250, 0.111; the old 27 / 20 = 1.350 as a ratio of radii)
a sphere of radius 10, the full depth mu^2: omega_0 = 0.1493; bound modes below the gap: 1 of 8 asked (8 s)
   mode 1: omega = 0.12425, eps = 0.3075, eps / eps_1 = 1.000   (Balmer's 1 / n^2 for n = 1, 2, 3: 1.000, 0.250, 0.111; the old 27 / 20 = 1.350 as a ratio of radii)
a Coulomb-like profile g(r) = mu^2 min(1, 6 / r): omega_0 = 0.1493; bound modes below the gap: 6 of 8 asked (8 s)
   mode 1: omega = 0.11628, eps = 0.3934, eps / eps_1 = 1.000   (Balmer's 1 / n^2 for n = 1, 2, 3: 1.000, 0.250, 0.111; the old 27 / 20 = 1.350 as a ratio of radii)
   mode 2: omega = 0.13704, eps = 0.1575, eps / eps_1 = 0.400   (Balmer's 1 / n^2 for n = 1, 2, 3: 1.000, 0.250, 0.111; the old 27 / 20 = 1.350 as a ratio of radii)
   mode 3: omega = 0.13971, eps = 0.1244, eps / eps_1 = 0.316   (Balmer's 1 / n^2 for n = 1, 2, 3: 1.000, 0.250, 0.111; the old 27 / 20 = 1.350 as a ratio of radii)
   mode 4: omega = 0.13971, eps = 0.1244, eps / eps_1 = 0.316   (Balmer's 1 / n^2 for n = 1, 2, 3: 1.000, 0.250, 0.111; the old 27 / 20 = 1.350 as a ratio of radii)
   mode 5: omega = 0.14467, eps = 0.0611, eps / eps_1 = 0.155   (Balmer's 1 / n^2 for n = 1, 2, 3: 1.000, 0.250, 0.111; the old 27 / 20 = 1.350 as a ratio of radii)
   mode 6: omega = 0.14467, eps = 0.0611, eps / eps_1 = 0.155   (Balmer's 1 / n^2 for n = 1, 2, 3: 1.000, 0.250, 0.111; the old 27 / 20 = 1.350 as a ratio of radii)
a Coulomb-like profile g(r) = mu^2 min(1, 12 / r): omega_0 = 0.1493; bound modes below the gap: 8 of 8 asked (5 s)
   mode 1: omega = 0.08260, eps = 0.6939, eps / eps_1 = 1.000   (Balmer's 1 / n^2 for n = 1, 2, 3: 1.000, 0.250, 0.111; the old 27 / 20 = 1.350 as a ratio of radii)
   mode 2: omega = 0.11125, eps = 0.4448, eps / eps_1 = 0.641   (Balmer's 1 / n^2 for n = 1, 2, 3: 1.000, 0.250, 0.111; the old 27 / 20 = 1.350 as a ratio of radii)
   mode 3: omega = 0.11125, eps = 0.4448, eps / eps_1 = 0.641   (Balmer's 1 / n^2 for n = 1, 2, 3: 1.000, 0.250, 0.111; the old 27 / 20 = 1.350 as a ratio of radii)
   mode 4: omega = 0.12027, eps = 0.3511, eps / eps_1 = 0.506   (Balmer's 1 / n^2 for n = 1, 2, 3: 1.000, 0.250, 0.111; the old 27 / 20 = 1.350 as a ratio of radii)
   mode 5: omega = 0.12560, eps = 0.2923, eps / eps_1 = 0.421   (Balmer's 1 / n^2 for n = 1, 2, 3: 1.000, 0.250, 0.111; the old 27 / 20 = 1.350 as a ratio of radii)
   mode 6: omega = 0.13199, eps = 0.2185, eps / eps_1 = 0.315   (Balmer's 1 / n^2 for n = 1, 2, 3: 1.000, 0.250, 0.111; the old 27 / 20 = 1.350 as a ratio of radii)
   mode 7: omega = 0.13579, eps = 0.1728, eps / eps_1 = 0.249   (Balmer's 1 / n^2 for n = 1, 2, 3: 1.000, 0.250, 0.111; the old 27 / 20 = 1.350 as a ratio of radii)
   mode 8: omega = 0.13784, eps = 0.1477, eps / eps_1 = 0.213   (Balmer's 1 / n^2 for n = 1, 2, 3: 1.000, 0.250, 0.111; the old 27 / 20 = 1.350 as a ratio of radii)
