(a) the lattice Green's function on 120^3 (unit source, gauged to phi(0) = 0.2527310098): 6 phi(0) - 6 phi(1) = 1.00000 (1 exactly on the infinite lattice)
    r | r phi(r) along an axis | |r| phi along a diagonal (the 1 / (4 pi) = 0.07958 limit; isotropy under the 48)
     1 | 0.08606 | 0.07548
     2 | 0.08578 | 0.07847
     3 | 0.08264 | 0.07910
     4 | 0.08116 | 0.07933
     6 | 0.08021 | 0.07956
     8 | 0.07995 | 0.07976
    12 | 0.07989 | 0.08039
    16 | 0.08006 | 0.08151
    24 | 0.08103 | 0.08573
(b) the clock in the field (row 12): the pitch's shift delta(r) = 4 pi kappa phi(r); the ratio of the
    shifts at r and 2 r (a 1 / r field gives 2.00):  r = 2: 2.1138, r = 4: 2.0302, r = 8: 1.9973, r = 12: 1.9719
(c) the bending against the clock (row 13): with the medium's index n_m = 1.5000, 1 + gamma_eff = (n_m^2 - 1) / n_m = 0.8333
(c) the bending against the clock (row 13): with the medium's index n_m = 2.0000, 1 + gamma_eff = (n_m^2 - 1) / n_m = 1.5000
(c) the bending against the clock (row 13): with the medium's index n_m = 2.4142, 1 + gamma_eff = (n_m^2 - 1) / n_m = 2.0000  <- nature's 2
(c) the bending against the clock (row 13): with the medium's index n_m = 3.0000, 1 + gamma_eff = (n_m^2 - 1) / n_m = 2.6667
(d) the 1 / r well's ladder on 120^3 at a_B = 8.0 Links (kappa = 0.2770; lambda_C = 3.87 Links, alpha_eff = 0.483; the pitch floored at 0 within r <= 2 of the source; eigsh 107 s):
    the 6 lowest levels E_n = omega_n - omega_0 (the rungs 1, 4 as hydrogen's n = 1, 2; then the next):
    -0.01300, -0.00557, -0.00420, -0.00302, -0.00172, -0.00093
    E_1 / E_2 = 3.581 (hydrogen 4.000 in the weak limit); the n = 2 group's spread 1.061
    the continuum's E_1 = -kappa / (2 a_B) = -0.01731 against the lattice's -0.01300
(e) one: the lowest level E_1 = -0.01483 on 64^3 at a_B = 8.0 per source
(e) two at d = 4: the lowest level E_1 = -0.03383 on 64^3 at a_B = 8.0 per source
(e) four at d = 4 (the origin and its three axes): the lowest level E_1 = -0.06332 on 64^3 at a_B = 8.0 per source
    the binding per source against one source: two 0.01901, four 0.04850; the ratio four / two = 2.551 (nature's alpha / deuteron per nucleon 6.4; the algebra's number a PREDICTION of the declared contact)
HOST 117 s
EXIT 0
