lambda_0 = 12.0 Links, the period 20.785 intervals; the lamp at x = 20 behind the mirror line at x = 40; the x faces as ideal sponges

===== THE FIRST DRAFT OF L-3 (withdrawn on these numbers) =====

THE TWO SLITS on the first draft of L-3 (128 tall, d = 32, L = 64, the openings of width 1), the y boundary MARGIN, the train 32 periods (665 intervals), the wheel [1, 1024] each u once; 5.0 s HOST
   the window y in [20, 108]: the bright pixels (the two-source cosine above 0.95) [36, 37, 38, 63, 64, 65, 90, 91, 92]; the dark pixels (below -0.95) [20, 21, 51, 52, 76, 77, 107, 108]
   the accumulated offer's visibility over the bright (9) and dark (8) pixels, the mean per pixel (6.2's statistic): 0.8098
   THE COUNTS' VISIBILITY, the same pixels, the mean count per pixel (the reading of record): 0.8105; the bright pixels' counts sum 172, the dark pixels' 16; one count moved from a bright pixel to a dark one reads 0.7988 (the grain 0.0117); the summed-count form (B - D) / (B + D) on unequal pixel numbers reads 0.8298 and is not the statistic
   per Node in the window: the largest count 22 at y = 64, the smallest 2; the per-Node visibility (max - min) / (max + min) 0.8333, its grain 2 / max = 0.091 (not the statistic)
   the dimmest CHOSEN cell y = 77 (2 click), its share of the screen 1.870e-03, of the norm 5.61e-05 at the screen's 3 percent, so the screen's rung wheel must exceed 1.78e+04: with a margin of 4, 2^17 = 131072; the dimmest cell of all, y = 77, 1.870e-03, is chosen by no u
   the counts per Node, y = 4 .. 124: 7 8 6 7 5 6 5 5 4 3 3 3 3 2 2 3 2 2 2 3 3 5 5 7 9 9 11 12 13 14 16 16 18 18 18 17 17 16 14 12 10 9 6 5 4 3 2 2 2 2 4 4 7 9 11 13 17 18 21 21 22 21 21 18 17 13 11 9 7 4 4 2 2 2 2 3 4 5 6 9 10 12 14 16 17 17 18 18 18 16 16 14 13 12 11 9 9 7 5 5 3 3 2 2 2 3 2 2 3 3 2 4 4 5 5 6 5 7 6 8 7

THE TWO SLITS on the first draft of L-3 (128 tall, d = 32, L = 64, the openings of width 1), the y boundary PERIODIC, the train 32 periods (665 intervals), the wheel [1, 1024] each u once; 0.9 s HOST
   the window y in [20, 108]: the bright pixels (the two-source cosine above 0.95) [36, 37, 38, 63, 64, 65, 90, 91, 92]; the dark pixels (below -0.95) [20, 21, 51, 52, 76, 77, 107, 108]
   the accumulated offer's visibility over the bright (9) and dark (8) pixels, the mean per pixel (6.2's statistic): 0.3895
   THE COUNTS' VISIBILITY, the same pixels, the mean count per pixel (the reading of record): 0.3793; the bright pixels' counts sum 90, the dark pixels' 36; one count moved from a bright pixel to a dark one reads 0.3627 (the grain 0.0166); the summed-count form (B - D) / (B + D) on unequal pixel numbers reads 0.4286 and is not the statistic
   per Node in the window: the largest count 17 at y = 32, the smallest 2; the per-Node visibility (max - min) / (max + min) 0.7895, its grain 2 / max = 0.118 (not the statistic)
   the dimmest CHOSEN cell y = 53 (2 click), its share of the screen 1.656e-03, of the norm 4.97e-05 at the screen's 3 percent, so the screen's rung wheel must exceed 2.01e+04: with a margin of 4, 2^17 = 131072; the dimmest cell of all, y = 53, 1.656e-03, is chosen by no u
   the counts per Node, y = 4 .. 124: 3 2 7 14 17 18 14 10 5 2 3 5 7 6 6 6 7 7 8 8 5 4 2 3 5 10 13 16 17 15 12 9 7 8 9 13 15 17 17 15 11 7 5 3 2 2 3 2 2 2 2 4 6 9 11 12 13 14 14 14 14 14 14 14 13 12 11 9 6 4 2 2 2 2 3 2 2 3 5 7 11 15 17 17 15 13 9 8 7 9 12 15 17 16 13 10 5 3 2 4 5 8 8 7 7 6 6 6 7 5 3 2 5 10 14 18 17 14 7 2 3

===== THE DECLARED WORLD (the second draft) =====

THE TWO SLITS on the declared world (256 tall, d = 26, L = 113, the openings of width 3), the y boundary MARGIN, the train 32 periods (665 intervals), the wheel [1, 1024] each u once; 8.2 s HOST
   the window y in [40, 216]: the bright pixels (the two-source cosine above 0.95) [66, 67, 68, 69, 70, 71, 72, 126, 127, 128, 129, 130, 184, 185, 186, 187, 188, 189, 190]; the dark pixels (below -0.95) [99, 100, 101, 102, 103, 153, 154, 155, 156, 157]
   the accumulated offer's visibility over the bright (19) and dark (10) pixels, the mean per pixel (6.2's statistic): 0.9500
   THE COUNTS' VISIBILITY, the same pixels, the mean count per pixel (the reading of record): 0.9608; the bright pixels' counts sum 190, the dark pixels' 2; one count moved from a bright pixel to a dark one reads 0.9414 (the grain 0.0193); the summed-count form (B - D) / (B + D) on unequal pixel numbers reads 0.9792 and is not the statistic
   per Node in the window: the largest count 13 at y = 126, the smallest 0; the per-Node visibility (max - min) / (max + min) 1.0000, its grain 2 / max = 0.154 (not the statistic)
   the dimmest CHOSEN cell y = 101 (1 click), its share of the screen 1.830e-04, of the norm 5.49e-06 at the screen's 3 percent, so the screen's rung wheel must exceed 1.82e+05: with a margin of 4, 2^20 = 1048576; the dimmest cell of all, y = 100, 1.784e-04, is chosen by no u
   the counts per Node, y = 28 .. 228: 0 1 1 0 1 1 1 1 1 2 1 2 2 2 3 2 3 3 3 4 4 4 4 5 5 5 6 6 6 7 6 8 7 8 8 8 8 8 9 9 9 9 9 9 9 9 9 9 8 9 8 8 7 7 7 6 6 5 5 5 4 3 3 3 2 2 1 1 1 1 0 0 0 1 0 0 1 1 1 2 2 2 4 3 5 5 6 7 7 8 9 9 11 10 11 12 12 12 13 13 12 13 13 12 12 12 11 10 11 9 9 8 7 7 6 5 5 3 4 2 2 2 1 1 1 0 0 1 0 0 0 1 1 1 1 2 2 3 3 3 4 5 5 5 6 6 7 7 7 8 8 9 8 9 9 9 9 9 9 9 9 9 9 8 8 8 8 8 7 8 6 7 6 6 6 5 5 5 4 4 4 4 3 3 3 2 3 2 2 2 1 2 1 1 1 1 1 0 1 1 0

THE TWO SLITS on the declared world (256 tall, d = 26, L = 113, the openings of width 3), the y boundary SPONGE, the train 32 periods (665 intervals), the wheel [1, 1024] each u once; 2.5 s HOST
   the window y in [40, 216]: the bright pixels (the two-source cosine above 0.95) [66, 67, 68, 69, 70, 71, 72, 126, 127, 128, 129, 130, 184, 185, 186, 187, 188, 189, 190]; the dark pixels (below -0.95) [99, 100, 101, 102, 103, 153, 154, 155, 156, 157]
   the accumulated offer's visibility over the bright (19) and dark (10) pixels, the mean per pixel (6.2's statistic): 0.7968
   THE COUNTS' VISIBILITY, the same pixels, the mean count per pixel (the reading of record): 0.7930; the bright pixels' counts sum 214, the dark pixels' 13; one count moved from a bright pixel to a dark one reads 0.7780 (the grain 0.0151); the summed-count form (B - D) / (B + D) on unequal pixel numbers reads 0.8855 and is not the statistic
   per Node in the window: the largest count 17 at y = 127, the smallest 0; the per-Node visibility (max - min) / (max + min) 1.0000, its grain 2 / max = 0.118 (not the statistic)
   the dimmest CHOSEN cell y = 156 (1 click), its share of the screen 3.418e-04, of the norm 1.03e-05 at the screen's 3 percent, so the screen's rung wheel must exceed 9.75e+04: with a margin of 4, 2^19 = 524288; the dimmest cell of all, y = 156, 3.418e-04, is chosen by no u
   the counts per Node, y = 28 .. 228: 1 1 1 1 1 4 3 4 2 1 0 2 4 5 7 5 4 1 1 3 4 6 8 6 6 3 3 2 3 5 8 10 10 8 7 4 5 6 10 13 14 13 10 7 5 5 7 8 9 10 9 7 5 4 3 3 4 6 7 8 8 5 4 1 2 1 2 2 2 0 1 1 1 2 2 1 1 0 1 1 1 1 2 3 6 9 9 10 9 7 5 6 5 6 7 8 11 13 15 17 15 14 11 9 7 7 6 7 6 9 9 12 11 10 8 5 3 2 1 1 1 1 1 2 3 2 2 1 1 0 1 2 2 1 1 1 2 4 6 6 6 5 3 3 3 2 4 6 7 9 11 9 8 6 5 7 8 12 13 13 11 8 5 4 5 6 8 10 9 7 6 3 2 3 4 7 8 9 7 4 2 2 2 4 7 7 5 4 1 1 1 2 3 4 3 2 1 1 1 1 1

THE TWO SLITS on the declared world (256 tall, d = 26, L = 113, the openings of width 3), the y boundary MARGIN, the train 128 periods (2660 intervals), the wheel [1, 1024] each u once; 63.4 s HOST
   the window y in [40, 216]: the bright pixels (the two-source cosine above 0.95) [66, 67, 68, 69, 70, 71, 72, 126, 127, 128, 129, 130, 184, 185, 186, 187, 188, 189, 190]; the dark pixels (below -0.95) [99, 100, 101, 102, 103, 153, 154, 155, 156, 157]
   the accumulated offer's visibility over the bright (19) and dark (10) pixels, the mean per pixel (6.2's statistic): 0.9697
   THE COUNTS' VISIBILITY, the same pixels, the mean count per pixel (the reading of record): 0.9612; the bright pixels' counts sum 192, the dark pixels' 2; one count moved from a bright pixel to a dark one reads 0.9420 (the grain 0.0191); the summed-count form (B - D) / (B + D) on unequal pixel numbers reads 0.9794 and is not the statistic
   per Node in the window: the largest count 13 at y = 126, the smallest 0; the per-Node visibility (max - min) / (max + min) 1.0000, its grain 2 / max = 0.154 (not the statistic)
   the dimmest CHOSEN cell y = 153 (1 click), its share of the screen 3.227e-04, of the norm 9.68e-06 at the screen's 3 percent, so the screen's rung wheel must exceed 1.03e+05: with a margin of 4, 2^19 = 524288; the dimmest cell of all, y = 100, 6.487e-05, is chosen by no u
   the counts per Node, y = 28 .. 228: 0 1 0 1 1 0 1 1 2 1 1 2 2 2 2 3 3 3 3 4 4 4 4 5 5 6 5 6 7 6 7 8 7 8 8 8 9 8 9 9 9 9 9 10 9 9 9 9 8 9 8 7 8 7 7 6 6 5 5 4 4 3 3 3 2 1 2 1 0 1 0 0 0 0 0 1 0 1 1 2 2 3 3 4 4 6 6 6 8 8 9 9 11 10 11 12 12 12 13 13 12 13 13 12 12 12 11 10 11 9 9 8 8 6 6 6 4 4 3 3 2 2 1 1 0 1 0 0 0 0 0 1 0 1 2 1 2 3 3 3 4 4 5 5 6 6 7 7 8 7 8 9 8 9 9 9 9 10 9 9 9 9 9 8 9 8 8 8 7 8 7 6 7 6 5 6 5 5 4 4 4 4 3 3 3 3 2 2 2 2 1 1 2 1 1 0 1 1 0 1 0

THE THREE OPENINGS (row 2c) on the declared world, the y boundary MARGIN: a, b, c at y = 115, 128, 141 (width 3); the seven masks, the train 32 periods, one wheel [1, 1024] per world; 52.3 s HOST
   the Sorkin sum of the accumulated OFFERS per Node, I_abc - I_ab - I_ac - I_bc + I_a + I_b + I_c, against I_abc at the centre: the largest |S| over the 201 cells 3.93e-02 (the remainders' grain; 0 for a quadratic form, ALGEBRAIC_CLOSURE.md)
   the Sorkin sum of the COUNTS per Node (each world its own wheel of 1024, each world's counts normalised to its own ladder, so the seven patterns each sum to 1024 and their Sorkin sum over the 201 cells is 1024 by construction, not 0): the largest |S| over the cells 13, the sum over the window y in [40, 216] 920; the three-opening centre's count 4, the bright pixels' mean count 8.0
   the counts per Node of each world, y = 28 .. 228:
   abc: 1 2 1 2 1 2 2 2 3 2 3 2 3 3 4 3 4 4 4 5 4 5 6 5 6 6 6 7 6 7 8 7 8 8 9 8 9 9 9 10 9 10 10 9 10 10 10 10 10 10 9 10 9 9 9 9 8 8 8 7 7 7 6 6 6 5 5 4 4 4 3 4 2 3 2 3 2 2 1 2 2 1 2 2 2 2 2 2 2 3 2 3 3 3 3 4 3 4 4 3 4 3 4 4 3 4 3 3 3 3 2 3 2 2 2 2 2 2 2 1 2 2 1 2 2 3 2 3 2 4 3 4 4 4 5 5 6 6 6 7 7 7 8 8 8 9 9 9 9 10 9 10 10 10 10 10 10 9 10 10 9 10 9 9 9 8 9 8 8 7 8 7 6 7 6 6 6 5 6 5 4 5 4 4 4 3 4 3 3 2 3 2 3 2 2 2 1 2 1 2 1
    ab: 1 1 1 0 2 1 1 1 2 1 2 1 2 2 2 3 2 2 3 3 3 3 3 4 3 4 4 5 4 5 5 5 5 6 6 6 6 6 7 7 7 8 8 8 8 8 9 9 9 9 10 9 10 10 10 11 10 11 10 11 11 11 11 10 11 11 11 11 10 11 11 10 10 10 10 9 10 9 9 9 8 8 8 7 7 7 7 6 6 5 5 5 5 4 4 4 3 3 3 2 2 2 2 1 2 1 1 1 1 0 1 0 1 0 0 1 0 1 0 1 0 1 1 1 1 1 1 2 2 1 2 3 2 2 3 3 3 4 3 4 3 5 4 4 5 4 5 5 5 5 6 5 6 6 5 6 6 6 6 7 6 6 6 7 6 6 7 6 7 6 6 7 6 6 6 7 6 6 6 6 6 6 6 5 6 6 5 6 5 6 5 5 5 5 5 5 5 4 5 5 4
    ac: 0 1 1 0 1 1 1 1 1 2 1 2 2 2 3 2 3 3 3 4 4 4 4 5 5 5 6 6 6 7 6 8 7 8 8 8 8 8 9 9 9 9 9 9 9 9 9 9 8 9 8 8 7 7 7 6 6 5 5 5 4 3 3 3 2 2 1 1 1 1 0 0 0 1 0 0 1 1 1 2 2 2 4 3 5 5 6 7 7 8 9 9 11 10 11 12 12 12 13 13 12 13 13 12 12 12 11 10 11 9 9 8 7 7 6 5 5 3 4 2 2 2 1 1 1 0 0 1 0 0 0 1 1 1 1 2 2 3 3 3 4 5 5 5 6 6 7 7 7 8 8 9 8 9 9 9 9 9 9 9 9 9 9 8 8 8 8 8 7 8 6 7 6 6 6 5 5 5 4 4 4 4 3 3 3 2 3 2 2 2 1 2 1 1 1 1 1 0 1 1 0
    bc: 4 5 5 4 5 5 5 5 5 5 5 6 5 6 5 6 6 5 6 6 6 6 6 6 6 7 6 6 6 7 6 6 7 6 7 6 6 7 6 6 6 7 6 6 6 6 5 6 6 5 6 5 5 5 5 4 5 4 4 5 3 4 3 4 3 3 3 2 2 3 2 1 2 2 1 1 1 1 1 1 0 1 0 1 0 1 0 0 1 0 1 0 1 1 1 1 2 1 2 2 2 2 3 3 3 4 4 4 5 5 5 5 6 6 7 7 7 7 8 8 8 9 9 9 10 9 10 10 10 10 11 11 10 11 11 11 11 10 11 11 11 11 10 11 10 11 10 10 10 9 10 9 9 9 9 8 8 8 8 8 7 7 7 6 6 6 6 6 5 5 5 5 4 5 4 4 3 4 3 3 3 3 3 2 2 3 2 2 2 1 2 1 2 1 1 1 2 0 1 1 1
     a: 4 3 4 4 4 3 4 4 4 4 4 5 4 4 4 5 4 5 4 5 4 5 5 4 5 5 5 5 5 5 5 5 5 6 5 5 6 5 6 5 6 5 6 6 6 5 6 6 6 6 6 6 6 7 6 6 6 7 6 6 7 6 6 7 6 7 7 6 7 6 7 7 6 7 7 7 6 7 7 7 6 7 7 7 6 7 7 7 7 6 7 7 7 6 7 7 6 7 7 6 7 7 6 7 6 7 6 7 6 6 7 6 6 7 6 6 6 6 6 6 6 6 6 6 6 5 6 6 5 6 5 6 5 5 6 5 5 5 6 5 5 5 4 5 5 5 5 4 5 4 5 4 5 4 4 4 5 4 4 4 4 4 4 3 4 4 4 3 4 3 4 3 4 3 3 4 3 3 3 3 3 3 3 3 3 3 3 2 3 3 2 3 3 2 3 2 3 2 2 3 2
     b: 3 3 3 3 3 3 3 3 3 4 3 3 4 3 3 4 3 4 4 3 4 4 4 4 4 4 4 4 4 4 4 5 4 4 5 4 5 4 5 5 5 4 5 5 5 5 5 5 5 6 5 5 5 6 5 6 5 6 6 5 6 6 6 5 6 6 6 6 6 6 6 7 6 6 6 7 6 6 7 6 7 6 7 6 7 6 7 6 7 7 6 7 7 6 7 7 6 7 7 7 6 7 7 7 6 7 7 6 7 7 6 7 7 6 7 6 7 6 7 6 7 6 7 6 6 7 6 6 6 7 6 6 6 6 6 6 6 5 6 6 6 5 6 6 5 6 5 6 5 5 5 6 5 5 5 5 5 5 5 4 5 5 5 4 5 4 5 4 4 5 4 4 4 4 4 4 4 4 4 4 4 3 4 4 3 4 3 3 4 3 3 4 3 3 3 3 3 3 3 3 3
     c: 2 3 2 2 3 2 3 2 3 3 2 3 3 2 3 3 3 3 3 3 3 3 3 3 3 4 3 3 4 3 4 3 4 3 4 4 4 3 4 4 4 4 4 4 5 4 4 4 5 4 5 4 5 4 5 5 5 5 4 5 5 5 6 5 5 5 6 5 5 6 5 6 5 6 6 5 6 6 6 6 6 6 6 6 6 6 6 7 6 6 7 6 6 7 6 7 6 7 6 7 7 6 7 7 6 7 7 6 7 7 7 6 7 7 7 7 6 7 7 7 6 7 7 7 6 7 7 7 6 7 7 6 7 6 7 7 6 7 6 6 7 6 6 7 6 6 6 7 6 6 6 6 6 6 6 5 6 6 6 5 6 5 6 5 6 5 5 6 5 5 5 5 5 5 5 5 5 4 5 5 4 5 4 5 4 5 4 4 4 5 4 4 4 4 4 3 4 4 4 3 4
