### r = 3: `rays-atoms-hydrogen-r3-level-v1`
PASS record check: completed (54.2 s, 3000 ticks); PASS the books balanced at every tick; hypotheses ['bohr-v1', 'centred-step-v1', 'atom-level-v1']; atom_level True
[DETECTOR] the electron's rows on the side faces: face:+x 75, face:-x 70, face:+y 77, face:-y 70; 71 releases paired, 15 unpaired; the escape: the electron left through face:+x at tick 733
[DETECTOR] the axis crossings from the arrival Nodes: 8
[DETECTOR]   +y at count 72: (17, 21), 4.00 Links
[DETECTOR]   -x at count 152: (14, 17), 3.00 Links
[DETECTOR]   -y at count 192: (17, 14), 3.00 Links
[DETECTOR]   +x at count 252: (21, 17), 4.00 Links
[DETECTOR]   +y at count 372: (17, 21), 4.00 Links
[DETECTOR]   -x at count 432: (15, 16), 2.24 Links
[DETECTOR]   -y at count 452: (17, 14), 3.00 Links
[DETECTOR]   +x at count 711: (34, 17), 17.00 Links
[DETECTOR] the returns to the +x axis: [252, 711]; the periods [459]
[DETECTOR] the loop 252 to 711: T = 459, the phase steps unwrapped 188 (2.938 circles), the level floor(512 x 188 / (2 x 459)) = 104
[GAMEBOARD] (R2, a diagnostic) the return at tick 279: action 736786408832, count 279, level 122, last None, released 0, the content after 1836
[DETECTOR] (R5) no `light` row released: the loop's level never rose above the first return's
[GAMEBOARD] (a diagnostic) the momentum's length at the step lines nearest the crossings: [404.1, 584.5, 589.6, 421.1, 477.6, 850.8, 798.8, 239.3] million
[DETECTOR] the proton's reads of the electron's rows: 3; the electron's reads of the proton's rows: 153
FAIL R1 the loop stays and returns: no escape, at least 3 returns, the first return's count 252 within 10 percent of 212 ([191, 233])
FAIL R3 the level of the loop between the first and the second returns 104 within the pin's band as written, 131 to 161 (LEVELS.md section 5 (d); the generator's 146)

### r = 7: `rays-atoms-hydrogen-r7-level-v1`
PASS record check: completed (69.0 s, 3500 ticks); PASS the books balanced at every tick; hypotheses ['bohr-v1', 'centred-step-v1', 'atom-level-v1']; atom_level True
[DETECTOR] the electron's rows on the side faces: face:+x 352, face:-x 340, face:+y 351, face:-y 340; 338 releases paired, 42 unpaired; the escape: none
[DETECTOR] the axis crossings from the arrival Nodes: 17
[DETECTOR]   +y at count 181: (21, 27), 6.00 Links
[DETECTOR]   -x at count 302: (16, 21), 5.00 Links
[DETECTOR]   -y at count 411: (21, 15), 6.00 Links
[DETECTOR]   +x at count 612: (30, 21), 9.00 Links
[DETECTOR]   +y at count 901: (21, 28), 7.00 Links
[DETECTOR]   -x at count 1032: (16, 21), 5.00 Links
[DETECTOR]   -y at count 1111: (21, 16), 5.00 Links
[DETECTOR]   +x at count 1272: (29, 21), 8.00 Links
[DETECTOR]   +y at count 1591: (21, 30), 9.00 Links
[DETECTOR]   -x at count 1832: (15, 21), 6.00 Links
[DETECTOR]   -y at count 1931: (21, 15), 6.00 Links
[DETECTOR]   +x at count 2131: (31, 21), 10.00 Links
[DETECTOR]   +y at count 2591: (21, 29), 8.00 Links
[DETECTOR]   -x at count 2732: (16, 21), 5.00 Links
[DETECTOR]   -y at count 2821: (21, 15), 6.00 Links
[DETECTOR]   +x at count 3051: (31, 21), 10.00 Links
[DETECTOR]   +y at count 3421: (21, 28), 7.00 Links
[DETECTOR] the returns to the +x axis: [612, 1272, 2131, 3051]; the periods [660, 859, 920]
[DETECTOR] the loop 612 to 1272: T = 660, the phase steps unwrapped 182 (2.844 circles), the level floor(512 x 182 / (2 x 660)) = 70
[DETECTOR] the loop 1272 to 2131: T = 859, the phase steps unwrapped 208 (3.25 circles), the level floor(512 x 208 / (2 x 859)) = 61
[DETECTOR] the loop 2131 to 3051: T = 920, the phase steps unwrapped 207 (3.234 circles), the level floor(512 x 207 / (2 x 920)) = 57
[GAMEBOARD] (R2, a diagnostic) the return at tick 656: action 1065523747776, count 656, level 75, last None, released 0, the content after 1836
[GAMEBOARD] (R2, a diagnostic) the return at tick 1326: action 1061090144896, count 670, level 73, last 75, released 0, the content after 1836
[GAMEBOARD] (R2, a diagnostic) the return at tick 2232: action 1170313519104, count 906, level 59, last 75, released 0, the content after 1836
[GAMEBOARD] (R2, a diagnostic) the return at tick 3130: action 1137935056896, count 898, level 58, last 75, released 0, the content after 1836
[DETECTOR] (R5) no `light` row released: the loop's level never rose above the first return's
[GAMEBOARD] (a diagnostic) the momentum's length at the step lines nearest the crossings: [392.9, 477.3, 414.1, 281.9, 332.6, 503.6, 504.2, 325.1, 266.3, 453.7, 490.5, 280.5, 344.3, 520.8, 450.2, 250.1, 371.3] million
[DETECTOR] the proton's reads of the electron's rows: 11; the electron's reads of the proton's rows: 685
FAIL R1 the loop stays and returns: no escape, at least 3 returns, the first return's count 612 within 10 percent of 690 ([621, 759])
PASS R3 the level of the loop between the first and the second returns 70 within the pin's band as written, 64 to 78 (LEVELS.md section 5 (d); the generator's 71)

### r = 12: `rays-atoms-hydrogen-r12-level-v1`
PASS record check: completed (145.3 s, 7500 ticks); PASS the books balanced at every tick; hypotheses ['bohr-v1', 'centred-step-v1', 'atom-level-v1']; atom_level True
[DETECTOR] the electron's rows on the side faces: face:+x 755, face:-x 732, face:+y 749, face:-y 736; 732 releases paired, 69 unpaired; the escape: none
[DETECTOR] the axis crossings from the arrival Nodes: 23
[DETECTOR]   +y at count 402: (26, 38), 12.00 Links
[DETECTOR]   -x at count 721: (16, 26), 10.00 Links
[DETECTOR]   -y at count 992: (26, 15), 11.00 Links
[DETECTOR]   +x at count 1341: (38, 26), 12.00 Links
[DETECTOR]   +y at count 1742: (26, 38), 12.00 Links
[DETECTOR]   -x at count 2111: (13, 26), 13.00 Links
[DETECTOR]   -y at count 2492: (26, 15), 11.00 Links
[DETECTOR]   +x at count 2772: (36, 26), 10.00 Links
[DETECTOR]   +y at count 3092: (26, 39), 13.00 Links
[DETECTOR]   -x at count 3652: (10, 26), 16.00 Links
[DETECTOR]   -y at count 4072: (26, 17), 9.00 Links
[DETECTOR]   +x at count 4272: (35, 26), 9.00 Links
[DETECTOR]   +y at count 4632: (26, 40), 14.00 Links
[DETECTOR]   -x at count 5071: (16, 26), 10.00 Links
[DETECTOR]   -y at count 5282: (26, 19), 7.00 Links
[DETECTOR]   +x at count 5422: (33, 26), 7.00 Links
[DETECTOR]   +y at count 5674: (26, 35), 9.00 Links
[DETECTOR]   -x at count 5977: (17, 26), 9.00 Links
[DETECTOR]   -y at count 6209: (26, 18), 8.00 Links
[DETECTOR]   +x at count 6441: (35, 26), 9.00 Links
[DETECTOR]   +y at count 6734: (26, 36), 10.00 Links
[DETECTOR]   -x at count 6996: (18, 26), 8.00 Links
[DETECTOR]   -y at count 7198: (26, 18), 8.00 Links
[DETECTOR] the returns to the +x axis: [1341, 2772, 4272, 5422, 6441]; the periods [1431, 1500, 1150, 1019]
[DETECTOR] the loop 1341 to 2772: T = 1431, the phase steps unwrapped 264 (4.125 circles), the level floor(512 x 264 / (2 x 1431)) = 47
[DETECTOR] the loop 2772 to 4272: T = 1500, the phase steps unwrapped 262 (4.094 circles), the level floor(512 x 262 / (2 x 1500)) = 44
[DETECTOR] the loop 4272 to 5422: T = 1150, the phase steps unwrapped 240 (3.75 circles), the level floor(512 x 240 / (2 x 1150)) = 53
[DETECTOR] the loop 5422 to 6441: T = 1019, the phase steps unwrapped 205 (3.203 circles), the level floor(512 x 205 / (2 x 1019)) = 51
[GAMEBOARD] (R2, a diagnostic) the return at tick 1363: action 1470126533632, count 1363, level 49, last None, released 0, the content after 1836
[GAMEBOARD] (R2, a diagnostic) the return at tick 2777: action 1455967474688, count 1414, level 47, last 49, released 0, the content after 1836
[GAMEBOARD] (R2, a diagnostic) the return at tick 4328: action 1577184106496, count 1551, level 47, last 49, released 0, the content after 1836
[GAMEBOARD] (R2, a diagnostic) the return at tick 5465: action 1323059714560, count 1137, level 53, last 49, released 4, the content after 1820
[GAMEBOARD] (R2, a diagnostic) the return at tick 6476: action 1135544739328, count 1011, level 51, last 53, released 0, the content after 1820
[GAMEBOARD] (R2, a diagnostic) the return at tick 7488: action 1112766544384, count 1012, level 50, last 53, released 0, the content after 1820
[DETECTOR] (R5) the release at tick 5465: 4 `light` clicks, the content per row [4, 4, 4, 4], at ['face:+x', 'face:+y', 'face:-y', 'face:-x']
[DETECTOR] (R5) the Planck identity on the +x and +y faces: s = 4, the phase difference 44 against s x (age difference) mod N = 44: holds
[GAMEBOARD] (a diagnostic) the momentum's length at the step lines nearest the crossings: [289.5, 344.0, 329.7, 295.0, 299.3, 287.7, 327.1, 342.9, 287.9, 226.3, 379.8, 392.6, 240.7, 322.4, 440.9, 398.1, 300.6, 297.5, 349.9, 314.6, 286.3, 338.6, 351.8] million
[DETECTOR] the proton's reads of the electron's rows: 11; the electron's reads of the proton's rows: 1249
PASS R1 the loop stays and returns: no escape, at least 3 returns, the first return's count 1341 within 10 percent of 1490 ([1341, 1639])
PASS R3 the level of the loop between the first and the second returns 47 within the pin's band as written, 40 to 48 (LEVELS.md section 5 (d); the generator's 43)

### R4 the ratio of two lines (a reported COMPUTATION from three DETECTOR levels, not a pass-or-fail pin)
[DETECTOR] r = 3: the electron left through face:+x at tick 733: no rung's level (the level between its two +x crossings, 104, is a loop that did not close)
[COMPUTATION] NOT READ: no rung's level at r = [3]; two levels give one line, no ratio: L at r = 7 less L at r = 12 = 23 steps at [512, 1]
### R6 the control
[DETECTOR] the r = 12 world's crossings up to its first release (tick 5465): [('+y', 402, 12.0), ('-x', 721, 10.0), ('-y', 992, 11.0), ('+x', 1341, 12.0), ('+y', 1742, 12.0), ('-x', 2111, 13.0), ('-y', 2492, 11.0), ('+x', 2772, 10.0), ('+y', 3092, 13.0), ('-x', 3652, 16.0), ('-y', 4072, 9.0), ('+x', 4272, 9.0)]
[DETECTOR] RUN_CENTRED.md's without the key: [('+y', 402, 12.0), ('-x', 721, 10.0), ('-y', 992, 11.0), ('+x', 1341, 12.0), ('+y', 1742, 12.0), ('-x', 2111, 13.0), ('-y', 2492, 11.0), ('+x', 2772, 10.0), ('+y', 3092, 13.0), ('-x', 3652, 16.0), ('-y', 4072, 9.0), ('+x', 4272, 9.0)]
PASS R6 the crossings and their counts identical before the first release; the byte identity with the key absent is the build's test (a), PASS
