[COMPUTATION] the action h = 16 p_B(8) = 5536242544; the flux at r = 12: 6.588 entries per shell
[COMPUTATION] the fan's grain by radius: the flux the three Nodes receive against the inverse square anchored at r = 12 (E_12 x 144 / r^2)
  r = 3: 87.500 against 105.412, -17.0 percent
  r = 4: 56.250 against 59.294, -5.1 percent
  r = 5: 31.143 against 37.948, -17.9 percent
  r = 6: 23.600 against 26.353, -10.4 percent
  r = 7: 18.400 against 19.361, -5.0 percent
  r = 8: 13.500 against 14.824, -8.9 percent
  r = 10: 8.429 against 9.487, -11.2 percent
  r = 12: 6.588 against 6.588, +0.0 percent
  r = 14: 5.091 against 4.840, +5.2 percent
  r = 16: 4.500 against 3.706, +21.4 percent
  r = 19: 2.621 against 2.628, -0.3 percent
  r = 24: 1.389 against 1.647, -15.7 percent
  r = 27: 1.100 against 1.301, -15.5 percent
  r = 32: 0.809 against 0.926, -12.7 percent
  r = 40: 0.818 against 0.593, +38.0 percent
  r = 48: 0.395 against 0.412, -4.1 percent
[COMPUTATION] the push's constant scaled by 4 (kappa x 4; the same h; a_j x 1/4)
  rung 2: a_j = 0.75 Links, the world at r = 1 (side 31); the flux 606.00 (-36 percent off the inverse square); p = 1994622359; the closure 2.264 (the whole 2); T = 28; 3 shells per loop, 130.9 degrees per shell; the level 1348.7 steps at [512, 1]; five turns 3000 ticks, about 0 min
  rung 3: a_j = 1.69 Links, the world at r = 2 (side 33); the flux 183.33 (-23 percent off the inverse square); p = 1469070472; the closure 3.335 (the whole 3); T = 67; 7 shells per loop, 53.8 degrees per shell; the level 816.0 steps at [512, 1]; five turns 3000 ticks, about 0 min
  rung 4: a_j = 3.00 Links, the world at r = 3 (side 35); the flux 87.50 (-17 percent off the inverse square); p = 1206655077; the closure 4.108 (the whole 4); T = 115; 12 shells per loop, 31.2 degrees per shell; the level 584.2 steps at [512, 1]; five turns 3000 ticks, about 0 min
  rung 5: a_j = 4.69 Links, the world at r = 5 (side 39); the flux 31.14 (-18 percent off the inverse square); p = 894971015; the closure 5.079 (the whole 5); T = 240; 24 shells per loop, 15.0 degrees per shell; the level 346.6 steps at [512, 1]; five turns 3000 ticks, about 0 min
  rung 6: a_j = 6.75 Links, the world at r = 7 (side 43); the flux 18.40 (-5 percent off the inverse square); p = 804671802; the closure 6.393 (the whole 6); T = 365; 37 shells per loop, 9.9 degrees per shell; the level 286.7 steps at [512, 1]; five turns 3000 ticks, about 0 min
[COMPUTATION] the push's constant scaled by 2 (kappa x 2; the same h; a_j x 1/2)
  rung 2: a_j = 1.50 Links, the world at r = 2 (side 33); the flux 183.33 (-23 percent off the inverse square); p = 981618157; the closure 2.228 (the whole 2); T = 89; 9 shells per loop, 40.2 degrees per shell; the level 408.0 steps at [512, 1]; five turns 3000 ticks, about 0 min
  rung 3: a_j = 3.38 Links, the world at r = 3 (side 35); the flux 87.50 (-17 percent off the inverse square); p = 813176495; the closure 2.769 (the whole 3); T = 155; 16 shells per loop, 23.2 degrees per shell; the level 292.1 steps at [512, 1]; five turns 3000 ticks, about 0 min
  rung 4: a_j = 6.00 Links, the world at r = 6 (side 41); the flux 23.60 (-10 percent off the inverse square); p = 579027566; the closure 3.943 (the whole 4); T = 410; 41 shells per loop, 8.8 degrees per shell; the level 157.6 steps at [512, 1]; five turns 3000 ticks, about 0 min
  rung 5: a_j = 9.38 Links, the world at r = 9 (side 47); the flux 10.24 (-13 percent off the inverse square); p = 459331440; the closure 4.692 (the whole 5); T = 750; 75 shells per loop, 4.8 degrees per shell; the level 102.5 steps at [512, 1]; five turns 3800 ticks, about 0 min
  rung 6: a_j = 13.50 Links, the world at r = 14 (side 57); the flux 5.09 (+5 percent off the inverse square); p = 400675139; the closure 6.366 (the whole 6); T = 1315; 132 shells per loop, 2.7 degrees per shell; the level 79.3 steps at [512, 1]; five turns 6600 ticks, about 1 min
[COMPUTATION] the push's constant scaled by 1 (kappa x 1; the same h; a_j x 1)
  rung 2: a_j = 3.00 Links, the world at r = 3 (side 35); the flux 87.50 (-17 percent off the inverse square); p = 555685910; the closure 1.892 (the whole 2); T = 212; 21 shells per loop, 17.0 degrees per shell; the level 146.1 steps at [512, 1]; five turns 3000 ticks, about 0 min
  rung 3: a_j = 6.75 Links, the world at r = 7 (side 43); the flux 18.40 (-5 percent off the inverse square); p = 379720613; the closure 3.017 (the whole 3); T = 690; 69 shells per loop, 5.2 degrees per shell; the level 71.7 steps at [512, 1]; five turns 3500 ticks, about 0 min
  rung 4: a_j = 12.00 Links, the world at r = 12 (side 53); the flux 6.59 (+0 percent off the inverse square); p = 293783192; the closure 4.001 (the whole 4); T = 1490; 149 shells per loop, 2.4 degrees per shell; the level 44.0 steps at [512, 1]; five turns 7500 ticks, about 1 min
  rung 5: a_j = 18.75 Links, the world at r = 19 (side 67); the flux 2.62 (-0 percent off the inverse square); p = 230973047; the closure 4.981 (the whole 5); T = 2945; 295 shells per loop, 1.2 degrees per shell; the level 27.7 steps at [512, 1]; five turns 14800 ticks, about 5 min
  rung 6: a_j = 27.00 Links, the world at r = 27 (side 83); the flux 1.10 (-15 percent off the inverse square); p = 176923685; the closure 5.421 (the whole 6); T = 5375; 538 shells per loop, 0.7 degrees per shell; the level 16.5 steps at [512, 1]; five turns 26900 ticks, about 18 min
[COMPUTATION] the push's constant scaled by 1/2 (kappa x 1/2; the same h; a_j x 2)
  rung 2: a_j = 6.00 Links, the world at r = 6 (side 41); the flux 23.60 (-10 percent off the inverse square); p = 277337627; the closure 1.889 (the whole 2); T = 785; 79 shells per loop, 4.6 degrees per shell; the level 39.4 steps at [512, 1]; five turns 4000 ticks, about 0 min
  rung 3: a_j = 13.50 Links, the world at r = 14 (side 57); the flux 5.09 (+5 percent off the inverse square); p = 194316338; the closure 3.087 (the whole 3); T = 2551; 255 shells per loop, 1.4 degrees per shell; the level 19.8 steps at [512, 1]; five turns 12800 ticks, about 3 min
  rung 4: a_j = 24.00 Links, the world at r = 24 (side 77); the flux 1.39 (-16 percent off the inverse square); p = 131611620; the closure 3.585 (the whole 4); T = 6334; 633 shells per loop, 0.6 degrees per shell; the level 9.3 steps at [512, 1]; five turns 31700 ticks, about 17 min
  rung 5: a_j = 37.50 Links, the world at r = 38 (side 105); the flux 0.90 (+37 percent off the inverse square); p = 133591385; the closure 5.761 (the whole 5); T = 9886; 989 shells per loop, 0.4 degrees per shell; the level 9.5 steps at [512, 1]; five turns 49500 ticks, about 66 min
  rung 6: a_j = 54.00 Links, beyond the map's reach (48 Links); the board would exceed 125^3
[COMPUTATION] the push's constant scaled by 1/4 (kappa x 1/4; the same h; a_j x 4)
  rung 2: a_j = 12.00 Links, the world at r = 12 (side 53); the flux 6.59 (+0 percent off the inverse square); p = 143589344; the closure 1.956 (the whole 2); T = 2914; 291 shells per loop, 1.2 degrees per shell; the level 11.0 steps at [512, 1]; five turns 14600 ticks, about 2 min
  rung 3: a_j = 27.00 Links, the world at r = 27 (side 83); the flux 1.10 (-15 percent off the inverse square); p = 87237114; the closure 2.673 (the whole 3); T = 10602; 1060 shells per loop, 0.3 degrees per shell; the level 4.1 steps at [512, 1]; five turns 53100 ticks, about 35 min
  rung 4: a_j = 48.00 Links, the world at r = 48 (side 125); the flux 0.39 (-4 percent off the inverse square); p = 69483016; the closure 3.785 (the whole 4); T = 23531; 2353 shells per loop, 0.2 degrees per shell; the level 2.6 steps at [512, 1]; five turns 117700 ticks, about 264 min
  rung 5: a_j = 75.00 Links, beyond the map's reach (48 Links); the board would exceed 125^3
  rung 6: a_j = 108.00 Links, beyond the map's reach (48 Links); the board would exceed 125^3
