# The readings of the visual check, the printout of every figure script (docs/designs/visual_check/VISUAL.md)
# The engine: origin/main at 20d3a45afcd0498b4cae97d0858bfd27f246498c; every run headless by event-universe; Python 3.14 (.venv)

## fig_two_slits.py
DETECTOR slits_huygens: 4096 records read of 4096; screen 1711 clicks on 107 pixels, wall 882, faces 1503; the counts y = 0 .. 120: 3 5 4 3 4 4 3 2 2 2 3 4 8 3 1 0 0 0 0 0 0 9 7 1 4 7 4 9 12 11 16 21 23 27 25 41 19 42 38 39 29 41 28 27 19 15 8 6 3 0 1 5 7 15 18 20 36 45 51 51 49 51 51 45 36 20 18 15 7 5 1 0 3 6 9 14 19 26 29 42 28 38 39 42 20 40 26 25 24 22 15 12 11 10 3 7 4 1 8 8 0 0 0 0 0 1 0 2 9 4 3 1 3 3 2 4 3 4 3 6 3
DETECTOR slits_huygens: the dark runs (at most 3 clicks) inside the lit range at y = [(13, 20), (23, 23), (48, 50), (70, 72), (94, 94), (97, 97), (100, 107)], their centres ['33/2', '23', '49', '71', '94', '97', '207/2'], the gaps between them ['13/2', '26', '22', '23', '3', '13/2'] pixels; the paper's bands 23.5 pixels apart; the wheel's unit 4096; fingerprint d537d4435b92; 4300 intervals in 869.0 s (host)
DETECTOR slits_low: 64 records read of 64; screen 15 clicks on 14 pixels, wall 34, faces 15; the counts y = 0 .. 120: 0 0 0 0 0 0 0 0 0 0 0 1 0 0 0 0 0 0 0 0 0 0 0 0 0 0 0 0 0 1 0 0 0 0 0 0 1 0 0 0 1 0 0 0 0 0 0 0 0 0 1 0 0 0 0 0 1 0 0 1 2 1 0 0 0 0 0 0 0 0 1 0 0 0 0 0 0 1 0 0 0 0 0 0 1 0 0 0 0 0 1 0 0 0 0 0 0 0 0 0 0 0 0 0 0 0 0 1 0 0 0 0 0 0 0 0 0 0 0 0 0
DETECTOR slits_low: the dark runs (at most 3 clicks) inside the lit range at y = [(0, 10), (12, 28), (30, 35), (37, 39), (41, 49), (51, 55), (57, 58), (62, 69), (71, 76), (78, 83), (85, 89), (91, 106), (108, 120)], their centres ['5', '20', '65/2', '38', '45', '53', '115/2', '131/2', '147/2', '161/2', '87', '197/2', '114'], the gaps between them ['15', '25/2', '11/2', '7', '8', '9/2', '8', '8', '7', '13/2', '23/2', '31/2'] pixels; the paper's bands 23.5 pixels apart; the wheel's unit 64; fingerprint d537d4435b92; 230 intervals in 4.0 s (host)

## fig_one_slit.py
DETECTOR slits_one: 108 screen clicks on 75 pixels, y from 0 to 120; the counts y = 40 .. 80: 1 1 0 2 1 1 2 0 2 2 2 3 0 1 1 2 1 0 1 3 4 3 1 0 1 2 1 1 0 3 2 2 2 0 2 1 1 2 0 1 1
DETECTOR slits_one: the age read at the click from 75 to 152 intervals, mean 1705/18 = 94.7222; fingerprint d537d4435b92; 220 intervals in 1.0 s (host)

## fig_mach_zehnder.py
DETECTOR mz_equal: D1 64, D2 0 over 64 births read; expected (64, 0); fingerprint d537d4435b92; 80 intervals in 0.3 s (host)
DETECTOR mz_half: D1 0, D2 64 over 64 births read; expected (0, 64); fingerprint d537d4435b92; 80 intervals in 0.3 s (host)
DETECTOR mz_quarter: D1 32, D2 32 over 64 births read; expected (32, 32); fingerprint d537d4435b92; 80 intervals in 0.3 s (host)

## fig_bell_cells.py
DETECTOR N = 64 bell_0_8: ++ 27, +- 5, -+ 5, -- 27; E 44; fingerprint d537d4435b92; 80 intervals in 0.3 s (host)
DETECTOR N = 64 bell_0_24: ++ 5, +- 27, -+ 27, -- 5; E -44; fingerprint d537d4435b92; 80 intervals in 0.2 s (host)
DETECTOR N = 64 bell_16_8: ++ 27, +- 5, -+ 5, -- 27; E 44; fingerprint d537d4435b92; 80 intervals in 0.2 s (host)
DETECTOR N = 64 bell_16_24: ++ 27, +- 5, -+ 5, -- 27; E 44; fingerprint d537d4435b92; 80 intervals in 0.2 s (host)
DETECTOR N = 64: S = 11/4 = 2.7500; the paper's 11/4 = 2.7500
DETECTOR N = 512 bell_n512_0_64: ++ 219, +- 37, -+ 37, -- 219; E 364; fingerprint d537d4435b92; 532 intervals in 1.3 s (host)
DETECTOR N = 512 bell_n512_0_192: ++ 37, +- 219, -+ 219, -- 37; E -364; fingerprint d537d4435b92; 532 intervals in 1.3 s (host)
DETECTOR N = 512 bell_n512_128_64: ++ 218, +- 38, -+ 38, -- 218; E 360; fingerprint d537d4435b92; 532 intervals in 1.5 s (host)
DETECTOR N = 512 bell_n512_128_192: ++ 218, +- 38, -+ 38, -- 218; E 360; fingerprint d537d4435b92; 532 intervals in 1.3 s (host)
DETECTOR N = 512: S = 181/64 = 2.8281; the paper's 181/64 = 2.8281
DETECTOR N = 2048 bell_n2048_0_256: ++ 874, +- 150, -+ 150, -- 874; E 1448; fingerprint d537d4435b92; 2068 intervals in 4.8 s (host)
DETECTOR N = 2048 bell_n2048_0_768: ++ 150, +- 874, -+ 874, -- 150; E -1448; fingerprint d537d4435b92; 2068 intervals in 5.0 s (host)
DETECTOR N = 2048 bell_n2048_512_256: ++ 874, +- 150, -+ 150, -- 874; E 1448; fingerprint d537d4435b92; 2068 intervals in 4.9 s (host)
DETECTOR N = 2048 bell_n2048_512_768: ++ 874, +- 150, -+ 150, -- 874; E 1448; fingerprint d537d4435b92; 2068 intervals in 5.0 s (host)
DETECTOR N = 2048: S = 181/64 = 2.8281; the paper's 181/64 = 2.8281
DETECTOR N = 4096 bell_n4096_0_512: ++ 1749, +- 299, -+ 299, -- 1749; E 2900; fingerprint d537d4435b92; 4116 intervals in 9.9 s (host)
DETECTOR N = 4096 bell_n4096_0_1536: ++ 299, +- 1749, -+ 1749, -- 299; E -2900; fingerprint d537d4435b92; 4116 intervals in 10.2 s (host)
DETECTOR N = 4096 bell_n4096_1024_512: ++ 1747, +- 301, -+ 301, -- 1747; E 2892; fingerprint d537d4435b92; 4116 intervals in 9.6 s (host)
DETECTOR N = 4096 bell_n4096_1024_1536: ++ 1747, +- 301, -+ 301, -- 1747; E 2892; fingerprint d537d4435b92; 4116 intervals in 10.1 s (host)
DETECTOR N = 4096: S = 181/64 = 2.8281; the paper's 181/64 = 2.8281
DETECTOR N = 8192 bell_n8192_0_1024: ++ 3498, +- 598, -+ 598, -- 3498; E 5800; fingerprint d537d4435b92; 8221 intervals in 21.4 s (host)
DETECTOR N = 8192 bell_n8192_0_3072: ++ 598, +- 3498, -+ 3498, -- 598; E -5800; fingerprint d537d4435b92; 8221 intervals in 21.6 s (host)
DETECTOR N = 8192 bell_n8192_2048_1024: ++ 3494, +- 602, -+ 602, -- 3494; E 5784; fingerprint d537d4435b92; 8221 intervals in 21.9 s (host)
DETECTOR N = 8192 bell_n8192_2048_3072: ++ 3494, +- 602, -+ 602, -- 3494; E 5784; fingerprint d537d4435b92; 8221 intervals in 20.8 s (host)
DETECTOR N = 8192: S = 181/64 = 2.8281; the paper's 181/64 = 2.8281
DETECTOR N = 16384 bell_n16384_0_2048: ++ 6996, +- 1196, -+ 1196, -- 6996; E 11600; fingerprint d537d4435b92; 16439 intervals in 56.2 s (host)
DETECTOR N = 16384 bell_n16384_0_6144: ++ 1196, +- 6996, -+ 6996, -- 1196; E -11600; fingerprint d537d4435b92; 16439 intervals in 56.0 s (host)
DETECTOR N = 16384 bell_n16384_4096_2048: ++ 6989, +- 1203, -+ 1203, -- 6989; E 11572; fingerprint d537d4435b92; 16439 intervals in 57.8 s (host)
DETECTOR N = 16384 bell_n16384_4096_6144: ++ 6989, +- 1203, -+ 1203, -- 6989; E 11572; fingerprint d537d4435b92; 16439 intervals in 57.0 s (host)
DETECTOR N = 16384: S = 5793/2048 = 2.8286; the paper's 5793/2048 = 2.8286

## fig_malus.py
DETECTOR malus_a: transmitted (+) 128, absorbed (-) 128 of 256 births; the paper's 128 of 256; fingerprint d537d4435b92; 300 intervals in 0.7 s (host)
DETECTOR malus_b: transmitted (+) 0, absorbed (-) 256 of 256 births; the paper's 0 of 256; fingerprint d537d4435b92; 300 intervals in 0.6 s (host)
DETECTOR malus_22_5: transmitted (+) 219, absorbed (-) 37 of 256 births; the paper's 219 of 256; fingerprint d537d4435b92; 300 intervals in 0.7 s (host)

## fig_orbit.py
DETECTOR orbit_lamp/r12: 80 clicks on the line, x from 18 to 86 (the amplitude (max - min) / 2 = 34/1 = 34.0, the paper's pin 12 in [11, 14]); crossings of x = 60 upward at ticks ['216/1 = 216.0'], downward at ['124/1 = 124.0', '1592/3 = 530.7'], the recurrence ['1220/3 = 406.7'] (the pin 343 within 9 percent); the probe's escape ('face:+y', 698); fingerprint d537d4435b92; 4000 intervals in 16.3 s (host)
GAMEBOARD orbit_lamp/r12: 245 steps of the probe, a diagnostic
DETECTOR orbit_lamp/r24: 139 clicks on the line, x from 1 to 103 (the amplitude (max - min) / 2 = 51/1 = 51.0, the paper's pin 24 in [23, 26]); crossings of x = 60 upward at ticks ['512/1 = 512.0'], downward at ['1152/5 = 230.4', '3128/3 = 1042.7'], the recurrence ['12184/15 = 812.3'] (the pin 687 within 9 percent); the probe's escape ('face:-x', 1239); fingerprint d537d4435b92; 4000 intervals in 17.6 s (host)
GAMEBOARD orbit_lamp/r24: 383 steps of the probe, a diagnostic
DETECTOR T(24) / T(12) from the first recurrences = 3046/1525 = 1.997; the paper's 1.997 in [1.82, 2.18]

## fig_far_pair.py
DETECTOR bell_16_24: ++ 27, +- 5, -+ 5, -- 27; completions from tick 13 to 77; fingerprint d537d4435b92; 80 intervals in 0.2 s (host)
DETECTOR bell_16_24_far: ++ 27, +- 5, -+ 5, -- 27; completions from tick 212 to 276; fingerprint d537d4435b92; 300 intervals in 0.7 s (host)

## fig_ghz.py
DETECTOR ghz_xxx: +++ 16, ++- 0, +-+ 0, +-- 16, -++ 0, -+- 16, --+ 16, --- 0; products seen [1]; fingerprint d537d4435b92; 80 intervals in 0.3 s (host)
DETECTOR ghz_xyy: +++ 0, ++- 16, +-+ 16, +-- 0, -++ 16, -+- 0, --+ 0, --- 16; products seen [-1]; fingerprint d537d4435b92; 80 intervals in 0.3 s (host)
DETECTOR ghz_yxy: +++ 0, ++- 16, +-+ 16, +-- 0, -++ 16, -+- 0, --+ 0, --- 16; products seen [-1]; fingerprint d537d4435b92; 80 intervals in 0.3 s (host)
DETECTOR ghz_yyx: +++ 0, ++- 16, +-+ 16, +-- 0, -++ 16, -+- 0, --+ 0, --- 16; products seen [-1]; fingerprint d537d4435b92; 80 intervals in 0.3 s (host)
DETECTOR ghz_yyy: +++ 8, ++- 8, +-+ 8, +-- 8, -++ 8, -+- 8, --+ 8, --- 8; products seen [-1, 1]; fingerprint d537d4435b92; 80 intervals in 0.3 s (host)

## fig_bending.py
DETECTOR lensing/control: lamp at [2, 26, 20]; 1553 light clicks on 5 pixels; centroid y 26/1 = 26.0000, z 20/1 = 20.0000; off the lamp's line y 0/1 = 0.0000, z 0/1 = 0.0000; mean age 138837/1553 = 89.399; against the control: y 0/1 = 0.000 pixel, z 0/1 = 0.000 pixel, age 0/1 = 0.000 interval, count 0; fingerprint d537d4435b92; 400 intervals in 12.0 s (host)
DETECTOR lensing/mass: lamp at [2, 26, 20]; 1553 light clicks on 5 pixels; centroid y 26/1 = 26.0000, z 20/1 = 20.0000; off the lamp's line y 0/1 = 0.0000, z 0/1 = 0.0000; mean age 138837/1553 = 89.399; against the control: y 0/1 = 0.000 pixel, z 0/1 = 0.000 pixel, age 0/1 = 0.000 interval, count 0; fingerprint d537d4435b92; 400 intervals in 16.6 s (host)
DETECTOR lensing/heavy: lamp at [2, 26, 20]; 1553 light clicks on 5 pixels; centroid y 26/1 = 26.0000, z 20/1 = 20.0000; off the lamp's line y 0/1 = 0.0000, z 0/1 = 0.0000; mean age 138837/1553 = 89.399; against the control: y 0/1 = 0.000 pixel, z 0/1 = 0.000 pixel, age 0/1 = 0.000 interval, count 0; fingerprint d537d4435b92; 400 intervals in 16.0 s (host)
DETECTOR lensing/near: lamp at [2, 23, 20]; 1553 light clicks on 5 pixels; centroid y 23/1 = 23.0000, z 20/1 = 20.0000; off the lamp's line y 0/1 = 0.0000, z 0/1 = 0.0000; mean age 138837/1553 = 89.399; against the control: y -3/1 = -3.000 pixel, z 0/1 = 0.000 pixel, age 0/1 = 0.000 interval, count 0; fingerprint d537d4435b92; 400 intervals in 15.7 s (host)

## fig_atom.py
DETECTOR atoms/hydrogen_r12 face:+x: 342 clicks of e, the coordinate carried from 9 to 52 (the proton's Node at 26: the farthest 26 Links)
DETECTOR atoms/hydrogen_r12 face:+y: 342 clicks of e, the coordinate carried from 13 to 52 (the proton's Node at 26: the farthest 26 Links)
DETECTOR atoms/hydrogen_r12 face:-x: 337 clicks of e, the coordinate carried from 9 to 52 (the proton's Node at 26: the farthest 26 Links)
DETECTOR atoms/hydrogen_r12 face:-y: 339 clicks of e, the coordinate carried from 13 to 52 (the proton's Node at 26: the farthest 26 Links)
DETECTOR atoms/hydrogen_r12: the electron's escape ('face:+y', 3407, [29, 52, 26]); the baseline's face:+y at 3407
GAMEBOARD atoms/hydrogen_r12: 173 steps of the electron, from (38, 27) to (29, 52), a diagnostic; fingerprint d537d4435b92; 7500 intervals in 75.0 s (host)

## fig_clock_form.py
DETECTOR clock_word/age_3 window (200, 350): 57 clicks, 1 + z = 2061106/777271 = 2.6517, k = 1283835/777271 = 1.6517
DETECTOR clock_word/age_3 window (350, 500): 56 clicks, 1 + z = 1919765/724052 = 2.6514, k = 1195713/724052 = 1.6514
DETECTOR clock_word/age_3: 127 clicks; fingerprint d537d4435b92; 500 intervals in 1.4 s (host)
DETECTOR clock_word/age_6 window (200, 350): 36 clicks, 1 + z = 301078/72549 = 4.1500, k = 228529/72549 = 3.1500
DETECTOR clock_word/age_6 window (350, 500): 36 clicks, 1 + z = 267707/64498 = 4.1506, k = 203209/64498 = 3.1506
DETECTOR clock_word/age_6: 87 clicks; fingerprint d537d4435b92; 500 intervals in 1.3 s (host)
DETECTOR window (200, 350): k(6) / k(3) = 25375566337/13305849345 = 1.907; the pin 1.909 +- 0.05, the paper's 1.907
DETECTOR window (350, 500): k(6) / k(3) = 10509563062/5508649791 = 1.908; the pin 1.909 +- 0.05, the paper's 1.907

## fig_clock_k.py
NOT RUN: shell_clock/age_4 stopped at interval 236 of 500 after about 14 min of one core and 5.9 GB of events.jsonl (not a cheap world); control_4 ran in 1.3 s

## The host cost of the re-runs (wall seconds, one core each)
lensing/control rc=0 wall=12.897678022 s
lensing/mass rc=0 wall=17.462539661 s
atoms/hydrogen_r12 rc=0 wall=75.361873250 s
amplitude/mz_half rc=0 wall=.508756211 s
amplitude/mz_quarter rc=0 wall=.470960751 s
amplitude/slits_one rc=0 wall=1.256318747 s
amplitude/slits_low rc=0 wall=4.374255073 s
amplitude/bell_0_8 rc=0 wall=.466543971 s
amplitude/bell_0_24 rc=0 wall=.544472869 s
amplitude/bell_16_8 rc=0 wall=.472741113 s
amplitude/bell_16_24 rc=0 wall=.463555769 s
amplitude/bell_16_24_far rc=0 wall=.890702888 s
amplitude/malus_a rc=0 wall=.890981545 s
amplitude/malus_b rc=0 wall=.893416968 s
amplitude/malus_22_5 rc=0 wall=.929024474 s
amplitude/ghz_xxx rc=0 wall=.566528044 s
amplitude/ghz_xyy rc=0 wall=.459083798 s
amplitude/ghz_yxy rc=0 wall=.519880017 s
amplitude/ghz_yyx rc=0 wall=.523568654 s
amplitude/ghz_yyy rc=0 wall=.555941306 s
amplitude/bell_n512_0_192 rc=0 wall=1.607402487 s
amplitude/bell_n512_0_64 rc=0 wall=1.514962498 s
amplitude/bell_n512_128_192 rc=0 wall=1.601685688 s
amplitude/bell_n512_128_64 rc=0 wall=1.759401793 s
amplitude/bell_n2048_0_256 rc=0 wall=5.143594448 s
amplitude/bell_n2048_0_768 rc=0 wall=5.398090292 s
amplitude/bell_n2048_512_256 rc=0 wall=5.403629655 s
amplitude/bell_n2048_512_768 rc=0 wall=5.393546349 s
amplitude/bell_n4096_0_1536 rc=0 wall=10.793957757 s
amplitude/bell_n4096_0_512 rc=0 wall=10.495003655 s
amplitude/bell_n4096_1024_1536 rc=0 wall=10.602477741 s
lensing/heavy rc=0 wall=16.887985883 s
amplitude/bell_n4096_1024_512 rc=0 wall=10.106994703 s
lensing/near rc=0 wall=16.718506936 s
amplitude/bell_n8192_0_1024 rc=0 wall=22.746396388 s
amplitude/bell_n8192_0_3072 rc=0 wall=22.700567185 s
amplitude/bell_n8192_2048_1024 rc=0 wall=22.918322968 s
amplitude/bell_n8192_2048_3072 rc=0 wall=21.796313592 s
amplitude/bell_n16384_0_2048 rc=0 wall=58.055124160 s
amplitude/bell_n16384_0_6144 rc=0 wall=58.573178520 s
orbit_lamp/r12 rc=0 wall=16.868377973 s
orbit_lamp/r24 rc=0 wall=18.062510121 s
orbit_lamp/r12_control rc=0 wall=8.987968352 s
orbit_lamp/r24_control rc=0 wall=9.100199301 s
amplitude/bell_n16384_4096_2048 rc=0 wall=60.123444923 s
amplitude/bell_n16384_4096_6144 rc=0 wall=59.037232422 s
clock_word/age_3 rc=0 wall=1.679575914 s
clock_word/age_6 rc=0 wall=1.623215392 s
shell_clock/control_4 rc=0 wall=1.347758157 s
shell_clock/age_4 STOPPED at tick 236 of 500 after about 14 min of one core and 5.9 GB of events.jsonl: not a cheap world; its record deleted
