S(N) from the rungs on the tables' exact correlations E_1 = 46565/65773, E_2 = 46452/65773:
  N | S(N) exact | decimal | S - 2 sqrt 2 | E_N per settings pair (0,N/8), (0,3N/8), (N/4,N/8), (N/4,3N/8) | the counts of the first pair | (S - Poh) / sigma
  64 | 11/4 | 2.750000000 | -7.84e-02 | 11/16, -11/16, 11/16, 11/16 | [27, 5, 5, 27] | -152.14
  256 | 45/16 | 2.812500000 | -1.59e-02 | 45/64, -45/64, 45/64, 45/64 | [109, 19, 19, 109] | -29.59
  512 | 181/64 | 2.828125000 | -3.02e-04 | 91/128, -91/128, 45/64, 45/64 | [219, 37, 37, 219] | +1.05
  1024 | 181/64 | 2.828125000 | -3.02e-04 | 181/256, -181/256, 181/256, 181/256 | [437, 75, 75, 437] | +1.05
  2048 | 181/64 | 2.828125000 | -3.02e-04 | 181/256, -181/256, 181/256, 181/256 | [874, 150, 150, 874] | +1.05
  4096 | 181/64 | 2.828125000 | -3.02e-04 | 725/1024, -725/1024, 723/1024, 723/1024 | [1749, 299, 299, 1749] | +1.05
  8192 | 181/64 | 2.828125000 | -3.02e-04 | 725/1024, -725/1024, 723/1024, 723/1024 | [3498, 598, 598, 3498] | +1.05
  16384 | 5793/2048 | 2.828613281 | +1.86e-04 | 725/1024, -725/1024, 2893/4096, 2893/4096 | [6996, 1196, 1196, 6996] | +2.01
  32768 | 5793/2048 | 2.828613281 | +1.86e-04 | 725/1024, -725/1024, 2893/4096, 2893/4096 | [13992, 2392, 2392, 13992] | +2.01
  65536 | 11585/4096 | 2.828369141 | -5.80e-05 | 11599/16384, -11599/16384, 11571/16384, 11571/16384 | [27983, 4785, 4785, 27983] | +1.53
  131072 | 46341/16384 | 2.828430176 | +3.05e-06 | 23199/32768, -23199/32768, 11571/16384, 11571/16384 | [55967, 9569, 9569, 55967] | +1.65
  1048576 | 370727/131072 | 2.828422546 | -4.58e-06 | 185589/262144, -185589/262144, 92569/131072, 92569/131072 | [447733, 76555, 76555, 447733] | +1.63
  the limit N -> infinity: 2 (E_1 + E_2) = 186034/65773 = 2.828425038, below 2 sqrt 2 by 2.09e-06

Where the plateau ends: the plateau 181/64 needs round(N (1 + E_1) / 4) + round(N (1 + E_2) / 4) = 437 N / 512;
  N = 512: N (1 + E_1) / 4 = 218.620 -> 219, N (1 + E_2) / 4 = 218.400 -> 218; the sum 437 against 437 N / 512 = 437
  N = 8192: N (1 + E_1) / 4 = 3497.913 -> 3498, N (1 + E_2) / 4 = 3494.394 -> 3494; the sum 6992 against 437 N / 512 = 6992
  N = 16384: N (1 + E_1) / 4 = 6995.826 -> 6996, N (1 + E_2) / 4 = 6988.789 -> 6989; the sum 13985 against 437 N / 512 = 13984
  N = 65536: N (1 + E_1) / 4 = 27983.303 -> 27983, N (1 + E_2) / 4 = 27955.155 -> 27955; the sum 55938 against 437 N / 512 = 55936
  at N = 16384 both rungs round up (the fractional parts 0.83 and 0.79) and the sum exceeds 437 N / 512 by one: S leaves the plateau.
