1. THE DECLARED MOMENTUM AND THE ANALYTIC CIRCLE UNDER THE DIRECTIONAL DRIVE (GAMEBOARD, derived)
   the fan: 120 directions, q = 12.00 units per interval, L = 1.0000; A = q L C / (2 pi) = 1.90983 units of n per interval at r = 1 (the plane's 1 / r push)
   the pace on a heading v = 64 n / (64 S + 110 n) at S = 32; the circular condition n v = A: 64 n^2 = A (64 S + 110 n), n = 9.629; the declared whole n = 10 (640 label units per unit of content; today's rule gave n = 8.831 -> 9, 576)
   the pace at n = 10: 0.2033 Links per interval (beta = 0.349); at the real root 0.1983; the kept momentum 576 (n = 9) gives 0.1896 (the implementer's 0.1896)
   the analytic circle at r = 12: T = 2 pi r / v = 370.9 intervals at n = 10 (397.7 at the kept 576)
   the analytic circle at r = 24: T = 2 pi r / v = 741.7 intervals at n = 10 (795.3 at the kept 576)
   the ratio T(24) / T(12) = 2 exactly on the plane (the same v at every r); the kicks: 64 label units on 640: 5.7 degrees per ray, 74 shells per orbit at r = 24

2. THE CONTINUUM-MEAN ORBIT INTEGRATED WITH THE DECLARED n = 10 (GAMEBOARD, derived): the whole n above the circle's 9.629 makes a rosette, not a circle
   r = 12: the angular period T = 392 intervals; r from 12.0 to 13.0, the mean over the first turn 12.4; 10.12 turns in 4000 intervals; |n| at the end 9.99
      the closest approaches at t = 307, 614, 920, 1227, 1534, 1841 (r = 12.0, 12.0, 12.0, 12.0, 12.0, 12.0): the radial period 307, 307, 307, 307, 307; the angle between successive closest approaches 279.4, 279.5, 279.4, 279.5, 279.4 degrees, the precession per radial period -80.6, -80.5, -80.6, -80.5, -80.6 degrees (the 1 / r force's apsidal angle pi / sqrt 2 = 127.28: -105.44)
   r = 24: the angular period T = 784 intervals; r from 24.0 to 25.9, the mean over the first turn 24.8; 5.06 turns in 4000 intervals; |n| at the end 9.27
      the closest approaches at t = 614, 1227, 1841, 2455, 3068, 3682 (r = 24.0, 24.0, 24.0, 24.0, 24.0, 24.0): the radial period 614, 614, 614, 614, 614; the angle between successive closest approaches 279.4, 279.4, 279.4, 279.5, 279.4 degrees, the precession per radial period -80.6, -80.6, -80.6, -80.5, -80.6 degrees (the 1 / r force's apsidal angle pi / sqrt 2 = 127.28: -105.44)
   T(24) / T(12) = 2.000 (the plane's exponent 1: 2; space's 3 / 2: 2.83)

2b. WHY NOT -105.4: THE APSIDAL ANGLE DEPENDS ON THE PACE'S DEPENDENCE ON THE MOMENTUM (the integrator checked on the Newtonian pace)
   the Newtonian pace v = n / S (the plane's own law, row 58's -105.44): the precession per radial period -105.5, -105.5, -105.5 degrees; the pace's local exponent d ln v / d ln n = 1.000, the apsidal angle 127.3 degrees
   today's per-axis pace n / (S + n) at the registered n = 9: the precession per radial period -90.5, -90.5, -90.5 degrees; the pace's local exponent d ln v / d ln n = 0.780, the apsidal angle 134.8 degrees
   the directional drive's pace at n = 10: the precession per radial period -80.6, -80.6, -80.6 degrees; the pace's local exponent d ln v / d ln n = 0.651, the apsidal angle 139.7 degrees
   the integrator reproduces the plane's -105.4 under the Newtonian pace; under the cap the pace grows more slowly than the momentum (the local exponent 0.65 at n = 10, beta = 0.35), the radial oscillation is faster against the turning, and the apsidal angle is 139.7 degrees in place of 127.3: the restated pin for these worlds is -81 +- 15 degrees per radial period, the difference form B's, not the fan's

3. THE DETECTOR AT THE SOURCE: WHERE ITS CLICKS COME FROM (the detector's EXPECTED readings, derived)
   r = 12: of the 68 Nodes of the ring, 28 lie on a fan line through the source (the probe's ray toward the source exists there): a fraction 0.41; one shell every 10 intervals, so about 15 clicks per orbit of 37 shells
      each click's arrival direction is the probe's direction from the source reversed, and its age the flight 12 Links x 110 / 64 = 21 intervals on a heading: r = age x c per direction; the clicks' directions turn through 2 pi in T, the ages' minimum in the direction of the closest approach
   r = 24: of the 144 Nodes of the ring, 16 lie on a fan line through the source (the probe's ray toward the source exists there): a fraction 0.11; one shell every 10 intervals, so about 8 clicks per orbit of 74 shells
      each click's arrival direction is the probe's direction from the source reversed, and its age the flight 24 Links x 110 / 64 = 41 intervals on a heading: r = age x c per direction; the clicks' directions turn through 2 pi in T, the ages' minimum in the direction of the closest approach

4. THE PINS RESTATED FROM ROW 58 FOR THESE WORLDS, AND WHAT REFUTES THEM
   s32_r24_lamp: T = 784 intervals (the analytic 742; 21.5 wrote 795 at the kept 576), within the continuum's own margin of 9% (12b.2: the burst field and the fan's grain): 714 to 855; the mean radius 24.8 +- 1 (the extents 24.0 to 25.9); the precession per radial period -81 +- 15 degrees (row 58's -105 the Newtonian pace's; section 2b)
   s32_r12_lamp: T = 392 (371 analytic): 357 to 428; the mean radius 12.4 +- 1 (the extents 12.0 to 13.0); the precession -81 +- 15 degrees
   T(24) / T(12) = 2.00 +- 0.15 (the integrated 2.00)
   what refutes: a period outside its bracket (form B's pace, the first-order slowing of the cap); a ratio at 2.83 (space's exponent on the plane) or outside 2.00 +- 0.15; a precession outside -81 +- 15 degrees (-105 would be the Newtonian pace's, 0 a closed ellipse, the 1 / r^2 force's, not the plane's 1 / r); a closed return within one Link is a circle's criterion and is not expected
