Series O under covariant-readings-v1: the expected readings from the declared momenta.

[symmetric_pass]  Q S M = 282024732524544 (= 2^48.0028); the mass entry pass
  s_px1 at x = 70: p = +37139059427100 (0.13169 of Q S M); the law's pace 0.11636 Links per interval = 0.2000 c_h; E / c^2 = 289267832572046, gamma = E / (m c^2) = 1.02568; the identity's pace p c^2 / E = 0.12839 = 0.2207 c_h, beta = 0.2224 on c = 1 / sqrt 3
  s_mx1 at x = 130: p = -37139059427100 (0.13169 of Q S M); the law's pace 0.11636 Links per interval = 0.2000 c_h; E / c^2 = 289267832572046, gamma = E / (m c^2) = 1.02568; the identity's pace p c^2 / E = 0.12839 = 0.2207 c_h, beta = 0.2224 on c = 1 / sqrt 3
  A reads B: by the tool (per click tick) 1 + z = 0.6548, per A's own clock 0.6384
  B reads A: by the tool 0.6548, per B's own clock 0.6384
  the left lab reads A (receding): 1.2520; the right lab reads B: 1.2520 (a lab at rest: the tool's and its own clock's readings are one)
  nature at the same speeds (beta on c_h): the mutual 0.6384 for both; the labs (1 + beta) gamma: 1.2515 of A, 1.2515 of B
  the law as built at the law's own pace (0.200 c_h, 0.200 c_h): A reads B 0.6667, B reads A 0.6667, the labs 1.2000 and 1.2000 (DESIGN.md section 3 at the declared momenta; under gravity the speeds grow)
  the law's form at the identity's pace (no gamma anywhere): A reads B 0.6384, B reads A 0.6384
  the first contact without gravity: interval 234 under the identity (+-2, the two remainders), 258 under the law (section 7 measured 258)

[symmetric]  Q S M = 282024732524544 (= 2^48.0028); the mass entry read
  s_px1 at x = 70: p = +37139059427100 (0.13169 of Q S M); the law's pace 0.11636 Links per interval = 0.2000 c_h; E / c^2 = 289267832572046, gamma = E / (m c^2) = 1.02568; the identity's pace p c^2 / E = 0.12839 = 0.2207 c_h, beta = 0.2224 on c = 1 / sqrt 3
  s_mx1 at x = 130: p = -37139059427100 (0.13169 of Q S M); the law's pace 0.11636 Links per interval = 0.2000 c_h; E / c^2 = 289267832572046, gamma = E / (m c^2) = 1.02568; the identity's pace p c^2 / E = 0.12839 = 0.2207 c_h, beta = 0.2224 on c = 1 / sqrt 3
  A reads B: by the tool (per click tick) 1 + z = 0.6548, per A's own clock 0.6384
  B reads A: by the tool 0.6548, per B's own clock 0.6384
  the left lab reads A (receding): 1.2520; the right lab reads B: 1.2520 (a lab at rest: the tool's and its own clock's readings are one)
  nature at the same speeds (beta on c_h): the mutual 0.6384 for both; the labs (1 + beta) gamma: 1.2515 of A, 1.2515 of B
  the law as built at the law's own pace (0.200 c_h, 0.200 c_h): A reads B 0.6667, B reads A 0.6667, the labs 1.2000 and 1.2000 (DESIGN.md section 3 at the declared momenta; under gravity the speeds grow)
  the law's form at the identity's pace (no gamma anywhere): A reads B 0.6384, B reads A 0.6384
  the first contact without gravity: interval 234 under the identity (+-2, the two remainders), 258 under the law (section 7 measured 251 under gravity)

[rest_frame]  Q S M = 282024732524544 (= 2^48.0028); the mass entry read
  s_px1 at x = 70: p = +85543046832089 (0.30332 of Q S M); the law's pace 0.23273 Links per interval = 0.4000 c_h; E / c^2 = 318576189222439, gamma = E / (m c^2) = 1.12960; the identity's pace p c^2 / E = 0.26852 = 0.4615 c_h, beta = 0.4651 on c = 1 / sqrt 3
  s_mx1 at x = 130: p = +0 (0.00000 of Q S M); the law's pace 0.00000 Links per interval = 0.0000 c_h; E / c^2 = 282024732524544, gamma = E / (m c^2) = 1.00000; the identity's pace p c^2 / E = 0.00000 = 0.0000 c_h, beta = 0.0000 on c = 1 / sqrt 3
  A reads B: by the tool (per click tick) 1 + z = 0.6842, per A's own clock 0.6057
  B reads A: by the tool 0.6083, per B's own clock 0.6083
  the left lab reads A (receding): 1.6509; the right lab reads B: 1.0000 (a lab at rest: the tool's and its own clock's readings are one)
  nature at the same speeds (beta on c_h): the mutual 0.6070 for both; the labs (1 + beta) gamma: 1.6475 of A, 1.0000 of B
  the law as built at the law's own pace (0.400 c_h, 0.000 c_h): A reads B 0.7143, B reads A 0.6000, the labs 1.4000 and 1.0000 (DESIGN.md section 3 at the declared momenta; under gravity the speeds grow)
  the law's form at the identity's pace (no gamma anywhere): A reads B 0.6842, B reads A 0.5385
  the first contact without gravity: interval 224 under the identity (+-2, the two remainders), 258 under the law (section 7 measured 254 under gravity)

The G2 session's 0.7794 for the mover of rest_frame, against the identity:
  the law's mover reading at its pace 0.7143; times gamma 0.7793; over gamma 0.6547;
  the identity's: by the tool 0.6842 (B at rest emits per interval; A's clicks per tick the crossing rate), per A's own clock 0.6057: none is 0.7794

The momenta that would keep the design's speeds under the identity (p c^2 / E = v, so
p = Q S M v / sqrt(1 - 3 v^2), rounded), beside the declared ones (the pin is on the
registered worlds, M2's rule):
  0.2 c_h: p = 33504989557488 (p c^2 / E = 0.11636 = 0.2000 c_h)
  0.4 c_h: p = 71719693608158 (p c^2 / E = 0.23273 = 0.4000 c_h)
