(A) Form B as built, M = 64, S = 1 (Q S M = 4096).
  M1: a body at |p|_1 = 6000 on the line (3, 1, 2) for 200 intervals, then the same
      |p|_1 on the heading (1, 0, 0):
      the residue after 200 intervals 2374368 of the line's wall 4056864 (0.585 Link on the line); read on the heading's wall 922144: 2.575 Links, the ratio of the walls 4.399
      the Links on the heading in the next 12 intervals: x x x x . x . . x . x . (7 of 12; the pace earned there 0.416)
  M1b: a body on the line (1, 64, 0) (|p|_1 = 6500) until its x deficit reaches 30,
       then the momentum (0, 6500, 0), purely along +y:
       the switch at interval 71, the deficits [30, -30, 0]
       the Links after the switch: [-30, 0, 0] before the first y Link, which comes at interval 31: -30 Links on -x for a momentum with no x component (the deficit's sign rule gives -1 on an axis D lacks)

(B) The correction (c): three accumulators, one wall Q^2 S M + |p|_1 T_h.
  The reviewer's pin 1: a constant |p|_1 = 6000 with a wandering direction (the
  components cycling every 50 intervals through (6000, 0, 0), (3000, 1000, 2000),
  (0, 6000, 0), (2000, 2000, 2000), (-3000, -1000, 2000)); the Links on every axis
  against floor(sum_t p_a(t) Q / wall) at every n over 1000 intervals:
  the wall 922144 (constant: |p|_1 constant); the correction's Links per axis [112, 112, 83],
  the exact whole parts [111, 111, 83]: the largest deviation at any n 2 Link
  form B as built on the same momenta: [113, 131, 104] Links, 348 in all against the distance driven 512.60: the largest deviation at any n 165.03 Links
  The reviewer's pin 2: a one-interval hand-over transient, p = (1000, 0, 0) with
  (1000, -500, 0) at one interval and (1000, 0, 0) again:
  the y accumulator after the transient -32000 of the wall 372144 (-0.0860 Link, kept as the residue; no Link on y in the following 100 intervals: True); the x accumulator unaffected beyond the wall's change for that interval (73552 -> 137552)
  The pin 2 on form B as built: the same transient reads the line (2, -1, 0) for one
  interval, the residue re-read twice:
  the residue 73552 (0.1976 Link on the heading) read on the line's wall 1156932: 0.0636 Link; after the interval 361552 (0.3125 of the line, then 0.9715 of the heading): the distance the body holds changed by +0.6019 Link beyond what the interval earned

(C) The pace on three directions (Euclidean, in units of the rows' 64 / 110 on a
    heading), p = k Q S M along D, form B against the correction:
  p / (Q S M) | D | form B | correction (c)
  0.0625      | (1,0,0) 0.097 0.097 | (1,1,0) 0.097 0.093 | (1,1,1) 0.097 0.091
  0.25        | (1,0,0) 0.301 0.301 | (1,1,0) 0.300 0.267 | (1,1,1) 0.300 0.246
  1           | (1,0,0) 0.632 0.632 | (1,1,0) 0.631 0.501 | (1,1,1) 0.629 0.432
  3           | (1,0,0) 0.838 0.838 | (1,1,0) 0.836 0.622 | (1,1,1) 0.832 0.519
  9           | (1,0,0) 0.939 0.939 | (1,1,0) 0.937 0.676 | (1,1,1) 0.933 0.557
  The cap over every primitive direction within 8 (the limit |p| -> infinity): the
  correction's Euclidean pace |D| Q / (S_1 T_h) against the rows' |D| Q / T_D on the line:
  4034 directions: the body's cap over the row's at most 1.0000 (equality on the 6 headings), the smallest 0.5774 of the heading's on the cube diagonal
