== order_a0_b0: model beam-order-a0_b0-v1, source sha256 d537d4435b921895446b6ea36574b9c8d7b699ca028194c6ab8e344af9c2410e, world sha256 4a61939a97d70ea7082b2dfed041aa0d026efff7ffe0ae64102451649c2cc716, 212 of 212 intervals, status completed
   DETECTOR: births analysed 192, the ordinals 1 .. 192, the first wheel value u = 0
   DETECTOR: u = (ordinal - 1) mod 64 on every analysed record: yes
   DETECTOR: Alice + exactly for u < 32 (Theorem 5): yes
   DETECTOR: Alice's settings read at alice_plus: the values [0], the period 1, the first three [0, 0, 0]; Bob's window the world's integer 0
   DETECTOR: Bob's sequence, the first turn of the wheel: ++++++++++++++++++++++++++++++++--------------------------------
   DETECTOR: Bob's marginal 96 / 96; Alice's marginal 96 / 96; same-sign pairs 192 of 192
   DETECTOR: Bob's serial correlation at lag 1 = 15/16 cyclic (181/191 open, unpinned); Alice's 15/16 cyclic (181/191 open)
   MATCH against the algebra: Bob's serial correlation at lag 1: read 15/16, pinned 15/16
   MATCH against the algebra: Bob's marginal: read (96, 96), pinned (96, 96)
   MATCH against the algebra: Alice's marginal: read (96, 96), pinned (96, 96)
   MATCH against the algebra: Alice's serial correlation at lag 1: read 15/16, pinned 15/16
   MATCH against the algebra: same-sign pairs: read 192, pinned 192
   MATCH against the algebra: Alice's settings, the cycle: read [0], pinned [0]
   MATCH against the algebra: Alice's settings, the period: read 1, pinned 1
   MATCH against the algebra: the wheel and Theorem 5: read (True, True), pinned (True, True)
   FAIL against nature: Bob's serial correlation at lag 1 read 15/16, nature 0 (no signalling in the order)
== order_a0_21_42_b0: model beam-order-a0_21_42_b0-v1, source sha256 d537d4435b921895446b6ea36574b9c8d7b699ca028194c6ab8e344af9c2410e, world sha256 b5dbfb48c76a5fb5a24dfffd8db984ec597239ecbcd77aaeb3164c3a07824df7, 220 of 220 intervals, status completed
   DETECTOR: births analysed 192, the ordinals 7 .. 198, the first wheel value u = 6
   DETECTOR: u = (ordinal - 1) mod 64 on every analysed record: yes
   DETECTOR: Alice + exactly for u < 32 (Theorem 5): yes
   DETECTOR: Alice's settings read at alice_plus: the values [0, 21, 42], the period 3, the first three [0, 21, 42]; Bob's window the world's integer 0
   DETECTOR: Bob's sequence, the first turn of the wheel: ++-+--+--+--+--+--+--+--+-+-++-++-++-++-++-++-++-++-------++++++
   DETECTOR: Bob's marginal 96 / 96; Alice's marginal 96 / 96; same-sign pairs 94 of 192
   DETECTOR: Bob's serial correlation at lag 1 = -1/16 cyclic (-13/191 open, unpinned); Alice's 15/16 cyclic (179/191 open)
   MATCH against the algebra: Bob's serial correlation at lag 1: read -1/16, pinned -1/16
   MATCH against the algebra: Bob's marginal: read (96, 96), pinned (96, 96)
   MATCH against the algebra: Alice's marginal: read (96, 96), pinned (96, 96)
   MATCH against the algebra: Alice's serial correlation at lag 1: read 15/16, pinned 15/16
   MATCH against the algebra: same-sign pairs: read 94, pinned 94
   MATCH against the algebra: Alice's settings, the cycle: read [0, 21, 42], pinned [0, 21, 42]
   MATCH against the algebra: Alice's settings, the period: read 3, pinned 3
   MATCH against the algebra: the wheel and Theorem 5: read (True, True), pinned (True, True)
   FAIL against nature: Bob's serial correlation at lag 1 read -1/16, nature 0 (no signalling in the order)
== 2 of 2 runs match every pin
