slits_huygens: phase_per_link 8591334592/1073741824; the lamp at (2, 60) on 5 directions, the wheel [2531, 4096]; the openings [(8, 55), (8, 65)] on 1327 directions each, the angle weights 123 .. 5619, A = sum a^2 = 714364777; the fan rows' multiplicity 5 x A = 3571823885; the walls 222 Nodes
  the lamp's row (1, 0) ends at the wall (7, 60) (measured 223) at the age 8, the click's phase 4
  the lamp's row (1, 1) reaches the opening (8, 65) at the age 13, the leg's whole phase 40
  the lamp's row (1, -1) reaches the opening (8, 55) at the age 13, the leg's whole phase 40
  the lamp's row (2, 1) ends at the wall (7, 62) (measured 224) at the age 9, the click's phase 8
  the lamp's row (2, -1) ends at the wall (7, 58) (measured 222) at the age 9, the click's phase 8
  fan rows 2654 (0 blocked, expected 0), wall rows 3

1. THE FIRST RECORD (u = 0) UNDER THE EXACT PHASE, a computation: the total 2.7879 of the birth norm; the shares wall 0.215 / screen 0.418 / faces 0.367 (the register's screen share under the exact phase 0.418; the 2026-09-20 pin under the BUILT phase, history: 2.677 and 0.224 / 0.410 / 0.366)
   the screen weights under the exact phase: Pearson with the two-source cosine 0.893; the visibility (mean bright - mean dark) / (mean bright + mean dark) 0.966; the peak at y = 59 at 0.01260 of the total (the register's 0.012 under the exact phase; under the BUILT phase of 2026-09-20, history: Pearson 0.895, visibility 0.954, the peak y = 59 at 0.01204)

2. THE FIRST 64 BIRTHS UNDER THE GOLDEN WHEEL AND THE EXACT PHASE, a computation: wall 14 (5, 5, 4), screen 27 on 27 pixels [7, 27, 30, 34, 35, 38, 39, 41, 42, 51, 54, 57, 59, 60, 62, 63, 64, 66, 77, 78, 81, 83, 85, 88, 90, 98, 114], faces 23 (11, 12); the register's totals for the run of 2026-09-21: wall 14, screen 27, faces 23, reproduced: True; the pixel list of the 2026-09-20 run under the BUILT phase and the wheel [1, 64], history: [2, 25, 31, 33, 35, 37, 39, 41, 43, 47, 56, 57, 59, 60, 61, 63, 64, 74, 77, 79, 81, 83, 85, 87, 89, 97, 119]

3. THE 4096 BIRTHS UNDER THE GOLDEN WHEEL AND THE EXACT PHASE, a computation: wall 882, screen 1711 on 107 pixels, faces 1503 (751, 752); registered wall 882, screen 1711 on 107, faces 1503
   the counts y = 40 .. 80: 29 41 28 27 19 15 8 6 3 0 1 5 7 15 18 20 36 45 51 51 49 51 51 45 36 20 18 15 7 5 1 0 3 6 9 14 19 26 29 42 28
   registered:              29 41 28 27 19 15 8 6 3 0 1 5 7 15 18 20 36 45 51 51 49 51 51 45 36 20 18 15 7 5 1 0 3 6 9 14 19 26 29 42 28
   equal on y = 40 .. 80: True
   the bright pixels [41, 19, 42, 38, 51, 49, 51, 39, 42, 20, 40] (registered [41, 19, 42, 38, 51, 49, 51, 39, 42, 20, 40]); the dark [3, 1, 0, 0, 0, 0, 0, 0, 3, 0, 1, 1, 0, 3, 0, 0, 0, 0, 0, 1, 0, 2] (registered [3, 1, 0, 0, 0, 0, 0, 0, 3, 0, 1, 1, 0, 3, 0, 0, 0, 0, 0, 1, 0, 2])
   Pearson(counts, cosine) 0.891 (registered 0.891); THE VISIBILITY OF THE CLICKS 0.9659 (registered 0.966)
   every screen pixel's count: [3, 5, 4, 3, 4, 4, 3, 2, 2, 2, 3, 4, 8, 3, 1, 0, 0, 0, 0, 0, 0, 9, 7, 1, 4, 7, 4, 9, 12, 11, 16, 21, 23, 27, 25, 41, 19, 42, 38, 39, 29, 41, 28, 27, 19, 15, 8, 6, 3, 0, 1, 5, 7, 15, 18, 20, 36, 45, 51, 51, 49, 51, 51, 45, 36, 20, 18, 15, 7, 5, 1, 0, 3, 6, 9, 14, 19, 26, 29, 42, 28, 38, 39, 42, 20, 40, 26, 25, 24, 22, 15, 12, 11, 10, 3, 7, 4, 1, 8, 8, 0, 0, 0, 0, 0, 1, 0, 2, 9, 4, 3, 1, 3, 3, 2, 4, 3, 4, 3, 6, 3]
   the wall cells [294, 295, 293], the faces (751, 752)
   against the first record's rungs (the expected counts): the worst cell off by 2 (registered: within 2)

   THE COMPUTATION REPRODUCES THE REGISTERED RUN OF 2026-09-21: True

THE PIN FOR THIS WORLD'S FAN (the algebra's, before the run at head): the clicks' visibility over the named bright and dark pixels 0.9659, the counts per cell as printed above, bit for bit (the ladder is deterministic: the same 4096 u on the same 64 ladders); the criterion of NATURE row 2a: FAIL against the measured 0.98 (Grangier, Roger and Aspect 1986) and the ideal 1 by the algebra itself, 0.014 below the measured and 0.034 below the ideal; the run at head confirms the integers or refutes the closed form (a count off its pinned cell by more than the rungs' own width, one click).
